stm32l4xx_hal_dma.c:169:19:HAL_DMA_Init	12	static
stm32l4xx_hal_dma.c:317:19:HAL_DMA_DeInit	12	static
stm32l4xx_hal_dma.c:447:19:HAL_DMA_Start	20	static
stm32l4xx_hal_dma.c:490:19:HAL_DMA_Start_IT	16	static
stm32l4xx_hal_dma.c:563:19:HAL_DMA_Abort	8	static
stm32l4xx_hal_dma.c:618:19:HAL_DMA_Abort_IT	24	static
stm32l4xx_hal_dma.c:685:19:HAL_DMA_PollForTransfer	32	static
stm32l4xx_hal_dma.c:815:6:HAL_DMA_IRQHandler	12	static
stm32l4xx_hal_dma.c:905:19:HAL_DMA_RegisterCallback	4	static
stm32l4xx_hal_dma.c:956:19:HAL_DMA_UnRegisterCallback	0	static
stm32l4xx_hal_dma.c:1034:22:HAL_DMA_GetState	0	static
stm32l4xx_hal_dma.c:1046:10:HAL_DMA_GetError	0	static
