stm32l4xx_hal.c:223:13:HAL_MspInit	0	static
stm32l4xx_hal.c:234:13:HAL_MspDeInit	0	static
stm32l4xx_hal.c:194:19:HAL_DeInit	8	static
stm32l4xx_hal.c:257:26:HAL_InitTick	8	static
stm32l4xx_hal.c:157:19:HAL_Init	8	static
stm32l4xx_hal.c:302:13:HAL_IncTick	0	static
stm32l4xx_hal.c:313:17:HAL_GetTick	0	static
stm32l4xx_hal.c:329:13:HAL_Delay	16	static
stm32l4xx_hal.c:355:13:HAL_SuspendTick	0	static
stm32l4xx_hal.c:371:13:HAL_ResumeTick	0	static
stm32l4xx_hal.c:381:10:HAL_GetHalVersion	0	static
stm32l4xx_hal.c:390:10:HAL_GetREVID	0	static
stm32l4xx_hal.c:399:10:HAL_GetDEVID	0	static
stm32l4xx_hal.c:408:10:HAL_GetUIDw0	0	static
stm32l4xx_hal.c:417:10:HAL_GetUIDw1	0	static
stm32l4xx_hal.c:426:10:HAL_GetUIDw2	0	static
stm32l4xx_hal.c:455:6:HAL_DBGMCU_EnableDBGSleepMode	0	static
stm32l4xx_hal.c:464:6:HAL_DBGMCU_DisableDBGSleepMode	0	static
stm32l4xx_hal.c:473:6:HAL_DBGMCU_EnableDBGStopMode	0	static
stm32l4xx_hal.c:482:6:HAL_DBGMCU_DisableDBGStopMode	0	static
stm32l4xx_hal.c:491:6:HAL_DBGMCU_EnableDBGStandbyMode	0	static
stm32l4xx_hal.c:500:6:HAL_DBGMCU_DisableDBGStandbyMode	0	static
stm32l4xx_hal.c:533:6:HAL_SYSCFG_SRAM2Erase	4	static
stm32l4xx_hal.c:552:6:HAL_SYSCFG_EnableMemorySwappingBank	0	static
stm32l4xx_hal.c:567:6:HAL_SYSCFG_DisableMemorySwappingBank	0	static
stm32l4xx_hal.c:584:6:HAL_SYSCFG_VREFBUF_VoltageScalingConfig	0	static
stm32l4xx_hal.c:600:6:HAL_SYSCFG_VREFBUF_HighImpedanceConfig	0	static
stm32l4xx_hal.c:612:6:HAL_SYSCFG_VREFBUF_TrimmingConfig	0	static
stm32l4xx_hal.c:624:19:HAL_SYSCFG_EnableVREFBUF	16	static
stm32l4xx_hal.c:650:6:HAL_SYSCFG_DisableVREFBUF	0	static
stm32l4xx_hal.c:661:6:HAL_SYSCFG_EnableIOAnalogSwitchBooster	0	static
stm32l4xx_hal.c:671:6:HAL_SYSCFG_DisableIOAnalogSwitchBooster	0	static
