stm32l4xx_hal_adc_ex.c:146:19:HAL_ADCEx_Calibration_Start	16	static
stm32l4xx_hal_adc_ex.c:225:10:HAL_ADCEx_Calibration_GetValue	0	static
stm32l4xx_hal_adc_ex.c:252:19:HAL_ADCEx_Calibration_SetValue	8	static
stm32l4xx_hal_adc_ex.c:308:19:HAL_ADCEx_InjectedStart	16	static
stm32l4xx_hal_adc_ex.c:439:19:HAL_ADCEx_InjectedStop	8	static
stm32l4xx_hal_adc_ex.c:494:19:HAL_ADCEx_InjectedPollForConversion	24	static
stm32l4xx_hal_adc_ex.c:615:19:HAL_ADCEx_InjectedStart_IT	8	static
stm32l4xx_hal_adc_ex.c:768:19:HAL_ADCEx_InjectedStop_IT	8	static
stm32l4xx_hal_adc_ex.c:835:19:HAL_ADCEx_MultiModeStart_DMA	128	static
stm32l4xx_hal_adc_ex.c:950:19:HAL_ADCEx_MultiModeStop_DMA	120	static
stm32l4xx_hal_adc_ex.c:1056:10:HAL_ADCEx_MultiModeGetValue	0	static
stm32l4xx_hal_adc_ex.c:1099:10:HAL_ADCEx_InjectedGetValue	0	static
stm32l4xx_hal_adc_ex.c:1134:13:HAL_ADCEx_InjectedConvCpltCallback	0	static
stm32l4xx_hal_adc_ex.c:1153:13:HAL_ADCEx_InjectedQueueOverflowCallback	0	static
stm32l4xx_hal_adc_ex.c:1168:13:HAL_ADCEx_LevelOutOfWindow2Callback	0	static
stm32l4xx_hal_adc_ex.c:1183:13:HAL_ADCEx_LevelOutOfWindow3Callback	0	static
stm32l4xx_hal_adc_ex.c:1199:13:HAL_ADCEx_EndOfSamplingCallback	0	static
stm32l4xx_hal_adc_ex.c:1216:19:HAL_ADCEx_RegularStop	8	static
stm32l4xx_hal_adc_ex.c:1274:19:HAL_ADCEx_RegularStop_IT	8	static
stm32l4xx_hal_adc_ex.c:1334:19:HAL_ADCEx_RegularStop_DMA	16	static
stm32l4xx_hal_adc_ex.c:1421:19:HAL_ADCEx_RegularMultiModeStop_DMA	120	static
stm32l4xx_hal_adc_ex.c:1590:19:HAL_ADCEx_InjectedConfigChannel	24	static,ignoring_inline_asm
stm32l4xx_hal_adc_ex.c:2027:19:HAL_ADCEx_MultiModeConfigChannel	16	static
stm32l4xx_hal_adc_ex.c:2140:19:HAL_ADCEx_EnableInjectedQueue	0	static
stm32l4xx_hal_adc_ex.c:2167:19:HAL_ADCEx_DisableInjectedQueue	0	static
stm32l4xx_hal_adc_ex.c:2190:19:HAL_ADCEx_DisableVoltageRegulator	0	static
stm32l4xx_hal_adc_ex.c:2220:19:HAL_ADCEx_EnterADCDeepPowerDownMode	0	static
