stm32l4xx_hal_adc.c:804:13:HAL_ADC_MspInit	0	static
stm32l4xx_hal_adc.c:353:19:HAL_ADC_Init	24	static
stm32l4xx_hal_adc.c:821:13:HAL_ADC_MspDeInit	0	static
stm32l4xx_hal_adc.c:1035:19:HAL_ADC_PollForConversion	24	static
stm32l4xx_hal_adc.c:1185:19:HAL_ADC_PollForEvent	24	static
stm32l4xx_hal_adc.c:1761:10:HAL_ADC_GetValue	0	static
stm32l4xx_hal_adc.c:2088:13:HAL_ADC_ConvCpltCallback	0	static
stm32l4xx_hal_adc.c:2103:13:HAL_ADC_ConvHalfCpltCallback	0	static
stm32l4xx_hal_adc.c:3030:6:ADC_DMAHalfConvCplt	8	static
stm32l4xx_hal_adc.c:2118:13:HAL_ADC_LevelOutOfWindowCallback	0	static
stm32l4xx_hal_adc.c:2140:13:HAL_ADC_ErrorCallback	0	static
stm32l4xx_hal_adc.c:1778:6:HAL_ADC_IRQHandler	16	static
stm32l4xx_hal_adc.c:2960:6:ADC_DMAConvCplt	8	static
stm32l4xx_hal_adc.c:3044:6:ADC_DMAError	8	static
stm32l4xx_hal_adc.c:2186:19:HAL_ADC_ConfigChannel	32	static,ignoring_inline_asm
stm32l4xx_hal_adc.c:2432:19:HAL_ADC_AnalogWDGConfig	16	static,ignoring_inline_asm
stm32l4xx_hal_adc.c:2663:10:HAL_ADC_GetState	0	static
stm32l4xx_hal_adc.c:2677:10:HAL_ADC_GetError	0	static
stm32l4xx_hal_adc.c:2707:19:ADC_ConversionStop	16	static
stm32l4xx_hal_adc.c:2827:19:ADC_Enable	24	static
stm32l4xx_hal_adc.c:866:19:HAL_ADC_Start	16	static
stm32l4xx_hal_adc.c:1329:19:HAL_ADC_Start_IT	16	static
stm32l4xx_hal_adc.c:1553:19:HAL_ADC_Start_DMA	24	static
stm32l4xx_hal_adc.c:2905:19:ADC_Disable	16	static
stm32l4xx_hal_adc.c:625:19:HAL_ADC_DeInit	24	static
stm32l4xx_hal_adc.c:981:19:HAL_ADC_Stop	8	static
stm32l4xx_hal_adc.c:1500:19:HAL_ADC_Stop_IT	8	static
stm32l4xx_hal_adc.c:1679:19:HAL_ADC_Stop_DMA	16	static
