stm32l4xx_hal_uart.c:3087:13:UART_TxISR_16BIT	0	static
stm32l4xx_hal_uart.c:3055:13:UART_TxISR_8BIT	0	static
stm32l4xx_hal_uart.c:569:13:HAL_UART_MspInit	0	static
stm32l4xx_hal_uart.c:584:13:HAL_UART_MspDeInit	0	static
stm32l4xx_hal_uart.c:531:19:HAL_UART_DeInit	16	static
stm32l4xx_hal_uart.c:833:19:HAL_UART_Transmit_IT	8	static
stm32l4xx_hal_uart.c:913:19:HAL_UART_Receive_IT	4	static
stm32l4xx_hal_uart.c:1000:19:HAL_UART_Transmit_DMA	16	static
stm32l4xx_hal_uart.c:1062:19:HAL_UART_Receive_DMA	16	static
stm32l4xx_hal_uart.c:1122:19:HAL_UART_DMAPause	0	static
stm32l4xx_hal_uart.c:1155:19:HAL_UART_DMAResume	0	static
stm32l4xx_hal_uart.c:1189:19:HAL_UART_DMAStop	8	static
stm32l4xx_hal_uart.c:1243:19:HAL_UART_Abort	16	static
stm32l4xx_hal_uart.c:1325:19:HAL_UART_AbortTransmit	8	static
stm32l4xx_hal_uart.c:1379:19:HAL_UART_AbortReceive	8	static
stm32l4xx_hal_uart.c:1937:13:HAL_UART_TxCpltCallback	0	static
stm32l4xx_hal_uart.c:2777:13:UART_DMATransmitCplt	8	static
stm32l4xx_hal_uart.c:1952:13:HAL_UART_TxHalfCpltCallback	0	static
stm32l4xx_hal_uart.c:2805:13:UART_DMATxHalfCplt	8	static
stm32l4xx_hal_uart.c:1967:13:HAL_UART_RxCpltCallback	0	static
stm32l4xx_hal_uart.c:3216:13:UART_RxISR_8BIT	16	static
stm32l4xx_hal_uart.c:3262:13:UART_RxISR_16BIT	16	static
stm32l4xx_hal_uart.c:2817:13:UART_DMAReceiveCplt	8	static
stm32l4xx_hal_uart.c:1982:13:HAL_UART_RxHalfCpltCallback	0	static
stm32l4xx_hal_uart.c:2846:13:UART_DMARxHalfCplt	8	static
stm32l4xx_hal_uart.c:1997:13:HAL_UART_ErrorCallback	0	static
stm32l4xx_hal_uart.c:2858:13:UART_DMAError	8	static
stm32l4xx_hal_uart.c:1737:6:HAL_UART_IRQHandler	16	static
stm32l4xx_hal_uart.c:2888:13:UART_DMAAbortOnError	8	static
stm32l4xx_hal_uart.c:2012:13:HAL_UART_AbortCpltCallback	0	static
stm32l4xx_hal_uart.c:1434:19:HAL_UART_Abort_IT	8	static
stm32l4xx_hal_uart.c:2955:13:UART_DMARxAbortCallback	8	static
stm32l4xx_hal_uart.c:2905:13:UART_DMATxAbortCallback	16	static
stm32l4xx_hal_uart.c:2027:13:HAL_UART_AbortTransmitCpltCallback	0	static
stm32l4xx_hal_uart.c:1578:19:HAL_UART_AbortTransmit_IT	8	static
stm32l4xx_hal_uart.c:3000:13:UART_DMATxOnlyAbortCallback	8	static
stm32l4xx_hal_uart.c:2042:13:HAL_UART_AbortReceiveCpltCallback	0	static
stm32l4xx_hal_uart.c:1661:19:HAL_UART_AbortReceive_IT	16	static
stm32l4xx_hal_uart.c:3029:13:UART_DMARxOnlyAbortCallback	8	static
stm32l4xx_hal_uart.c:2128:6:HAL_MultiProcessor_EnterMuteMode	0	static
stm32l4xx_hal_uart.c:2138:19:HAL_HalfDuplex_EnableTransmitter	8	static
stm32l4xx_hal_uart.c:2163:19:HAL_HalfDuplex_EnableReceiver	8	static
stm32l4xx_hal_uart.c:2189:19:HAL_LIN_SendBreak	4	static
stm32l4xx_hal_uart.c:2236:23:HAL_UART_GetState	0	static
stm32l4xx_hal_uart.c:2251:10:HAL_UART_GetError	0	static
stm32l4xx_hal_uart.c:2272:19:UART_SetConfig	24	static
stm32l4xx_hal_uart.c:2574:6:UART_AdvFeatureConfig	4	static
stm32l4xx_hal_uart.c:2698:19:UART_WaitOnFlagUntilTimeout	32	static
stm32l4xx_hal_uart.c:687:19:HAL_UART_Transmit	40	static
stm32l4xx_hal_uart.c:762:19:HAL_UART_Receive	40	static
stm32l4xx_hal_uart.c:2648:19:UART_CheckIdleState	24	static
stm32l4xx_hal_uart.c:254:19:HAL_UART_Init	8	static
stm32l4xx_hal_uart.c:317:19:HAL_HalfDuplex_Init	8	static
stm32l4xx_hal_uart.c:380:19:HAL_LIN_Init	16	static
stm32l4xx_hal_uart.c:467:19:HAL_MultiProcessor_Init	16	static
stm32l4xx_hal_uart.c:2086:19:HAL_MultiProcessor_EnableMuteMode	8	static
stm32l4xx_hal_uart.c:2107:19:HAL_MultiProcessor_DisableMuteMode	8	static
