stm32l4xx_ll_usb.c:122:19:USB_CoreInit	16	static
stm32l4xx_ll_usb.c:145:19:USB_EnableGlobalInt	0	static
stm32l4xx_ll_usb.c:158:19:USB_DisableGlobalInt	0	static
stm32l4xx_ll_usb.c:174:19:USB_SetCurrentMode	8	static
stm32l4xx_ll_usb.c:199:19:USB_DevInit	24	static
stm32l4xx_ll_usb.c:316:19:USB_FlushTxFifo	0	static
stm32l4xx_ll_usb.c:340:19:USB_FlushRxFifo	0	static
stm32l4xx_ll_usb.c:370:19:USB_SetDevSpeed	0	static
stm32l4xx_ll_usb.c:385:9:USB_GetDevSpeed	0	static
stm32l4xx_ll_usb.c:412:19:USB_ActivateEndpoint	12	static
stm32l4xx_ll_usb.c:443:19:USB_ActivateDedicatedEndpoint	16	static
stm32l4xx_ll_usb.c:486:19:USB_DeactivateEndpoint	4	static
stm32l4xx_ll_usb.c:510:19:USB_DeactivateDedicatedEndpoint	4	static
stm32l4xx_ll_usb.c:536:19:USB_EPStartXfer	32	static
stm32l4xx_ll_usb.c:645:19:USB_EP0StartXfer	16	static
stm32l4xx_ll_usb.c:725:19:USB_WritePacket	4	static
stm32l4xx_ll_usb.c:753:7:USB_ReadPacket	12	static
stm32l4xx_ll_usb.c:772:19:USB_EPSetStall	0	static
stm32l4xx_ll_usb.c:800:19:USB_EPClearStall	0	static
stm32l4xx_ll_usb.c:826:19:USB_StopDevice	4	static
stm32l4xx_ll_usb.c:857:20:USB_SetDevAddress	0	static
stm32l4xx_ll_usb.c:870:20:USB_DevConnect	8	static
stm32l4xx_ll_usb.c:883:20:USB_DevDisconnect	8	static
stm32l4xx_ll_usb.c:896:11:USB_ReadInterrupts	0	static
stm32l4xx_ll_usb.c:910:10:USB_ReadDevAllOutEpInterrupt	0	static
stm32l4xx_ll_usb.c:923:10:USB_ReadDevAllInEpInterrupt	0	static
stm32l4xx_ll_usb.c:938:10:USB_ReadDevOutEPInterrupt	0	static
stm32l4xx_ll_usb.c:953:10:USB_ReadDevInEPInterrupt	4	static
stm32l4xx_ll_usb.c:970:7:USB_ClearInterrupts	0	static
stm32l4xx_ll_usb.c:983:10:USB_GetMode	0	static
stm32l4xx_ll_usb.c:994:20:USB_ActivateSetup	0	static
stm32l4xx_ll_usb.c:1019:19:USB_EP0_OutStart	0	static
stm32l4xx_ll_usb.c:1040:19:USB_HostInit	16	static
stm32l4xx_ll_usb.c:1109:19:USB_InitFSLSPClkSel	0	static
stm32l4xx_ll_usb.c:1132:19:USB_ResetPort	24	static
stm32l4xx_ll_usb.c:1155:19:USB_DriveVbus	8	static
stm32l4xx_ll_usb.c:1183:10:USB_GetHostSpeed	8	static
stm32l4xx_ll_usb.c:1196:10:USB_GetCurrentFrame	0	static
stm32l4xx_ll_usb.c:1225:19:USB_HC_Init	24	static
stm32l4xx_ll_usb.c:1323:19:USB_HC_StartXfer	48	static
stm32l4xx_ll_usb.c:1420:10:USB_HC_ReadInterrupt	16	static
stm32l4xx_ll_usb.c:1432:19:USB_HC_Halt	24	static
stm32l4xx_ll_usb.c:1494:19:USB_DoPing	24	static
stm32l4xx_ll_usb.c:1516:19:USB_StopHost	32	static
stm32l4xx_ll_usb.c:1570:19:USB_ActivateRemoteWakeup	16	static
stm32l4xx_ll_usb.c:1585:19:USB_DeActivateRemoteWakeup	16	static
stm32l4xx_ll_usb.c:2349:26:USB_CoreReset	24	static
