stm32l4xx_hal_dfsdm.c:2839:13:DFSDM_RegConvStart	0	static
stm32l4xx_hal_dfsdm.c:2880:13:DFSDM_RegConvStop	0	static
stm32l4xx_hal_dfsdm.c:2916:13:DFSDM_InjConvStart	4	static
stm32l4xx_hal_dfsdm.c:2960:13:DFSDM_InjConvStop	4	static
stm32l4xx_hal_dfsdm.c:2789:17:DFSDM_GetChannelFromInstance	0	static
stm32l4xx_hal_dfsdm.c:420:13:HAL_DFSDM_ChannelMspInit	0	static
stm32l4xx_hal_dfsdm.c:280:19:HAL_DFSDM_ChannelInit	24	static
stm32l4xx_hal_dfsdm.c:435:13:HAL_DFSDM_ChannelMspDeInit	0	static
stm32l4xx_hal_dfsdm.c:374:19:HAL_DFSDM_ChannelDeInit	16	static
stm32l4xx_hal_dfsdm.c:474:19:HAL_DFSDM_ChannelCkabStart	24	static
stm32l4xx_hal_dfsdm.c:527:19:HAL_DFSDM_ChannelPollForCkab	24	static
stm32l4xx_hal_dfsdm.c:577:19:HAL_DFSDM_ChannelCkabStop	8	static
stm32l4xx_hal_dfsdm.c:613:19:HAL_DFSDM_ChannelCkabStart_IT	24	static
stm32l4xx_hal_dfsdm.c:668:13:HAL_DFSDM_ChannelCkabCallback	0	static
stm32l4xx_hal_dfsdm.c:684:19:HAL_DFSDM_ChannelCkabStop_IT	8	static
stm32l4xx_hal_dfsdm.c:724:19:HAL_DFSDM_ChannelScdStart	0	static
stm32l4xx_hal_dfsdm.c:761:19:HAL_DFSDM_ChannelPollForScd	24	static
stm32l4xx_hal_dfsdm.c:811:19:HAL_DFSDM_ChannelScdStop	8	static
stm32l4xx_hal_dfsdm.c:848:19:HAL_DFSDM_ChannelScdStart_IT	4	static
stm32l4xx_hal_dfsdm.c:887:13:HAL_DFSDM_ChannelScdCallback	0	static
stm32l4xx_hal_dfsdm.c:903:19:HAL_DFSDM_ChannelScdStop_IT	8	static
stm32l4xx_hal_dfsdm.c:938:9:HAL_DFSDM_ChannelGetAwdValue	0	static
stm32l4xx_hal_dfsdm.c:950:19:HAL_DFSDM_ChannelModifyOffset	0	static
stm32l4xx_hal_dfsdm.c:997:32:HAL_DFSDM_ChannelGetState	0	static
stm32l4xx_hal_dfsdm.c:1165:13:HAL_DFSDM_FilterMspInit	0	static
stm32l4xx_hal_dfsdm.c:1027:19:HAL_DFSDM_FilterInit	24	static
stm32l4xx_hal_dfsdm.c:1180:13:HAL_DFSDM_FilterMspDeInit	0	static
stm32l4xx_hal_dfsdm.c:1137:19:HAL_DFSDM_FilterDeInit	8	static
stm32l4xx_hal_dfsdm.c:1218:19:HAL_DFSDM_FilterConfigRegChannel	4	static
stm32l4xx_hal_dfsdm.c:1263:19:HAL_DFSDM_FilterConfigInjChannel	0	static
stm32l4xx_hal_dfsdm.c:1333:19:HAL_DFSDM_FilterRegularStart	8	static
stm32l4xx_hal_dfsdm.c:1423:19:HAL_DFSDM_FilterRegularStop	8	static
stm32l4xx_hal_dfsdm.c:1453:19:HAL_DFSDM_FilterRegularStart_IT	8	static
stm32l4xx_hal_dfsdm.c:1484:19:HAL_DFSDM_FilterRegularStop_IT	8	static
stm32l4xx_hal_dfsdm.c:1522:19:HAL_DFSDM_FilterRegularStart_DMA	24	static
stm32l4xx_hal_dfsdm.c:1599:19:HAL_DFSDM_FilterRegularMsbStart_DMA	24	static
stm32l4xx_hal_dfsdm.c:1670:19:HAL_DFSDM_FilterRegularStop_DMA	16	static
stm32l4xx_hal_dfsdm.c:1709:9:HAL_DFSDM_FilterGetRegularValue	0	static
stm32l4xx_hal_dfsdm.c:1737:19:HAL_DFSDM_FilterInjectedStart	8	static
stm32l4xx_hal_dfsdm.c:1837:19:HAL_DFSDM_FilterInjectedStop	8	static
stm32l4xx_hal_dfsdm.c:1867:19:HAL_DFSDM_FilterInjectedStart_IT	8	static
stm32l4xx_hal_dfsdm.c:1898:19:HAL_DFSDM_FilterInjectedStop_IT	8	static
stm32l4xx_hal_dfsdm.c:1936:19:HAL_DFSDM_FilterInjectedStart_DMA	24	static
stm32l4xx_hal_dfsdm.c:2011:19:HAL_DFSDM_FilterInjectedMsbStart_DMA	24	static
stm32l4xx_hal_dfsdm.c:2080:19:HAL_DFSDM_FilterInjectedStop_DMA	16	static
stm32l4xx_hal_dfsdm.c:2119:9:HAL_DFSDM_FilterGetInjectedValue	0	static
stm32l4xx_hal_dfsdm.c:2146:19:HAL_DFSDM_FilterAwdStart_IT	16	static
stm32l4xx_hal_dfsdm.c:2195:19:HAL_DFSDM_FilterAwdStop_IT	0	static
stm32l4xx_hal_dfsdm.c:2235:19:HAL_DFSDM_FilterExdStart	0	static
stm32l4xx_hal_dfsdm.c:2266:19:HAL_DFSDM_FilterExdStop	8	static
stm32l4xx_hal_dfsdm.c:2304:9:HAL_DFSDM_FilterGetExdMaxValue	0	static
stm32l4xx_hal_dfsdm.c:2332:9:HAL_DFSDM_FilterGetExdMinValue	0	static
stm32l4xx_hal_dfsdm.c:2359:10:HAL_DFSDM_FilterGetConvTimeValue	0	static
stm32l4xx_hal_dfsdm.c:2543:13:HAL_DFSDM_FilterRegConvCpltCallback	0	static
stm32l4xx_hal_dfsdm.c:2707:13:DFSDM_DMARegularConvCplt	8	static
stm32l4xx_hal_dfsdm.c:2558:13:HAL_DFSDM_FilterRegConvHalfCpltCallback	0	static
stm32l4xx_hal_dfsdm.c:2693:13:DFSDM_DMARegularHalfConvCplt	8	static
stm32l4xx_hal_dfsdm.c:2575:13:HAL_DFSDM_FilterInjConvCpltCallback	0	static
stm32l4xx_hal_dfsdm.c:2735:13:DFSDM_DMAInjectedConvCplt	8	static
stm32l4xx_hal_dfsdm.c:2590:13:HAL_DFSDM_FilterInjConvHalfCpltCallback	0	static
stm32l4xx_hal_dfsdm.c:2721:13:DFSDM_DMAInjectedHalfConvCplt	8	static
stm32l4xx_hal_dfsdm.c:2607:13:HAL_DFSDM_FilterAwdCallback	0	static
stm32l4xx_hal_dfsdm.c:2625:13:HAL_DFSDM_FilterErrorCallback	0	static
stm32l4xx_hal_dfsdm.c:1362:19:HAL_DFSDM_FilterPollForRegConversion	16	static
stm32l4xx_hal_dfsdm.c:2749:13:DFSDM_DMAError	8	static
stm32l4xx_hal_dfsdm.c:1766:19:HAL_DFSDM_FilterPollForInjConversion	24	static
stm32l4xx_hal_dfsdm.c:2382:6:HAL_DFSDM_IRQHandler	24	static
stm32l4xx_hal_dfsdm.c:2658:31:HAL_DFSDM_FilterGetState	0	static
stm32l4xx_hal_dfsdm.c:2669:10:HAL_DFSDM_FilterGetError	0	static
