stm32l4xx_hal_rcc_ex.c:2948:26:RCCEx_PLLSAI1_Config	24	static
stm32l4xx_hal_rcc_ex.c:3148:26:RCCEx_PLLSAI2_Config	24	static
stm32l4xx_hal_rcc_ex.c:203:19:HAL_RCCEx_PeriphCLKConfig	40	static
stm32l4xx_hal_rcc_ex.c:814:6:HAL_RCCEx_GetPeriphCLKConfig	4	static
stm32l4xx_hal_rcc_ex.c:1124:10:HAL_RCCEx_GetPeriphCLKFreq	0	static
stm32l4xx_hal_rcc_ex.c:2120:19:HAL_RCCEx_EnablePLLSAI1	16	static
stm32l4xx_hal_rcc_ex.c:2188:19:HAL_RCCEx_DisablePLLSAI1	16	static
stm32l4xx_hal_rcc_ex.c:2234:19:HAL_RCCEx_EnablePLLSAI2	16	static
stm32l4xx_hal_rcc_ex.c:2312:19:HAL_RCCEx_DisablePLLSAI2	16	static
stm32l4xx_hal_rcc_ex.c:2364:6:HAL_RCCEx_WakeUpStopCLKConfig	0	static
stm32l4xx_hal_rcc_ex.c:2382:6:HAL_RCCEx_StandbyMSIRangeConfig	0	static
stm32l4xx_hal_rcc_ex.c:2396:6:HAL_RCCEx_EnableLSECSS	0	static
stm32l4xx_hal_rcc_ex.c:2406:6:HAL_RCCEx_DisableLSECSS	0	static
stm32l4xx_hal_rcc_ex.c:2419:6:HAL_RCCEx_EnableLSECSS_IT	0	static
stm32l4xx_hal_rcc_ex.c:2453:13:HAL_RCCEx_LSECSS_Callback	0	static
stm32l4xx_hal_rcc_ex.c:2436:6:HAL_RCCEx_LSECSS_IRQHandler	8	static
stm32l4xx_hal_rcc_ex.c:2468:6:HAL_RCCEx_EnableLSCO	48	static
stm32l4xx_hal_rcc_ex.c:2515:6:HAL_RCCEx_DisableLSCO	16	static
stm32l4xx_hal_rcc_ex.c:2553:6:HAL_RCCEx_EnableMSIPLLMode	0	static
stm32l4xx_hal_rcc_ex.c:2563:6:HAL_RCCEx_DisableMSIPLLMode	0	static
