stm32l4xx_hal_pwr_ex.c:131:10:HAL_PWREx_GetVoltageRange	0	static
stm32l4xx_hal_pwr_ex.c:180:19:HAL_PWREx_ControlVoltageScaling	0	static
stm32l4xx_hal_pwr_ex.c:299:6:HAL_PWREx_EnableBatteryCharging	0	static
stm32l4xx_hal_pwr_ex.c:315:6:HAL_PWREx_DisableBatteryCharging	0	static
stm32l4xx_hal_pwr_ex.c:327:6:HAL_PWREx_EnableVddUSB	0	static
stm32l4xx_hal_pwr_ex.c:337:6:HAL_PWREx_DisableVddUSB	0	static
stm32l4xx_hal_pwr_ex.c:349:6:HAL_PWREx_EnableVddIO2	0	static
stm32l4xx_hal_pwr_ex.c:359:6:HAL_PWREx_DisableVddIO2	0	static
stm32l4xx_hal_pwr_ex.c:370:6:HAL_PWREx_EnableInternalWakeUpLine	0	static
stm32l4xx_hal_pwr_ex.c:380:6:HAL_PWREx_DisableInternalWakeUpLine	0	static
stm32l4xx_hal_pwr_ex.c:408:19:HAL_PWREx_EnableGPIOPullUp	0	static
stm32l4xx_hal_pwr_ex.c:488:19:HAL_PWREx_DisableGPIOPullUp	0	static
stm32l4xx_hal_pwr_ex.c:562:19:HAL_PWREx_EnableGPIOPullDown	0	static
stm32l4xx_hal_pwr_ex.c:642:19:HAL_PWREx_DisableGPIOPullDown	0	static
stm32l4xx_hal_pwr_ex.c:709:6:HAL_PWREx_EnablePullUpPullDownConfig	0	static
stm32l4xx_hal_pwr_ex.c:721:6:HAL_PWREx_DisablePullUpPullDownConfig	0	static
stm32l4xx_hal_pwr_ex.c:734:6:HAL_PWREx_EnableSRAM2ContentRetention	0	static
stm32l4xx_hal_pwr_ex.c:746:6:HAL_PWREx_DisableSRAM2ContentRetention	0	static
stm32l4xx_hal_pwr_ex.c:803:6:HAL_PWREx_EnablePVM1	0	static
stm32l4xx_hal_pwr_ex.c:812:6:HAL_PWREx_DisablePVM1	0	static
stm32l4xx_hal_pwr_ex.c:824:6:HAL_PWREx_EnablePVM2	0	static
stm32l4xx_hal_pwr_ex.c:833:6:HAL_PWREx_DisablePVM2	0	static
stm32l4xx_hal_pwr_ex.c:844:6:HAL_PWREx_EnablePVM3	0	static
stm32l4xx_hal_pwr_ex.c:853:6:HAL_PWREx_DisablePVM3	0	static
stm32l4xx_hal_pwr_ex.c:863:6:HAL_PWREx_EnablePVM4	0	static
stm32l4xx_hal_pwr_ex.c:872:6:HAL_PWREx_DisablePVM4	0	static
stm32l4xx_hal_pwr_ex.c:892:19:HAL_PWREx_ConfigPVM	0	static
stm32l4xx_hal_pwr_ex.c:1053:6:HAL_PWREx_EnableLowPowerRunMode	0	static
stm32l4xx_hal_pwr_ex.c:1068:19:HAL_PWREx_DisableLowPowerRunMode	0	static
stm32l4xx_hal_pwr_ex.c:1112:6:HAL_PWREx_EnterSTOP0Mode	0	static,ignoring_inline_asm
stm32l4xx_hal_pwr_ex.c:1163:6:HAL_PWREx_EnterSTOP1Mode	0	static,ignoring_inline_asm
stm32l4xx_hal_pwr_ex.c:1215:6:HAL_PWREx_EnterSTOP2Mode	0	static,ignoring_inline_asm
stm32l4xx_hal_pwr_ex.c:1257:6:HAL_PWREx_EnterSHUTDOWNMode	0	static,ignoring_inline_asm
stm32l4xx_hal_pwr_ex.c:1338:13:HAL_PWREx_PVM1Callback	0	static
stm32l4xx_hal_pwr_ex.c:1351:13:HAL_PWREx_PVM2Callback	0	static
stm32l4xx_hal_pwr_ex.c:1363:13:HAL_PWREx_PVM3Callback	0	static
stm32l4xx_hal_pwr_ex.c:1374:13:HAL_PWREx_PVM4Callback	0	static
stm32l4xx_hal_pwr_ex.c:1282:6:HAL_PWREx_PVD_PVM_IRQHandler	8	static
