stm32l4xx_hal_tim.c:4794:13:TIM_OC1_SetConfig	16	static
stm32l4xx_hal_tim.c:4944:13:TIM_OC3_SetConfig	16	static
stm32l4xx_hal_tim.c:5018:13:TIM_OC4_SetConfig	16	static
stm32l4xx_hal_tim.c:5076:13:TIM_OC5_SetConfig	16	static
stm32l4xx_hal_tim.c:5129:13:TIM_OC6_SetConfig	16	static
stm32l4xx_hal_tim.c:5177:13:TIM_SlaveTimer_SetConfig	12	static
stm32l4xx_hal_tim.c:267:13:HAL_TIM_Base_MspInit	0	static
stm32l4xx_hal_tim.c:282:13:HAL_TIM_Base_MspDeInit	0	static
stm32l4xx_hal_tim.c:240:19:HAL_TIM_Base_DeInit	8	static
stm32l4xx_hal_tim.c:298:19:HAL_TIM_Base_Start	4	static
stm32l4xx_hal_tim.c:321:19:HAL_TIM_Base_Stop	0	static
stm32l4xx_hal_tim.c:344:19:HAL_TIM_Base_Start_IT	0	static
stm32l4xx_hal_tim.c:364:19:HAL_TIM_Base_Stop_IT	0	static
stm32l4xx_hal_tim.c:385:19:HAL_TIM_Base_Start_DMA	16	static
stm32l4xx_hal_tim.c:429:19:HAL_TIM_Base_Stop_DMA	0	static
stm32l4xx_hal_tim.c:549:13:HAL_TIM_OC_MspInit	0	static
stm32l4xx_hal_tim.c:564:13:HAL_TIM_OC_MspDeInit	0	static
stm32l4xx_hal_tim.c:522:19:HAL_TIM_OC_DeInit	8	static
stm32l4xx_hal_tim.c:587:19:HAL_TIM_OC_Start	4	static
stm32l4xx_hal_tim.c:621:19:HAL_TIM_OC_Stop	4	static
stm32l4xx_hal_tim.c:655:19:HAL_TIM_OC_Start_IT	4	static
stm32l4xx_hal_tim.c:723:19:HAL_TIM_OC_Stop_IT	4	static
stm32l4xx_hal_tim.c:793:19:HAL_TIM_OC_Start_DMA	24	static
stm32l4xx_hal_tim.c:912:19:HAL_TIM_OC_Stop_DMA	8	static
stm32l4xx_hal_tim.c:1072:13:HAL_TIM_PWM_MspInit	0	static
stm32l4xx_hal_tim.c:1087:13:HAL_TIM_PWM_MspDeInit	0	static
stm32l4xx_hal_tim.c:1045:19:HAL_TIM_PWM_DeInit	8	static
stm32l4xx_hal_tim.c:1110:19:HAL_TIM_PWM_Start	0	static
stm32l4xx_hal_tim.c:1144:19:HAL_TIM_PWM_Stop	8	static
stm32l4xx_hal_tim.c:1179:19:HAL_TIM_PWM_Start_IT	0	static
stm32l4xx_hal_tim.c:1245:19:HAL_TIM_PWM_Stop_IT	0	static
stm32l4xx_hal_tim.c:1313:19:HAL_TIM_PWM_Start_DMA	0	static
stm32l4xx_hal_tim.c:1430:19:HAL_TIM_PWM_Stop_DMA	0	static
stm32l4xx_hal_tim.c:1590:13:HAL_TIM_IC_MspInit	0	static
stm32l4xx_hal_tim.c:1605:13:HAL_TIM_IC_MspDeInit	0	static
stm32l4xx_hal_tim.c:1563:19:HAL_TIM_IC_DeInit	8	static
stm32l4xx_hal_tim.c:1626:19:HAL_TIM_IC_Start	0	static
stm32l4xx_hal_tim.c:1652:19:HAL_TIM_IC_Stop	0	static
stm32l4xx_hal_tim.c:1678:19:HAL_TIM_IC_Start_IT	0	static
stm32l4xx_hal_tim.c:1737:19:HAL_TIM_IC_Stop_IT	0	static
stm32l4xx_hal_tim.c:1799:19:HAL_TIM_IC_Start_DMA	24	static
stm32l4xx_hal_tim.c:1912:19:HAL_TIM_IC_Stop_DMA	4	static
stm32l4xx_hal_tim.c:2077:13:HAL_TIM_OnePulse_MspInit	0	static
stm32l4xx_hal_tim.c:2092:13:HAL_TIM_OnePulse_MspDeInit	0	static
stm32l4xx_hal_tim.c:2050:19:HAL_TIM_OnePulse_DeInit	8	static
stm32l4xx_hal_tim.c:2111:19:HAL_TIM_OnePulse_Start	0	static
stm32l4xx_hal_tim.c:2147:19:HAL_TIM_OnePulse_Stop	0	static
stm32l4xx_hal_tim.c:2183:19:HAL_TIM_OnePulse_Start_IT	0	static
stm32l4xx_hal_tim.c:2225:19:HAL_TIM_OnePulse_Stop_IT	0	static
stm32l4xx_hal_tim.c:2412:13:HAL_TIM_Encoder_MspInit	0	static
stm32l4xx_hal_tim.c:2427:13:HAL_TIM_Encoder_MspDeInit	0	static
stm32l4xx_hal_tim.c:2385:19:HAL_TIM_Encoder_DeInit	8	static
stm32l4xx_hal_tim.c:2447:19:HAL_TIM_Encoder_Start	0	static
stm32l4xx_hal_tim.c:2491:19:HAL_TIM_Encoder_Stop	0	static
stm32l4xx_hal_tim.c:2537:19:HAL_TIM_Encoder_Start_IT	0	static
stm32l4xx_hal_tim.c:2587:19:HAL_TIM_Encoder_Stop_IT	0	static
stm32l4xx_hal_tim.c:2641:19:HAL_TIM_Encoder_Start_DMA	24	static
stm32l4xx_hal_tim.c:2758:19:HAL_TIM_Encoder_Stop_DMA	0	static
stm32l4xx_hal_tim.c:3467:19:HAL_TIM_DMABurst_WriteStart	24	static
stm32l4xx_hal_tim.c:3598:19:HAL_TIM_DMABurst_WriteStop	16	static
stm32l4xx_hal_tim.c:3690:19:HAL_TIM_DMABurst_ReadStart	24	static
stm32l4xx_hal_tim.c:3822:19:HAL_TIM_DMABurst_ReadStop	0	static
stm32l4xx_hal_tim.c:3893:19:HAL_TIM_GenerateEvent	8	static
stm32l4xx_hal_tim.c:3932:19:HAL_TIM_ConfigOCrefClear	16	static
stm32l4xx_hal_tim.c:4093:19:HAL_TIM_ConfigClockSource	16	static
stm32l4xx_hal_tim.c:4273:19:HAL_TIM_ConfigTI1Input	0	static
stm32l4xx_hal_tim.c:4305:19:HAL_TIM_SlaveConfigSynchronization	16	static
stm32l4xx_hal_tim.c:4340:19:HAL_TIM_SlaveConfigSynchronization_IT	16	static
stm32l4xx_hal_tim.c:4378:10:HAL_TIM_ReadCapturedValue	0	static
stm32l4xx_hal_tim.c:4465:13:HAL_TIM_PeriodElapsedCallback	0	static
stm32l4xx_hal_tim.c:4716:13:TIM_DMAPeriodElapsedCplt	8	static
stm32l4xx_hal_tim.c:4480:13:HAL_TIM_OC_DelayElapsedCallback	0	static
stm32l4xx_hal_tim.c:4494:13:HAL_TIM_IC_CaptureCallback	0	static
stm32l4xx_hal_tim.c:4683:6:TIM_DMACaptureCplt	8	static
stm32l4xx_hal_tim.c:4509:13:HAL_TIM_PWM_PulseFinishedCallback	0	static
stm32l4xx_hal_tim.c:4651:6:TIM_DMADelayPulseCplt	8	static
stm32l4xx_hal_tim.c:4524:13:HAL_TIM_TriggerCallback	0	static
stm32l4xx_hal_tim.c:2820:6:HAL_TIM_IRQHandler	8	static
stm32l4xx_hal_tim.c:4730:13:TIM_DMATriggerCplt	8	static
stm32l4xx_hal_tim.c:4539:13:HAL_TIM_ErrorCallback	0	static
stm32l4xx_hal_tim.c:4637:6:TIM_DMAError	8	static
stm32l4xx_hal_tim.c:4573:22:HAL_TIM_Base_GetState	0	static
stm32l4xx_hal_tim.c:4583:22:HAL_TIM_OC_GetState	0	static
stm32l4xx_hal_tim.c:4593:22:HAL_TIM_PWM_GetState	0	static
stm32l4xx_hal_tim.c:4603:22:HAL_TIM_IC_GetState	0	static
stm32l4xx_hal_tim.c:4613:22:HAL_TIM_OnePulse_GetState	0	static
stm32l4xx_hal_tim.c:4623:22:HAL_TIM_Encoder_GetState	0	static
stm32l4xx_hal_tim.c:4745:6:TIM_Base_SetConfig	16	static
stm32l4xx_hal_tim.c:200:19:HAL_TIM_Base_Init	8	static
stm32l4xx_hal_tim.c:482:19:HAL_TIM_OC_Init	8	static
stm32l4xx_hal_tim.c:1005:19:HAL_TIM_PWM_Init	8	static
stm32l4xx_hal_tim.c:1523:19:HAL_TIM_IC_Init	8	static
stm32l4xx_hal_tim.c:2003:19:HAL_TIM_OnePulse_Init	16	static
stm32l4xx_hal_tim.c:2292:19:HAL_TIM_Encoder_Init	32	static
stm32l4xx_hal_tim.c:4868:6:TIM_OC2_SetConfig	16	static
stm32l4xx_hal_tim.c:2985:19:HAL_TIM_OC_ConfigChannel	8	static
stm32l4xx_hal_tim.c:3184:19:HAL_TIM_PWM_ConfigChannel	16	static
stm32l4xx_hal_tim.c:5321:6:TIM_TI1_SetConfig	12	static
stm32l4xx_hal_tim.c:3085:19:HAL_TIM_IC_ConfigChannel	24	static
stm32l4xx_hal_tim.c:3329:19:HAL_TIM_OnePulse_ConfigChannel	56	static
stm32l4xx_hal_tim.c:5615:6:TIM_ETR_SetConfig	0	static
stm32l4xx_hal_tim.c:5645:6:TIM_CCxChannelCmd	4	static
