stm32l4xx_hal_pwr.c:103:6:HAL_PWR_DeInit	0	static
stm32l4xx_hal_pwr.c:121:6:HAL_PWR_EnableBkUpAccess	0	static
stm32l4xx_hal_pwr.c:131:6:HAL_PWR_DisableBkUpAccess	0	static
stm32l4xx_hal_pwr.c:328:19:HAL_PWR_ConfigPVD	4	static
stm32l4xx_hal_pwr.c:374:6:HAL_PWR_EnablePVD	0	static
stm32l4xx_hal_pwr.c:383:6:HAL_PWR_DisablePVD	0	static
stm32l4xx_hal_pwr.c:408:6:HAL_PWR_EnableWakeUpPin	0	static
stm32l4xx_hal_pwr.c:429:6:HAL_PWR_DisableWakeUpPin	0	static
stm32l4xx_hal_pwr.c:461:6:HAL_PWR_EnterSLEEPMode	8	static,ignoring_inline_asm
stm32l4xx_hal_pwr.c:537:6:HAL_PWR_EnterSTOPMode	0	static
stm32l4xx_hal_pwr.c:570:6:HAL_PWR_EnterSTANDBYMode	0	static,ignoring_inline_asm
stm32l4xx_hal_pwr.c:596:6:HAL_PWR_EnableSleepOnExit	0	static
stm32l4xx_hal_pwr.c:609:6:HAL_PWR_DisableSleepOnExit	0	static
stm32l4xx_hal_pwr.c:623:6:HAL_PWR_EnableSEVOnPend	0	static
stm32l4xx_hal_pwr.c:636:6:HAL_PWR_DisableSEVOnPend	0	static
stm32l4xx_hal_pwr.c:650:13:HAL_PWR_PVDCallback	0	static
