stm32l4xx_hal_rtc_ex.c:203:19:HAL_RTCEx_SetTimeStamp	8	static
stm32l4xx_hal_rtc_ex.c:259:19:HAL_RTCEx_SetTimeStamp_IT	8	static
stm32l4xx_hal_rtc_ex.c:309:19:HAL_RTCEx_DeactivateTimeStamp	8	static
stm32l4xx_hal_rtc_ex.c:348:19:HAL_RTCEx_SetInternalTimeStamp	8	static
stm32l4xx_hal_rtc_ex.c:379:19:HAL_RTCEx_DeactivateInternalTimeStamp	8	static
stm32l4xx_hal_rtc_ex.c:414:19:HAL_RTCEx_GetTimeStamp	24	static
stm32l4xx_hal_rtc_ex.c:466:19:HAL_RTCEx_SetTamper	24	static
stm32l4xx_hal_rtc_ex.c:557:19:HAL_RTCEx_SetTamper_IT	24	static
stm32l4xx_hal_rtc_ex.c:654:19:HAL_RTCEx_DeactivateTamper	4	static
stm32l4xx_hal_rtc_ex.c:772:13:HAL_RTCEx_TimeStampEventCallback	0	static
stm32l4xx_hal_rtc_ex.c:788:13:HAL_RTCEx_Tamper1EventCallback	0	static
stm32l4xx_hal_rtc_ex.c:804:13:HAL_RTCEx_Tamper2EventCallback	0	static
stm32l4xx_hal_rtc_ex.c:820:13:HAL_RTCEx_Tamper3EventCallback	0	static
stm32l4xx_hal_rtc_ex.c:699:6:HAL_RTCEx_TamperTimeStampIRQHandler	24	static
stm32l4xx_hal_rtc_ex.c:837:19:HAL_RTCEx_PollForTimeStampEvent	16	static
stm32l4xx_hal_rtc_ex.c:877:19:HAL_RTCEx_PollForTamper1Event	16	static
stm32l4xx_hal_rtc_ex.c:910:19:HAL_RTCEx_PollForTamper2Event	16	static
stm32l4xx_hal_rtc_ex.c:943:19:HAL_RTCEx_PollForTamper3Event	16	static
stm32l4xx_hal_rtc_ex.c:995:19:HAL_RTCEx_SetWakeUpTimer	24	static
stm32l4xx_hal_rtc_ex.c:1085:19:HAL_RTCEx_SetWakeUpTimer_IT	24	static
stm32l4xx_hal_rtc_ex.c:1184:10:HAL_RTCEx_DeactivateWakeUpTimer	16	static
stm32l4xx_hal_rtc_ex.c:1236:10:HAL_RTCEx_GetWakeUpTimer	0	static
stm32l4xx_hal_rtc_ex.c:1271:13:HAL_RTCEx_WakeUpTimerEventCallback	0	static
stm32l4xx_hal_rtc_ex.c:1247:6:HAL_RTCEx_WakeUpTimerIRQHandler	8	static
stm32l4xx_hal_rtc_ex.c:1287:19:HAL_RTCEx_PollForWakeUpTimerEvent	16	static
stm32l4xx_hal_rtc_ex.c:1353:6:HAL_RTCEx_BKUPWrite	0	static
stm32l4xx_hal_rtc_ex.c:1375:10:HAL_RTCEx_BKUPRead	0	static
stm32l4xx_hal_rtc_ex.c:1408:19:HAL_RTCEx_SetSmoothCalib	32	static
stm32l4xx_hal_rtc_ex.c:1476:19:HAL_RTCEx_SetSynchroShift	24	static
stm32l4xx_hal_rtc_ex.c:1569:19:HAL_RTCEx_SetCalibrationOutPut	8	static
stm32l4xx_hal_rtc_ex.c:1607:19:HAL_RTCEx_DeactivateCalibrationOutPut	8	static
stm32l4xx_hal_rtc_ex.c:1636:19:HAL_RTCEx_SetRefClock	16	static
stm32l4xx_hal_rtc_ex.c:1685:19:HAL_RTCEx_DeactivateRefClock	16	static
stm32l4xx_hal_rtc_ex.c:1736:19:HAL_RTCEx_EnableBypassShadow	8	static
stm32l4xx_hal_rtc_ex.c:1768:19:HAL_RTCEx_DisableBypassShadow	8	static
stm32l4xx_hal_rtc_ex.c:1817:13:HAL_RTCEx_AlarmBEventCallback	0	static
stm32l4xx_hal_rtc_ex.c:1833:19:HAL_RTCEx_PollForAlarmBEvent	16	static
