stm32l4xx_hal_pcd.c:259:13:HAL_PCD_MspInit	0	static
stm32l4xx_hal_pcd.c:148:19:HAL_PCD_Init	64	static
stm32l4xx_hal_pcd.c:274:13:HAL_PCD_MspDeInit	0	static
stm32l4xx_hal_pcd.c:233:19:HAL_PCD_DeInit	8	static
stm32l4xx_hal_pcd.c:308:19:HAL_PCD_Start	8	static
stm32l4xx_hal_pcd.c:322:19:HAL_PCD_Stop	8	static
stm32l4xx_hal_pcd.c:880:13:HAL_PCD_DataOutStageCallback	0	static
stm32l4xx_hal_pcd.c:897:13:HAL_PCD_DataInStageCallback	0	static
stm32l4xx_hal_pcd.c:912:13:HAL_PCD_SetupStageCallback	0	static
stm32l4xx_hal_pcd.c:927:13:HAL_PCD_SOFCallback	0	static
stm32l4xx_hal_pcd.c:942:13:HAL_PCD_ResetCallback	0	static
stm32l4xx_hal_pcd.c:957:13:HAL_PCD_SuspendCallback	0	static
stm32l4xx_hal_pcd.c:972:13:HAL_PCD_ResumeCallback	0	static
stm32l4xx_hal_pcd.c:988:13:HAL_PCD_ISOOUTIncompleteCallback	0	static
stm32l4xx_hal_pcd.c:1005:13:HAL_PCD_ISOINIncompleteCallback	0	static
stm32l4xx_hal_pcd.c:1021:13:HAL_PCD_ConnectCallback	0	static
stm32l4xx_hal_pcd.c:1036:13:HAL_PCD_DisconnectCallback	0	static
stm32l4xx_hal_pcd.c:337:6:HAL_PCD_IRQHandler	64	static
stm32l4xx_hal_pcd.c:1070:19:HAL_PCD_DevConnect	8	static
stm32l4xx_hal_pcd.c:1083:19:HAL_PCD_DevDisconnect	8	static
stm32l4xx_hal_pcd.c:1097:19:HAL_PCD_SetAddress	8	static
stm32l4xx_hal_pcd.c:1113:19:HAL_PCD_EP_Open	16	static
stm32l4xx_hal_pcd.c:1146:19:HAL_PCD_EP_Close	8	static
stm32l4xx_hal_pcd.c:1177:19:HAL_PCD_EP_Receive	16	static
stm32l4xx_hal_pcd.c:1208:10:HAL_PCD_EP_GetRxCount	0	static
stm32l4xx_hal_pcd.c:1220:19:HAL_PCD_EP_Transmit	16	static
stm32l4xx_hal_pcd.c:1251:19:HAL_PCD_EP_SetStall	16	static
stm32l4xx_hal_pcd.c:1285:19:HAL_PCD_EP_ClrStall	16	static
stm32l4xx_hal_pcd.c:1315:19:HAL_PCD_EP_Flush	8	static
stm32l4xx_hal_pcd.c:1338:19:HAL_PCD_ActivateRemoteWakeup	0	static
stm32l4xx_hal_pcd.c:1348:19:HAL_PCD_DeActivateRemoteWakeup	0	static
stm32l4xx_hal_pcd.c:1376:18:HAL_PCD_GetState	0	static
