stm32l4xx_hal_spi.c:3420:26:SPI_WaitFlagStateUntilTimeout.part.0	0	static
stm32l4xx_hal_spi.c:3420:26:SPI_WaitFlagStateUntilTimeout	32	static
stm32l4xx_hal_spi.c:3472:26:SPI_WaitFifoStateUntilTimeout	32	static
stm32l4xx_hal_spi.c:3737:13:SPI_AbortRx_ISR	24	static
stm32l4xx_hal_spi.c:3531:26:SPI_EndRxTransaction	32	static
stm32l4xx_hal_spi.c:3567:26:SPI_EndRxTxTransaction	24	static
stm32l4xx_hal_spi.c:3781:13:SPI_AbortTx_ISR	24	static
stm32l4xx_hal_spi.c:429:13:HAL_SPI_MspInit	0	static
stm32l4xx_hal_spi.c:270:19:HAL_SPI_Init	32	static
stm32l4xx_hal_spi.c:445:13:HAL_SPI_MspDeInit	0	static
stm32l4xx_hal_spi.c:395:19:HAL_SPI_DeInit	8	static
stm32l4xx_hal_spi.c:501:19:HAL_SPI_Transmit	32	static
stm32l4xx_hal_spi.c:911:19:HAL_SPI_TransmitReceive	48	static
stm32l4xx_hal_spi.c:680:19:HAL_SPI_Receive	40	static
stm32l4xx_hal_spi.c:1197:19:HAL_SPI_Transmit_IT	4	static
stm32l4xx_hal_spi.c:1385:19:HAL_SPI_TransmitReceive_IT	8	static
stm32l4xx_hal_spi.c:1280:19:HAL_SPI_Receive_IT	12	static
stm32l4xx_hal_spi.c:1492:19:HAL_SPI_Transmit_DMA	16	static
stm32l4xx_hal_spi.c:1740:19:HAL_SPI_TransmitReceive_DMA	16	static
stm32l4xx_hal_spi.c:1606:19:HAL_SPI_Receive_DMA	24	static
stm32l4xx_hal_spi.c:1911:19:HAL_SPI_Abort	32	static
stm32l4xx_hal_spi.c:2255:19:HAL_SPI_DMAPause	0	static
stm32l4xx_hal_spi.c:2275:19:HAL_SPI_DMAResume	0	static
stm32l4xx_hal_spi.c:2295:19:HAL_SPI_DMAStop	8	static
stm32l4xx_hal_spi.c:2422:13:HAL_SPI_TxCpltCallback	0	static
stm32l4xx_hal_spi.c:2438:13:HAL_SPI_RxCpltCallback	0	static
stm32l4xx_hal_spi.c:2454:13:HAL_SPI_TxRxCpltCallback	0	static
stm32l4xx_hal_spi.c:2470:13:HAL_SPI_TxHalfCpltCallback	0	static
stm32l4xx_hal_spi.c:2831:13:SPI_DMAHalfTransmitCplt	8	static
stm32l4xx_hal_spi.c:2486:13:HAL_SPI_RxHalfCpltCallback	0	static
stm32l4xx_hal_spi.c:2844:13:SPI_DMAHalfReceiveCplt	8	static
stm32l4xx_hal_spi.c:2502:13:HAL_SPI_TxRxHalfCpltCallback	0	static
stm32l4xx_hal_spi.c:2857:13:SPI_DMAHalfTransmitReceiveCplt	8	static
stm32l4xx_hal_spi.c:2518:13:HAL_SPI_ErrorCallback	0	static
stm32l4xx_hal_spi.c:3698:13:SPI_CloseTx_ISR	16	static
stm32l4xx_hal_spi.c:3366:13:SPI_TxISR_8BIT	0	static
stm32l4xx_hal_spi.c:3390:13:SPI_TxISR_16BIT	0	static
stm32l4xx_hal_spi.c:3656:13:SPI_CloseRx_ISR	8	static
stm32l4xx_hal_spi.c:3277:13:SPI_RxISR_8BIT	0	static
stm32l4xx_hal_spi.c:3252:13:SPI_RxISR_8BITCRC	8	static
stm32l4xx_hal_spi.c:3333:13:SPI_RxISR_16BIT	0	static
stm32l4xx_hal_spi.c:3310:13:SPI_RxISR_16BITCRC	8	static
stm32l4xx_hal_spi.c:3599:13:SPI_CloseRxTx_ISR	8	static
stm32l4xx_hal_spi.c:3110:13:SPI_2linesTxISR_8BIT	0	static
stm32l4xx_hal_spi.c:3028:13:SPI_2linesRxISR_8BIT	0	static
stm32l4xx_hal_spi.c:3078:13:SPI_2linesRxISR_8BITCRC	16	static
stm32l4xx_hal_spi.c:3214:13:SPI_2linesTxISR_16BIT	4	static
stm32l4xx_hal_spi.c:3156:13:SPI_2linesRxISR_16BIT	4	static
stm32l4xx_hal_spi.c:3190:13:SPI_2linesRxISR_16BITCRC	8	static
stm32l4xx_hal_spi.c:2870:13:SPI_DMAError	8	static
stm32l4xx_hal_spi.c:2608:13:SPI_DMATransmitCplt	24	static
stm32l4xx_hal_spi.c:2655:13:SPI_DMAReceiveCplt	32	static
stm32l4xx_hal_spi.c:2746:13:SPI_DMATransmitReceiveCplt	32	static
stm32l4xx_hal_spi.c:2326:6:HAL_SPI_IRQHandler	32	static
stm32l4xx_hal_spi.c:2888:13:SPI_DMAAbortOnError	8	static
stm32l4xx_hal_spi.c:2536:13:HAL_SPI_AbortCpltCallback	0	static
stm32l4xx_hal_spi.c:2065:19:HAL_SPI_Abort_IT	32	static
stm32l4xx_hal_spi.c:2967:13:SPI_DMARxAbortCallback	32	static
stm32l4xx_hal_spi.c:2905:13:SPI_DMATxAbortCallback	24	static
stm32l4xx_hal_spi.c:2571:22:HAL_SPI_GetState	0	static
stm32l4xx_hal_spi.c:2583:10:HAL_SPI_GetError	0	static
