stm32l4xx_hal_rtc.c:378:13:HAL_RTC_MspInit	0	static
stm32l4xx_hal_rtc.c:393:13:HAL_RTC_MspDeInit	0	static
stm32l4xx_hal_rtc.c:566:19:HAL_RTC_GetTime	12	static
stm32l4xx_hal_rtc.c:721:19:HAL_RTC_GetDate	12	static
stm32l4xx_hal_rtc.c:775:19:HAL_RTC_SetAlarm	24	static
stm32l4xx_hal_rtc.c:959:19:HAL_RTC_SetAlarm_IT	24	static
stm32l4xx_hal_rtc.c:1144:19:HAL_RTC_DeactivateAlarm	16	static
stm32l4xx_hal_rtc.c:1238:19:HAL_RTC_GetAlarm	32	static
stm32l4xx_hal_rtc.c:1328:13:HAL_RTC_AlarmAEventCallback	0	static
stm32l4xx_hal_rtc.c:1289:6:HAL_RTC_AlarmIRQHandler	8	static
stm32l4xx_hal_rtc.c:1344:19:HAL_RTC_PollForAlarmAEvent	16	static
stm32l4xx_hal_rtc.c:1403:19:HAL_RTC_WaitForSynchro	16	static
stm32l4xx_hal_rtc.c:1447:21:HAL_RTC_GetState	0	static
stm32l4xx_hal_rtc.c:1471:19:RTC_EnterInitMode	16	static
stm32l4xx_hal_rtc.c:184:19:HAL_RTC_Init	16	static
stm32l4xx_hal_rtc.c:275:19:HAL_RTC_DeInit	16	static
stm32l4xx_hal_rtc.c:431:19:HAL_RTC_SetTime	24	static
stm32l4xx_hal_rtc.c:610:19:HAL_RTC_SetDate	16	static
stm32l4xx_hal_rtc.c:1501:9:RTC_ByteToBcd2	0	static
stm32l4xx_hal_rtc.c:1519:9:RTC_Bcd2ToByte	0	static
