stm32l4xx_hal_tim_ex.c:261:13:HAL_TIMEx_HallSensor_MspInit	0	static
stm32l4xx_hal_tim_ex.c:155:19:HAL_TIMEx_HallSensor_Init	48	static
stm32l4xx_hal_tim_ex.c:276:13:HAL_TIMEx_HallSensor_MspDeInit	0	static
stm32l4xx_hal_tim_ex.c:234:19:HAL_TIMEx_HallSensor_DeInit	8	static
stm32l4xx_hal_tim_ex.c:291:19:HAL_TIMEx_HallSensor_Start	8	static
stm32l4xx_hal_tim_ex.c:312:19:HAL_TIMEx_HallSensor_Stop	8	static
stm32l4xx_hal_tim_ex.c:333:19:HAL_TIMEx_HallSensor_Start_IT	8	static
stm32l4xx_hal_tim_ex.c:357:19:HAL_TIMEx_HallSensor_Stop_IT	8	static
stm32l4xx_hal_tim_ex.c:383:19:HAL_TIMEx_HallSensor_Start_DMA	24	static
stm32l4xx_hal_tim_ex.c:430:19:HAL_TIMEx_HallSensor_Stop_DMA	8	static
stm32l4xx_hal_tim_ex.c:485:19:HAL_TIMEx_OCN_Start	0	static
stm32l4xx_hal_tim_ex.c:514:19:HAL_TIMEx_OCN_Stop	0	static
stm32l4xx_hal_tim_ex.c:543:19:HAL_TIMEx_OCN_Start_IT	0	static
stm32l4xx_hal_tim_ex.c:609:19:HAL_TIMEx_OCN_Stop_IT	0	static
stm32l4xx_hal_tim_ex.c:683:19:HAL_TIMEx_OCN_Start_DMA	24	static
stm32l4xx_hal_tim_ex.c:797:19:HAL_TIMEx_OCN_Stop_DMA	4	static
stm32l4xx_hal_tim_ex.c:896:19:HAL_TIMEx_PWMN_Start	0	static
stm32l4xx_hal_tim_ex.c:924:19:HAL_TIMEx_PWMN_Stop	0	static
stm32l4xx_hal_tim_ex.c:953:19:HAL_TIMEx_PWMN_Start_IT	0	static
stm32l4xx_hal_tim_ex.c:1019:19:HAL_TIMEx_PWMN_Stop_IT	0	static
stm32l4xx_hal_tim_ex.c:1094:19:HAL_TIMEx_PWMN_Start_DMA	0	static
stm32l4xx_hal_tim_ex.c:1208:19:HAL_TIMEx_PWMN_Stop_DMA	0	static
stm32l4xx_hal_tim_ex.c:1295:19:HAL_TIMEx_OnePulseN_Start	0	static
stm32l4xx_hal_tim_ex.c:1320:19:HAL_TIMEx_OnePulseN_Stop	0	static
stm32l4xx_hal_tim_ex.c:1349:19:HAL_TIMEx_OnePulseN_Start_IT	0	static
stm32l4xx_hal_tim_ex.c:1380:19:HAL_TIMEx_OnePulseN_Stop_IT	0	static
stm32l4xx_hal_tim_ex.c:1451:19:HAL_TIMEx_ConfigCommutationEvent	4	static
stm32l4xx_hal_tim_ex.c:1500:19:HAL_TIMEx_ConfigCommutationEvent_IT	4	static
stm32l4xx_hal_tim_ex.c:1553:19:HAL_TIMEx_ConfigCommutationEvent_DMA	12	static
stm32l4xx_hal_tim_ex.c:1597:19:HAL_TIMEx_MasterConfigSynchronization	12	static
stm32l4xx_hal_tim_ex.c:1658:19:HAL_TIMEx_ConfigBreakDeadTime	8	static
stm32l4xx_hal_tim_ex.c:1722:19:HAL_TIMEx_ConfigBreakInput	20	static
stm32l4xx_hal_tim_ex.c:2037:19:HAL_TIMEx_RemapConfig	8	static
stm32l4xx_hal_tim_ex.c:2084:19:HAL_TIMEx_GroupChannel5	8	static
stm32l4xx_hal_tim_ex.c:2133:13:HAL_TIMEx_CommutationCallback	0	static
stm32l4xx_hal_tim_ex.c:2196:6:TIMEx_DMACommutationCplt	8	static
stm32l4xx_hal_tim_ex.c:2148:13:HAL_TIMEx_BreakCallback	0	static
stm32l4xx_hal_tim_ex.c:2182:22:HAL_TIMEx_HallSensor_GetState	0	static
