queue.c:1697:19:prvCopyDataToQueue	16	static
queue.c:1776:13:prvCopyDataFromQueue	4	static
queue.c:1794:13:prvUnlockQueue	16	static
queue.c:279:12:xQueueGenericReset	16	static,ignoring_inline_asm
queue.c:386:16:xQueueGenericCreate	16	static,ignoring_inline_asm
queue.c:697:16:xQueueCreateCountingSemaphore	8	static,ignoring_inline_asm
queue.c:723:12:xQueueGenericSend	48	static,ignoring_inline_asm
queue.c:506:16:xQueueCreateMutex	8	static
queue.c:572:13:xQueueGiveMutexRecursive	16	static,ignoring_inline_asm
queue.c:921:12:xQueueGenericSendFromISR	32	static,ignoring_inline_asm
queue.c:1072:12:xQueueGiveFromISR	16	static,ignoring_inline_asm
queue.c:1237:12:xQueueGenericReceive	48	static,ignoring_inline_asm
queue.c:627:13:xQueueTakeMutexRecursive	16	static,ignoring_inline_asm
queue.c:1434:12:xQueueReceiveFromISR	32	static,ignoring_inline_asm
queue.c:1525:12:xQueuePeekFromISR	16	static,ignoring_inline_asm
queue.c:1579:13:uxQueueMessagesWaiting	8	static,ignoring_inline_asm
queue.c:1595:13:uxQueueSpacesAvailable	8	static,ignoring_inline_asm
queue.c:1613:13:uxQueueMessagesWaitingFromISR	0	static,ignoring_inline_asm
queue.c:1625:6:vQueueDelete	4	static,ignoring_inline_asm
queue.c:1935:12:xQueueIsQueueEmptyFromISR	0	static,ignoring_inline_asm
queue.c:1974:12:xQueueIsQueueFullFromISR	0	static,ignoring_inline_asm
queue.c:2269:7:vQueueAddToRegistry	8	static
queue.c:2298:14:pcQueueGetName	4	static
queue.c:2326:7:vQueueUnregisterQueue	4	static
queue.c:2358:7:vQueueWaitForMessageRestricted	16	static
