timers.c:930:13:prvCheckForValidListAndQueue	24	static
timers.c:683:19:prvInsertTimerInActiveList	8	static
timers.c:259:12:xTimerCreateTimerTask	16	static,ignoring_inline_asm
timers.c:314:16:xTimerCreate	24	static,ignoring_inline_asm
timers.c:417:12:xTimerGenericCommand	32	static,ignoring_inline_asm
timers.c:871:13:prvSwitchTimerLists	40	static,ignoring_inline_asm
timers.c:538:13:prvTimerTask	56	static,ignoring_inline_asm
timers.c:460:14:xTimerGetTimerDaemonTaskHandle	0	static,ignoring_inline_asm
timers.c:469:12:xTimerGetPeriod	0	static,ignoring_inline_asm
timers.c:478:12:xTimerGetExpiryTime	0	static,ignoring_inline_asm
timers.c:489:14:pcTimerGetName	0	static,ignoring_inline_asm
timers.c:981:12:xTimerIsTimerActive	8	static,ignoring_inline_asm
timers.c:1002:7:pvTimerGetTimerID	8	static,ignoring_inline_asm
timers.c:1019:6:vTimerSetTimerID	16	static,ignoring_inline_asm
