###############################################################################
#
# IAR ELF Linker V8.30.1.114/W32 for ARM                  10/Apr/2019  15:51:07
# Copyright 2007-2018 IAR Systems AB.
#
#    Output file  =  
#        C:\Matteo\Gesture demo\STM32 Sensortile FW
#        project\Projects\Multi\Applications\SENSING1\EWARM\STM32L476RG-SensorTile\STM32L476RG-SensorTile
#        HAR_GMP\Exe\SENSING1_ST.out
#    Map file     =  
#        C:\Matteo\Gesture demo\STM32 Sensortile FW
#        project\Projects\Multi\Applications\SENSING1\EWARM\STM32L476RG-SensorTile\STM32L476RG-SensorTile
#        HAR_GMP\List\SENSING1_ST.map
#    Command line =  
#        -f C:\Users\teoma\AppData\Local\Temp\EW5706.tmp ("C:\Matteo\Gesture
#        demo\STM32 Sensortile FW
#        project\Projects\Multi\Applications\SENSING1\EWARM\STM32L476RG-SensorTile\STM32L476RG-SensorTile
#        HAR_GMP\Obj\ble_list.o" "C:\Matteo\Gesture demo\STM32 Sensortile FW
#        project\Projects\Multi\Applications\SENSING1\EWARM\STM32L476RG-SensorTile\STM32L476RG-SensorTile
#        HAR_GMP\Obj\bluenrg_gap_aci_patch.o" "C:\Matteo\Gesture demo\STM32
#        Sensortile FW
#        project\Projects\Multi\Applications\SENSING1\EWARM\STM32L476RG-SensorTile\STM32L476RG-SensorTile
#        HAR_GMP\Obj\bluenrg_gatt_aci.o" "C:\Matteo\Gesture demo\STM32
#        Sensortile FW
#        project\Projects\Multi\Applications\SENSING1\EWARM\STM32L476RG-SensorTile\STM32L476RG-SensorTile
#        HAR_GMP\Obj\bluenrg_hal_aci_patch.o" "C:\Matteo\Gesture demo\STM32
#        Sensortile FW
#        project\Projects\Multi\Applications\SENSING1\EWARM\STM32L476RG-SensorTile\STM32L476RG-SensorTile
#        HAR_GMP\Obj\bluenrg_itf.o" "C:\Matteo\Gesture demo\STM32 Sensortile FW
#        project\Projects\Multi\Applications\SENSING1\EWARM\STM32L476RG-SensorTile\STM32L476RG-SensorTile
#        HAR_GMP\Obj\bluenrg_l2cap_aci.o" "C:\Matteo\Gesture demo\STM32
#        Sensortile FW
#        project\Projects\Multi\Applications\SENSING1\EWARM\STM32L476RG-SensorTile\STM32L476RG-SensorTile
#        HAR_GMP\Obj\bluenrg_utils_small_patch.o" "C:\Matteo\Gesture demo\STM32
#        Sensortile FW
#        project\Projects\Multi\Applications\SENSING1\EWARM\STM32L476RG-SensorTile\STM32L476RG-SensorTile
#        HAR_GMP\Obj\cmsis_os.o" "C:\Matteo\Gesture demo\STM32 Sensortile FW
#        project\Projects\Multi\Applications\SENSING1\EWARM\STM32L476RG-SensorTile\STM32L476RG-SensorTile
#        HAR_GMP\Obj\DataLog_Manager.o" "C:\Matteo\Gesture demo\STM32
#        Sensortile FW
#        project\Projects\Multi\Applications\SENSING1\EWARM\STM32L476RG-SensorTile\STM32L476RG-SensorTile
#        HAR_GMP\Obj\diskio.o" "C:\Matteo\Gesture demo\STM32 Sensortile FW
#        project\Projects\Multi\Applications\SENSING1\EWARM\STM32L476RG-SensorTile\STM32L476RG-SensorTile
#        HAR_GMP\Obj\ff.o" "C:\Matteo\Gesture demo\STM32 Sensortile FW
#        project\Projects\Multi\Applications\SENSING1\EWARM\STM32L476RG-SensorTile\STM32L476RG-SensorTile
#        HAR_GMP\Obj\ff_gen_drv.o" "C:\Matteo\Gesture demo\STM32 Sensortile FW
#        project\Projects\Multi\Applications\SENSING1\EWARM\STM32L476RG-SensorTile\STM32L476RG-SensorTile
#        HAR_GMP\Obj\gesture_Postprocessing.o" "C:\Matteo\Gesture demo\STM32
#        Sensortile FW
#        project\Projects\Multi\Applications\SENSING1\EWARM\STM32L476RG-SensorTile\STM32L476RG-SensorTile
#        HAR_GMP\Obj\gesture_Preprocessing.o" "C:\Matteo\Gesture demo\STM32
#        Sensortile FW
#        project\Projects\Multi\Applications\SENSING1\EWARM\STM32L476RG-SensorTile\STM32L476RG-SensorTile
#        HAR_GMP\Obj\gesture_Processing.o" "C:\Matteo\Gesture demo\STM32
#        Sensortile FW
#        project\Projects\Multi\Applications\SENSING1\EWARM\STM32L476RG-SensorTile\STM32L476RG-SensorTile
#        HAR_GMP\Obj\gesture_ProcessingTest.o" "C:\Matteo\Gesture demo\STM32
#        Sensortile FW
#        project\Projects\Multi\Applications\SENSING1\EWARM\STM32L476RG-SensorTile\STM32L476RG-SensorTile
#        HAR_GMP\Obj\gp_timer.o" "C:\Matteo\Gesture demo\STM32 Sensortile FW
#        project\Projects\Multi\Applications\SENSING1\EWARM\STM32L476RG-SensorTile\STM32L476RG-SensorTile
#        HAR_GMP\Obj\hci_le.o" "C:\Matteo\Gesture demo\STM32 Sensortile FW
#        project\Projects\Multi\Applications\SENSING1\EWARM\STM32L476RG-SensorTile\STM32L476RG-SensorTile
#        HAR_GMP\Obj\hci_patch.o" "C:\Matteo\Gesture demo\STM32 Sensortile FW
#        project\Projects\Multi\Applications\SENSING1\EWARM\STM32L476RG-SensorTile\STM32L476RG-SensorTile
#        HAR_GMP\Obj\heap_4.o" "C:\Matteo\Gesture demo\STM32 Sensortile FW
#        project\Projects\Multi\Applications\SENSING1\EWARM\STM32L476RG-SensorTile\STM32L476RG-SensorTile
#        HAR_GMP\Obj\HTS221_Driver.o" "C:\Matteo\Gesture demo\STM32 Sensortile
#        FW
#        project\Projects\Multi\Applications\SENSING1\EWARM\STM32L476RG-SensorTile\STM32L476RG-SensorTile
#        HAR_GMP\Obj\HTS221_Driver_HL.o" "C:\Matteo\Gesture demo\STM32
#        Sensortile FW
#        project\Projects\Multi\Applications\SENSING1\EWARM\STM32L476RG-SensorTile\STM32L476RG-SensorTile
#        HAR_GMP\Obj\HWAdvanceFeatures.o" "C:\Matteo\Gesture demo\STM32
#        Sensortile FW
#        project\Projects\Multi\Applications\SENSING1\EWARM\STM32L476RG-SensorTile\STM32L476RG-SensorTile
#        HAR_GMP\Obj\list.o" "C:\Matteo\Gesture demo\STM32 Sensortile FW
#        project\Projects\Multi\Applications\SENSING1\EWARM\STM32L476RG-SensorTile\STM32L476RG-SensorTile
#        HAR_GMP\Obj\LPS22HB_Driver.o" "C:\Matteo\Gesture demo\STM32 Sensortile
#        FW
#        project\Projects\Multi\Applications\SENSING1\EWARM\STM32L476RG-SensorTile\STM32L476RG-SensorTile
#        HAR_GMP\Obj\LPS22HB_Driver_HL.o" "C:\Matteo\Gesture demo\STM32
#        Sensortile FW
#        project\Projects\Multi\Applications\SENSING1\EWARM\STM32L476RG-SensorTile\STM32L476RG-SensorTile
#        HAR_GMP\Obj\LSM303AGR_ACC_driver.o" "C:\Matteo\Gesture demo\STM32
#        Sensortile FW
#        project\Projects\Multi\Applications\SENSING1\EWARM\STM32L476RG-SensorTile\STM32L476RG-SensorTile
#        HAR_GMP\Obj\LSM303AGR_ACC_driver_HL.o" "C:\Matteo\Gesture demo\STM32
#        Sensortile FW
#        project\Projects\Multi\Applications\SENSING1\EWARM\STM32L476RG-SensorTile\STM32L476RG-SensorTile
#        HAR_GMP\Obj\LSM303AGR_MAG_driver.o" "C:\Matteo\Gesture demo\STM32
#        Sensortile FW
#        project\Projects\Multi\Applications\SENSING1\EWARM\STM32L476RG-SensorTile\STM32L476RG-SensorTile
#        HAR_GMP\Obj\LSM303AGR_MAG_driver_HL.o" "C:\Matteo\Gesture demo\STM32
#        Sensortile FW
#        project\Projects\Multi\Applications\SENSING1\EWARM\STM32L476RG-SensorTile\STM32L476RG-SensorTile
#        HAR_GMP\Obj\LSM6DSM_ACC_GYRO_driver.o" "C:\Matteo\Gesture demo\STM32
#        Sensortile FW
#        project\Projects\Multi\Applications\SENSING1\EWARM\STM32L476RG-SensorTile\STM32L476RG-SensorTile
#        HAR_GMP\Obj\LSM6DSM_ACC_GYRO_driver_HL.o" "C:\Matteo\Gesture
#        demo\STM32 Sensortile FW
#        project\Projects\Multi\Applications\SENSING1\EWARM\STM32L476RG-SensorTile\STM32L476RG-SensorTile
#        HAR_GMP\Obj\main.o" "C:\Matteo\Gesture demo\STM32 Sensortile FW
#        project\Projects\Multi\Applications\SENSING1\EWARM\STM32L476RG-SensorTile\STM32L476RG-SensorTile
#        HAR_GMP\Obj\MetaDataManager.o" "C:\Matteo\Gesture demo\STM32
#        Sensortile FW
#        project\Projects\Multi\Applications\SENSING1\EWARM\STM32L476RG-SensorTile\STM32L476RG-SensorTile
#        HAR_GMP\Obj\network.o" "C:\Matteo\Gesture demo\STM32 Sensortile FW
#        project\Projects\Multi\Applications\SENSING1\EWARM\STM32L476RG-SensorTile\STM32L476RG-SensorTile
#        HAR_GMP\Obj\network_data.o" "C:\Matteo\Gesture demo\STM32 Sensortile
#        FW
#        project\Middlewares\ST\STM32_AI_Library\Lib\NetworkRuntime330_CM4_IAR.a"
#        "C:\Matteo\Gesture demo\STM32 Sensortile FW
#        project\Projects\Multi\Applications\SENSING1\EWARM\STM32L476RG-SensorTile\STM32L476RG-SensorTile
#        HAR_GMP\Obj\osal.o" "C:\Matteo\Gesture demo\STM32 Sensortile FW
#        project\Projects\Multi\Applications\SENSING1\EWARM\STM32L476RG-SensorTile\STM32L476RG-SensorTile
#        HAR_GMP\Obj\port.o" "C:\Matteo\Gesture demo\STM32 Sensortile FW
#        project\Projects\Multi\Applications\SENSING1\EWARM\STM32L476RG-SensorTile\STM32L476RG-SensorTile
#        HAR_GMP\Obj\portasm.o" "C:\Matteo\Gesture demo\STM32 Sensortile FW
#        project\Projects\Multi\Applications\SENSING1\EWARM\STM32L476RG-SensorTile\STM32L476RG-SensorTile
#        HAR_GMP\Obj\PowerControl.o" "C:\Matteo\Gesture demo\STM32 Sensortile
#        FW
#        project\Projects\Multi\Applications\SENSING1\EWARM\STM32L476RG-SensorTile\STM32L476RG-SensorTile
#        HAR_GMP\Obj\queue.o" "C:\Matteo\Gesture demo\STM32 Sensortile FW
#        project\Projects\Multi\Applications\SENSING1\EWARM\STM32L476RG-SensorTile\STM32L476RG-SensorTile
#        HAR_GMP\Obj\sd_diskio_SensorTile.o" "C:\Matteo\Gesture demo\STM32
#        Sensortile FW
#        project\Projects\Multi\Applications\SENSING1\EWARM\STM32L476RG-SensorTile\STM32L476RG-SensorTile
#        HAR_GMP\Obj\sensor_service.o" "C:\Matteo\Gesture demo\STM32 Sensortile
#        FW
#        project\Projects\Multi\Applications\SENSING1\EWARM\STM32L476RG-SensorTile\STM32L476RG-SensorTile
#        HAR_GMP\Obj\SensorTile.o" "C:\Matteo\Gesture demo\STM32 Sensortile FW
#        project\Projects\Multi\Applications\SENSING1\EWARM\STM32L476RG-SensorTile\STM32L476RG-SensorTile
#        HAR_GMP\Obj\SensorTile_accelero.o" "C:\Matteo\Gesture demo\STM32
#        Sensortile FW
#        project\Projects\Multi\Applications\SENSING1\EWARM\STM32L476RG-SensorTile\STM32L476RG-SensorTile
#        HAR_GMP\Obj\SensorTile_audio_in.o" "C:\Matteo\Gesture demo\STM32
#        Sensortile FW
#        project\Projects\Multi\Applications\SENSING1\EWARM\STM32L476RG-SensorTile\STM32L476RG-SensorTile
#        HAR_GMP\Obj\SensorTile_BlueNRG_patch.o" "C:\Matteo\Gesture demo\STM32
#        Sensortile FW
#        project\Projects\Multi\Applications\SENSING1\EWARM\STM32L476RG-SensorTile\STM32L476RG-SensorTile
#        HAR_GMP\Obj\SensorTile_gg.o" "C:\Matteo\Gesture demo\STM32 Sensortile
#        FW
#        project\Projects\Multi\Applications\SENSING1\EWARM\STM32L476RG-SensorTile\STM32L476RG-SensorTile
#        HAR_GMP\Obj\SensorTile_gyro.o" "C:\Matteo\Gesture demo\STM32
#        Sensortile FW
#        project\Projects\Multi\Applications\SENSING1\EWARM\STM32L476RG-SensorTile\STM32L476RG-SensorTile
#        HAR_GMP\Obj\SensorTile_humidity_patch.o" "C:\Matteo\Gesture demo\STM32
#        Sensortile FW
#        project\Projects\Multi\Applications\SENSING1\EWARM\STM32L476RG-SensorTile\STM32L476RG-SensorTile
#        HAR_GMP\Obj\SensorTile_magneto.o" "C:\Matteo\Gesture demo\STM32
#        Sensortile FW
#        project\Projects\Multi\Applications\SENSING1\EWARM\STM32L476RG-SensorTile\STM32L476RG-SensorTile
#        HAR_GMP\Obj\SensorTile_pressure_patch.o" "C:\Matteo\Gesture demo\STM32
#        Sensortile FW
#        project\Projects\Multi\Applications\SENSING1\EWARM\STM32L476RG-SensorTile\STM32L476RG-SensorTile
#        HAR_GMP\Obj\SensorTile_sd.o" "C:\Matteo\Gesture demo\STM32 Sensortile
#        FW
#        project\Projects\Multi\Applications\SENSING1\EWARM\STM32L476RG-SensorTile\STM32L476RG-SensorTile
#        HAR_GMP\Obj\SensorTile_temperature_patch.o" "C:\Matteo\Gesture
#        demo\STM32 Sensortile FW
#        project\Projects\Multi\Applications\SENSING1\EWARM\STM32L476RG-SensorTile\STM32L476RG-SensorTile
#        HAR_GMP\Obj\startup_stm32l476xx.o" "C:\Matteo\Gesture demo\STM32
#        Sensortile FW
#        project\Projects\Multi\Applications\SENSING1\EWARM\STM32L476RG-SensorTile\STM32L476RG-SensorTile
#        HAR_GMP\Obj\STC3115_Driver.o" "C:\Matteo\Gesture demo\STM32 Sensortile
#        FW
#        project\Projects\Multi\Applications\SENSING1\EWARM\STM32L476RG-SensorTile\STM32L476RG-SensorTile
#        HAR_GMP\Obj\stm32l4xx_hal.o" "C:\Matteo\Gesture demo\STM32 Sensortile
#        FW
#        project\Projects\Multi\Applications\SENSING1\EWARM\STM32L476RG-SensorTile\STM32L476RG-SensorTile
#        HAR_GMP\Obj\stm32l4xx_hal_adc.o" "C:\Matteo\Gesture demo\STM32
#        Sensortile FW
#        project\Projects\Multi\Applications\SENSING1\EWARM\STM32L476RG-SensorTile\STM32L476RG-SensorTile
#        HAR_GMP\Obj\stm32l4xx_hal_adc_ex.o" "C:\Matteo\Gesture demo\STM32
#        Sensortile FW
#        project\Projects\Multi\Applications\SENSING1\EWARM\STM32L476RG-SensorTile\STM32L476RG-SensorTile
#        HAR_GMP\Obj\stm32l4xx_hal_cortex.o" "C:\Matteo\Gesture demo\STM32
#        Sensortile FW
#        project\Projects\Multi\Applications\SENSING1\EWARM\STM32L476RG-SensorTile\STM32L476RG-SensorTile
#        HAR_GMP\Obj\stm32l4xx_hal_crc.o" "C:\Matteo\Gesture demo\STM32
#        Sensortile FW
#        project\Projects\Multi\Applications\SENSING1\EWARM\STM32L476RG-SensorTile\STM32L476RG-SensorTile
#        HAR_GMP\Obj\stm32l4xx_hal_crc_ex.o" "C:\Matteo\Gesture demo\STM32
#        Sensortile FW
#        project\Projects\Multi\Applications\SENSING1\EWARM\STM32L476RG-SensorTile\STM32L476RG-SensorTile
#        HAR_GMP\Obj\stm32l4xx_hal_dfsdm.o" "C:\Matteo\Gesture demo\STM32
#        Sensortile FW
#        project\Projects\Multi\Applications\SENSING1\EWARM\STM32L476RG-SensorTile\STM32L476RG-SensorTile
#        HAR_GMP\Obj\stm32l4xx_hal_dma.o" "C:\Matteo\Gesture demo\STM32
#        Sensortile FW
#        project\Projects\Multi\Applications\SENSING1\EWARM\STM32L476RG-SensorTile\STM32L476RG-SensorTile
#        HAR_GMP\Obj\stm32l4xx_hal_flash.o" "C:\Matteo\Gesture demo\STM32
#        Sensortile FW
#        project\Projects\Multi\Applications\SENSING1\EWARM\STM32L476RG-SensorTile\STM32L476RG-SensorTile
#        HAR_GMP\Obj\stm32l4xx_hal_flash_ex.o" "C:\Matteo\Gesture demo\STM32
#        Sensortile FW
#        project\Projects\Multi\Applications\SENSING1\EWARM\STM32L476RG-SensorTile\STM32L476RG-SensorTile
#        HAR_GMP\Obj\stm32l4xx_hal_gpio.o" "C:\Matteo\Gesture demo\STM32
#        Sensortile FW
#        project\Projects\Multi\Applications\SENSING1\EWARM\STM32L476RG-SensorTile\STM32L476RG-SensorTile
#        HAR_GMP\Obj\stm32l4xx_hal_i2c.o" "C:\Matteo\Gesture demo\STM32
#        Sensortile FW
#        project\Projects\Multi\Applications\SENSING1\EWARM\STM32L476RG-SensorTile\STM32L476RG-SensorTile
#        HAR_GMP\Obj\stm32l4xx_hal_i2c_ex.o" "C:\Matteo\Gesture demo\STM32
#        Sensortile FW
#        project\Projects\Multi\Applications\SENSING1\EWARM\STM32L476RG-SensorTile\STM32L476RG-SensorTile
#        HAR_GMP\Obj\stm32l4xx_hal_msp.o" "C:\Matteo\Gesture demo\STM32
#        Sensortile FW
#        project\Projects\Multi\Applications\SENSING1\EWARM\STM32L476RG-SensorTile\STM32L476RG-SensorTile
#        HAR_GMP\Obj\stm32l4xx_hal_pcd.o" "C:\Matteo\Gesture demo\STM32
#        Sensortile FW
#        project\Projects\Multi\Applications\SENSING1\EWARM\STM32L476RG-SensorTile\STM32L476RG-SensorTile
#        HAR_GMP\Obj\stm32l4xx_hal_pcd_ex.o" "C:\Matteo\Gesture demo\STM32
#        Sensortile FW
#        project\Projects\Multi\Applications\SENSING1\EWARM\STM32L476RG-SensorTile\STM32L476RG-SensorTile
#        HAR_GMP\Obj\stm32l4xx_hal_pwr.o" "C:\Matteo\Gesture demo\STM32
#        Sensortile FW
#        project\Projects\Multi\Applications\SENSING1\EWARM\STM32L476RG-SensorTile\STM32L476RG-SensorTile
#        HAR_GMP\Obj\stm32l4xx_hal_pwr_ex.o" "C:\Matteo\Gesture demo\STM32
#        Sensortile FW
#        project\Projects\Multi\Applications\SENSING1\EWARM\STM32L476RG-SensorTile\STM32L476RG-SensorTile
#        HAR_GMP\Obj\stm32l4xx_hal_rcc.o" "C:\Matteo\Gesture demo\STM32
#        Sensortile FW
#        project\Projects\Multi\Applications\SENSING1\EWARM\STM32L476RG-SensorTile\STM32L476RG-SensorTile
#        HAR_GMP\Obj\stm32l4xx_hal_rcc_ex.o" "C:\Matteo\Gesture demo\STM32
#        Sensortile FW
#        project\Projects\Multi\Applications\SENSING1\EWARM\STM32L476RG-SensorTile\STM32L476RG-SensorTile
#        HAR_GMP\Obj\stm32l4xx_hal_rtc.o" "C:\Matteo\Gesture demo\STM32
#        Sensortile FW
#        project\Projects\Multi\Applications\SENSING1\EWARM\STM32L476RG-SensorTile\STM32L476RG-SensorTile
#        HAR_GMP\Obj\stm32l4xx_hal_rtc_ex.o" "C:\Matteo\Gesture demo\STM32
#        Sensortile FW
#        project\Projects\Multi\Applications\SENSING1\EWARM\STM32L476RG-SensorTile\STM32L476RG-SensorTile
#        HAR_GMP\Obj\stm32l4xx_hal_spi.o" "C:\Matteo\Gesture demo\STM32
#        Sensortile FW
#        project\Projects\Multi\Applications\SENSING1\EWARM\STM32L476RG-SensorTile\STM32L476RG-SensorTile
#        HAR_GMP\Obj\stm32l4xx_hal_spi_ex.o" "C:\Matteo\Gesture demo\STM32
#        Sensortile FW
#        project\Projects\Multi\Applications\SENSING1\EWARM\STM32L476RG-SensorTile\STM32L476RG-SensorTile
#        HAR_GMP\Obj\stm32l4xx_hal_tim.o" "C:\Matteo\Gesture demo\STM32
#        Sensortile FW
#        project\Projects\Multi\Applications\SENSING1\EWARM\STM32L476RG-SensorTile\STM32L476RG-SensorTile
#        HAR_GMP\Obj\stm32l4xx_hal_tim_ex.o" "C:\Matteo\Gesture demo\STM32
#        Sensortile FW
#        project\Projects\Multi\Applications\SENSING1\EWARM\STM32L476RG-SensorTile\STM32L476RG-SensorTile
#        HAR_GMP\Obj\stm32l4xx_hal_uart.o" "C:\Matteo\Gesture demo\STM32
#        Sensortile FW
#        project\Projects\Multi\Applications\SENSING1\EWARM\STM32L476RG-SensorTile\STM32L476RG-SensorTile
#        HAR_GMP\Obj\stm32l4xx_hal_uart_ex.o" "C:\Matteo\Gesture demo\STM32
#        Sensortile FW
#        project\Projects\Multi\Applications\SENSING1\EWARM\STM32L476RG-SensorTile\STM32L476RG-SensorTile
#        HAR_GMP\Obj\stm32l4xx_it.o" "C:\Matteo\Gesture demo\STM32 Sensortile
#        FW
#        project\Projects\Multi\Applications\SENSING1\EWARM\STM32L476RG-SensorTile\STM32L476RG-SensorTile
#        HAR_GMP\Obj\stm32l4xx_ll_usb.o" "C:\Matteo\Gesture demo\STM32
#        Sensortile FW
#        project\Projects\Multi\Applications\SENSING1\EWARM\STM32L476RG-SensorTile\STM32L476RG-SensorTile
#        HAR_GMP\Obj\syscall.o" "C:\Matteo\Gesture demo\STM32 Sensortile FW
#        project\Projects\Multi\Applications\SENSING1\EWARM\STM32L476RG-SensorTile\STM32L476RG-SensorTile
#        HAR_GMP\Obj\system_stm32l4xx.o" "C:\Matteo\Gesture demo\STM32
#        Sensortile FW
#        project\Projects\Multi\Applications\SENSING1\EWARM\STM32L476RG-SensorTile\STM32L476RG-SensorTile
#        HAR_GMP\Obj\TargetPlatform.o" "C:\Matteo\Gesture demo\STM32 Sensortile
#        FW
#        project\Projects\Multi\Applications\SENSING1\EWARM\STM32L476RG-SensorTile\STM32L476RG-SensorTile
#        HAR_GMP\Obj\tasks.o" "C:\Matteo\Gesture demo\STM32 Sensortile FW
#        project\Projects\Multi\Applications\SENSING1\EWARM\STM32L476RG-SensorTile\STM32L476RG-SensorTile
#        HAR_GMP\Obj\timers.o" "C:\Matteo\Gesture demo\STM32 Sensortile FW
#        project\Projects\Multi\Applications\SENSING1\EWARM\STM32L476RG-SensorTile\STM32L476RG-SensorTile
#        HAR_GMP\Obj\unicode.o" "C:\Matteo\Gesture demo\STM32 Sensortile FW
#        project\Projects\Multi\Applications\SENSING1\EWARM\STM32L476RG-SensorTile\STM32L476RG-SensorTile
#        HAR_GMP\Obj\usbd_cdc.o" "C:\Matteo\Gesture demo\STM32 Sensortile FW
#        project\Projects\Multi\Applications\SENSING1\EWARM\STM32L476RG-SensorTile\STM32L476RG-SensorTile
#        HAR_GMP\Obj\usbd_cdc_interface.o" "C:\Matteo\Gesture demo\STM32
#        Sensortile FW
#        project\Projects\Multi\Applications\SENSING1\EWARM\STM32L476RG-SensorTile\STM32L476RG-SensorTile
#        HAR_GMP\Obj\usbd_conf.o" "C:\Matteo\Gesture demo\STM32 Sensortile FW
#        project\Projects\Multi\Applications\SENSING1\EWARM\STM32L476RG-SensorTile\STM32L476RG-SensorTile
#        HAR_GMP\Obj\usbd_core.o" "C:\Matteo\Gesture demo\STM32 Sensortile FW
#        project\Projects\Multi\Applications\SENSING1\EWARM\STM32L476RG-SensorTile\STM32L476RG-SensorTile
#        HAR_GMP\Obj\usbd_ctlreq.o" "C:\Matteo\Gesture demo\STM32 Sensortile FW
#        project\Projects\Multi\Applications\SENSING1\EWARM\STM32L476RG-SensorTile\STM32L476RG-SensorTile
#        HAR_GMP\Obj\usbd_desc.o" "C:\Matteo\Gesture demo\STM32 Sensortile FW
#        project\Projects\Multi\Applications\SENSING1\EWARM\STM32L476RG-SensorTile\STM32L476RG-SensorTile
#        HAR_GMP\Obj\usbd_ioreq.o" --redirect _Printf=_PrintfFull --redirect
#        _Scanf=_ScanfSmall --no_out_extension -o "C:\Matteo\Gesture demo\STM32
#        Sensortile FW
#        project\Projects\Multi\Applications\SENSING1\EWARM\STM32L476RG-SensorTile\STM32L476RG-SensorTile
#        HAR_GMP\Exe\SENSING1_ST.out" --map "C:\Matteo\Gesture demo\STM32
#        Sensortile FW
#        project\Projects\Multi\Applications\SENSING1\EWARM\STM32L476RG-SensorTile\STM32L476RG-SensorTile
#        HAR_GMP\List\SENSING1_ST.map" --config "C:\Matteo\Gesture demo\STM32
#        Sensortile FW
#        project\Projects\Multi\Applications\SENSING1\EWARM\STM32L476RG-SensorTile\stm32l476xG.icf"
#        --semihosting --entry __iar_program_start "C:\Program Files (x86)\IAR
#        Systems\Embedded Workbench
#        8.1\arm\CMSIS\Lib\IAR\iar_cortexM4lf_math.a" --vfe --text_out locale)
#
###############################################################################

*******************************************************************************
*** RUNTIME MODEL ATTRIBUTES
***

CppFlavor       = *
__Heap_Handler  = DLMalloc
__SystemLibrary = DLib
__dlib_version  = 6


*******************************************************************************
*** HEAP SELECTION
***

The advanced heap was selected because the application calls memory
allocation functions outside of system library functions, and there
are calls to deallocation functions in the application.


*******************************************************************************
*** PLACEMENT SUMMARY
***

"A0":  place at 0x800'4000 { ro section .intvec };
"P1":  place in [from 0x0 to 0x0] |
                [from 0x800'4000 to 0x80f'fffe] { ro };
define block CSTACK with size = 4K, alignment = 8 { };
define block HEAP with size = 2K, alignment = 8 { };
"P3":  place in [from 0x2000'0000 to 0x2001'7fff] {
          rw, block CSTACK, block HEAP };
initialize by copy { rw };

No sections matched the following patterns:

  ro section application_specific_ro  in "P2|P5"
  rw section application_specific_rw  in "P2|P5"


  Section            Kind         Address     Size  Object
  -------            ----         -------     ----  ------
"A0":                                        0x188
  .intvec            ro code   0x800'4000    0x188  startup_stm32l476xx.o [1]
                             - 0x800'4188    0x188

"P1":                                      0x6f965
  .text              ro code   0x800'4188  0x5237c  network_data.o [1]
  .text              ro code   0x805'6504   0x25a4  sensor_service.o [1]
  .text              ro code   0x805'8aa8    0x286  bluenrg_gatt_aci.o [1]
  .text              ro code   0x805'8d2e     0x3a  zero_init3.o [6]
  .text              ro code   0x805'8d68    0x4fc  cmsis_os.o [1]
  .text              ro code   0x805'9264     0xa6  ABImemcpy.o [6]
  .text              ro code   0x805'930a     0x1e  xencoding_8859_1.o [3]
  .text              ro code   0x805'9328    0xf1c  main.o [1]
  .text              ro code   0x805'a244      0xc  stm32l4xx_hal.o [1]
  .text              ro code   0x805'a250     0x40  sprintf.o [3]
  .text              ro code   0x805'a290    0x3c4  SensorTile_BlueNRG_patch.o [1]
  .text              ro code   0x805'a654     0xc0  hci_le.o [1]
  .text              ro code   0x805'a714    0x22e  bluenrg_gap_aci_patch.o [1]
  .text              ro code   0x805'a942      0xa  xsprout.o [3]
  .text              ro code   0x805'a94c    0x434  HWAdvanceFeatures.o [1]
  .text              ro code   0x805'ad80   0x1304  DataLog_Manager.o [1]
  .text              ro code   0x805'c084    0x1d6  SensorTile_pressure_patch.o [1]
  .text              ro code   0x805'c25c    0x16e  SensorTile_humidity_patch.o [1]
  .text              ro code   0x805'c3cc    0x294  SensorTile_temperature_patch.o [1]
  .text              ro code   0x805'c660    0x338  gesture_Processing.o [1]
  .text              ro code   0x805'c998     0xe8  SensorTile_gg.o [1]
  .text              ro code   0x805'ca80    0x20c  PowerControl.o [1]
  .text              ro code   0x805'cc8c    0x354  TargetPlatform.o [1]
  .text              ro code   0x805'cfe0     0x22  S32ToDbl.o [5]
  .text              ro code   0x805'd004    0x246  DblDiv.o [5]
  .text              ro code   0x805'd24c     0x62  round.o [5]
  .text              ro code   0x805'd2b0     0x3a  DblToS32.o [5]
  .text              ro code   0x805'd2ec     0x1a  U32ToDbl.o [5]
  .text              ro code   0x805'd306     0x28  strncmp.o [3]
  .text              ro code   0x805'd330     0x22  stm32l4xx_hal.o [1]
  .text              ro code   0x805'd354    0x174  iar_Stoulx.o [3]
  .text              ro code   0x805'd4c8     0x5e  bluenrg_l2cap_aci.o [1]
  .text              ro code   0x805'd528    0x510  MetaDataManager.o [1]
  .text              ro code   0x805'da38    0x788  SensorTile_accelero.o [1]
  .text              ro code   0x805'e1c0     0x20  osal.o [1]
  .text              ro code   0x805'e1e0    0x31c  hci_patch.o [1]
  .text              ro code   0x805'e4fc    0x960  tasks.o [1]
  .text              ro code   0x805'ee5c    0x40c  timers.o [1]
  .text              ro code   0x805'f268    0x822  queue.o [1]
  .text              ro code   0x805'fa8c    0x1dc  heap_4.o [1]
  .text              ro code   0x805'fc68    0x1d4  port.o [1]
  .text              ro code   0x805'fe3c    0x1b0  SensorTile_gyro.o [1]
  .text              ro code   0x805'ffec    0x18c  SensorTile_magneto.o [1]
  .text              ro code   0x806'0178     0x96  ABImemmove.o [6]
  .text              ro code   0x806'0210     0xa4  log10f.o [5]
  .text              ro code   0x806'02b4     0x4c  bluenrg_hal_aci_patch.o [1]
  .text              ro code   0x806'0300      0x6  ABImemclr4.o [6]
  .text              ro code   0x806'0308    0x74c  stm32l4xx_hal_rcc.o [1]
  .text              ro code   0x806'0a54    0x5f4  stm32l4xx_hal_rcc_ex.o [1]
  .text              ro code   0x806'1048    0x454  stm32l4xx_hal_rtc.o [1]
  .text              ro code   0x806'149c    0xf7a  xprintffull.o [3]
  .text              ro code   0x806'2418    0x334  stm32l4xx_hal_gpio.o [1]
  .text              ro code   0x806'274c    0x114  stm32l4xx_hal_cortex.o [1]
  .text              ro code   0x806'2860     0x26  gp_timer.o [1]
  .text              ro code   0x806'2888    0x982  stm32l4xx_hal_spi.o [1]
  .text              ro code   0x806'320c     0x48  FltToDbl.o [5]
  .text              ro code   0x806'3254   0x1a06  ff.o [1]
  .text              ro code   0x806'4c5c    0xb88  SensorTile.o [1]
  .text              ro code   0x806'57e4     0x80  ff_gen_drv.o [1]
  .text              ro code   0x806'5864    0x378  LPS22HB_Driver.o [1]
  .text              ro code   0x806'5bdc     0x66  ABImemset.o [6]
  .text              ro code   0x806'5c44     0x3a  ABImemset48.o [6]
  .text              ro code   0x806'5c80    0x480  HTS221_Driver.o [1]
  .text              ro code   0x806'6100    0x4d8  network.o [1]
  .text              ro code   0x806'65d8    0x130  gesture_Postprocessing.o [1]
  .text              ro code   0x806'6708     0x1c  stm32l4xx_hal_pwr.o [1]
  .text              ro code   0x806'6724    0x1a4  stm32l4xx_hal_rtc_ex.o [1]
  .text              ro code   0x806'68c8     0x10  stm32l4xx_hal.o [1]
  .text              ro code   0x806'68d8     0x58  stm32l4xx_hal_pwr_ex.o [1]
  .text              ro code   0x806'6930     0x10  stm32l4xx_hal.o [1]
  .text              ro code   0x806'6940    0xd62  SensorTile_audio_in.o [1]
  .text              ro code   0x806'76a4    0x264  stm32l4xx_hal_flash.o [1]
  .text              ro code   0x806'7908    0x1bc  stm32l4xx_hal_flash_ex.o [1]
  .text              ro code   0x806'7ac4     0x28  stm32l4xx_hal.o [1]
  .text              ro code   0x806'7aec     0x14  isspace.o [3]
  .text              ro code   0x806'7b00     0x14  tolower.o [3]
  .text              ro code   0x806'7b14     0x58  memchr.o [6]
  .text              ro code   0x806'7b6c   0x1184  LSM6DSM_ACC_GYRO_driver.o [1]
  .text              ro code   0x806'8cf0     0xca  ble_list.o [1]
  .text              ro code   0x806'8dba     0x90  list.o [1]
  .text              ro code   0x806'8e4c     0x38  port.o [1]
  CODE               ro code   0x806'8e84     0xa8  portasm.o [1]
  .text              ro code   0x806'8f2c    0x1c2  LSM303AGR_MAG_driver.o [1]
  .text              ro code   0x806'90f0     0xc0  logf.o [5]
  .text              ro code   0x806'91b0     0x80  stm32l4xx_hal_msp.o [1]
  .text              ro code   0x806'9230      0x2  stm32l4xx_hal_rtc_ex.o [1]
  .text              ro code   0x806'9234     0xa4  xlocale_c.o [3]
  .text              ro code   0x806'92d8     0x16  strchr.o [6]
  .text              ro code   0x806'92f0     0x40  xfail_s.o [3]
  .text              ro code   0x806'9330     0x36  strlen.o [6]
  .text              ro code   0x806'9366      0xa  xmbcurmax.o [3]
  .text              ro code   0x806'9370    0x274  I64DivMod.o [6]
  .text              ro code   0x806'95e4    0x1a2  DblMul.o [5]
  .text              ro code   0x806'9788     0x70  frexp.o [5]
  .text              ro code   0x806'97f8     0x2e  DblCmpLe.o [5]
  .text              ro code   0x806'9828     0x2e  DblCmpGe.o [5]
  .text              ro code   0x806'9858    0x13a  ldexp.o [5]
  .text              ro code   0x806'9994     0xe2  DblSub.o [5]
  .text              ro code   0x806'9a78     0x28  DblToU32.o [5]
  .text              ro code   0x806'9aa0      0x2  stm32l4xx_hal_spi.o [1]
  .text              ro code   0x806'9aa4    0x2de  stm32l4xx_hal_dma.o [1]
  .text              ro code   0x806'9d82      0x2  stm32l4xx_hal_spi.o [1]
  .text              ro code   0x806'9d84    0x570  SensorTile_sd.o [1]
  .text              ro code   0x806'a2f4      0x2  stm32l4xx_hal_spi.o [1]
  .text              ro code   0x806'a2f8     0x80  diskio.o [1]
  .text              ro code   0x806'a378    0x480  unicode.o [1]
  .text              ro code   0x806'a7f8      0x8  syscall.o [1]
  .text              ro code   0x806'a800    0x70a  stm32l4xx_hal_i2c.o [1]
  .text              ro code   0x806'af0c     0x28  printf.o [3]
  .text              ro code   0x806'af34    0x4b0  ai_platform_interface.o [2]
  .text              ro code   0x806'b3e4      0x2  stm32l4xx_hal_rtc_ex.o [1]
  .text              ro code   0x806'b3e8    0x514  stm32l4xx_hal_dfsdm.o [1]
  .text              ro code   0x806'b8fc      0x6  abort.o [3]
  .text              ro code   0x806'b904      0x2  I64DivZer.o [6]
  .text              ro code   0x806'b908    0x16a  DblAdd.o [5]
  .text              ro code   0x806'ba74   0x14e0  dlmalloc.o [3]
  .text              ro code   0x806'cf54      0x4  heaptramp0.o [3]
  .text              ro code   0x806'cf58      0x2  stm32l4xx_hal_i2c.o [1]
  .text              ro code   0x806'cf5a     0x24  core_common.o [2]
  .text              ro code   0x806'cf80     0x54  layers.o [2]
  .text              ro code   0x806'cfd4      0x2  stm32l4xx_hal_dfsdm.o [1]
  .text              ro code   0x806'cfd6      0x2  stm32l4xx_hal_dfsdm.o [1]
  .text              ro code   0x806'cfd8      0x2  stm32l4xx_hal_dfsdm.o [1]
  .text              ro code   0x806'cfda      0x2  stm32l4xx_hal_dfsdm.o [1]
  .text              ro code   0x806'cfdc     0x14  exit.o [7]
  .text              ro code   0x806'cff0     0x2c  xgetmemchunk.o [3]
  .text              ro code   0x806'd01c     0x68  memcmp.o [6]
  .text              ro code   0x806'd084     0x80  iarttio.o [7]
  .text              ro code   0x806'd104     0x3c  XShttio.o [3]
  .text              ro code   0x806'd140   0x1b82  LSM6DSM_ACC_GYRO_driver_HL.o [1]
  .text              ro code   0x806'ecc4    0xb24  layers_conv2d_generic_float.o [2]
  .text              ro code   0x806'f7e8     0x70  ai_math_helpers.o [2]
  .text              ro code   0x806'f858     0xe4  arm_dot_prod_f32.o [4]
  .text              ro code   0x806'f93c     0xa4  tanhf.o [5]
  .text              ro code   0x806'f9e0     0xde  xexpf.o [5]
  .text              ro code   0x806'fac0    0x830  STC3115_Driver.o [1]
  .text              ro code   0x807'02f0    0x7e8  LSM303AGR_ACC_driver_HL.o [1]
  .text              ro code   0x807'0ad8    0x492  LSM303AGR_ACC_driver.o [1]
  .text              ro code   0x807'0f6c    0x5ac  LPS22HB_Driver_HL.o [1]
  .text              ro code   0x807'1518    0x4f0  layers_rnn_generic_float.o [2]
  .text              ro code   0x807'1a08      0x6  ABImemclr.o [6]
  .text              ro code   0x807'1a10    0x444  HTS221_Driver_HL.o [1]
  .text              ro code   0x807'1e54    0x344  LSM303AGR_MAG_driver_HL.o [1]
  .text              ro code   0x807'2198    0x1f6  lz77_init.o [6]
  .text              ro code   0x807'2390    0x1b8  layers_nl_generic_float.o [2]
  .text              ro code   0x807'2548     0x5a  expf.o [5]
  .text              ro code   0x807'25a4    0x1ae  layers_norm_generic_float.o [2]
  .text              ro code   0x807'2754     0xe0  sd_diskio_SensorTile.o [1]
  .text              ro code   0x807'2834     0xd8  xfspos.o [3]
  .text              ro code   0x807'290c     0xac  fflush.o [3]
  .text              ro code   0x807'29b8      0xc  xfgpos.o [3]
  .text              ro code   0x807'29c4     0x4a  lseek.o [7]
  .text              ro code   0x807'2a0e     0x10  write.o [7]
  .text              ro code   0x807'2a20     0xcc  XShHandles.o [3]
  .text              ro code   0x807'2aec     0x1e  dwrite.o [7]
  .text              ro code   0x807'2b0a     0x20  iarwstd.o [7]
  .text              ro code   0x807'2b2a     0x22  iarwrite.o [7]
  .text              ro code   0x807'2b4c     0xb4  xfwprep.o [3]
  .text              ro code   0x807'2c00     0x24  fseek.o [3]
  .text              ro code   0x807'2c24     0x90  system_stm32l4xx.o [1]
  .text              ro code   0x807'2cb4     0x8c  xfofind.o [3]
  .text              ro code   0x807'2d40     0x7e  fclose.o [3]
  .text              ro code   0x807'2dbe     0x18  close.o [7]
  .text              ro code   0x807'2dd6     0x14  remove.o [7]
  .text              ro code   0x807'2dec     0x54  stm32l4xx_it.o [1]
  .text              ro code   0x807'2e40     0x10  stm32l4xx_hal.o [1]
  .text              ro code   0x807'2e50     0x54  fputc.o [3]
  .rodata            const     0x807'2ea4     0x44  logf.o [5]
  .rodata            const     0x807'2ee8     0x44  xexpf.o [5]
  .text              ro code   0x807'2f2c     0x3c  xcloseall.o [3]
  .rodata            const     0x807'2f68     0x38  network.o [1]
  .rodata            const     0x807'2fa0     0x30  DataLog_Manager.o [1]
  .rodata            const     0x807'2fd0     0x28  tanhf.o [5]
  .text              ro code   0x807'2ff8     0x28  data_init.o [6]
  .text              ro code   0x807'3020     0x22  fpinit_M.o [5]
  .iar.init_table    const     0x807'3044     0x2c  - Linker created -
  .text              ro code   0x807'3070     0x1e  cmain.o [6]
  .text              ro code   0x807'308e      0x4  low_level_init.o [3]
  .text              ro code   0x807'3092      0x4  exit.o [3]
  .text              ro code   0x807'3098      0xe  cexit.o [6]
  .rodata            const     0x807'30a8     0x18  main.o [1]
  .text              ro code   0x807'30c0     0x16  xprout.o [3]
  .text              ro code   0x807'30d8      0xc  putchar.o [3]
  .rodata            const     0x807'30e4     0x14  sd_diskio_SensorTile.o [1]
  .text              ro code   0x807'30f8     0x10  startup_stm32l476xx.o [1]
  .text              ro code   0x807'3108      0xc  cstartup_M.o [6]
  .rodata            const     0x807'3114      0x6  xlocale_c.o [3]
  .text              ro code   0x807'311a      0x4  startup_stm32l476xx.o [1]
  .text              ro code   0x807'311e      0x4  startup_stm32l476xx.o [1]
  .text              ro code   0x807'3122      0x4  startup_stm32l476xx.o [1]
  .text              ro code   0x807'3126      0x4  startup_stm32l476xx.o [1]
  .text              ro code   0x807'312a      0x4  startup_stm32l476xx.o [1]
  .text              ro code   0x807'312e      0x4  startup_stm32l476xx.o [1]
  .text              ro code   0x807'3132      0x4  startup_stm32l476xx.o [1]
  .text              ro code   0x807'3136      0x4  startup_stm32l476xx.o [1]
  .text              ro code   0x807'313a      0x4  startup_stm32l476xx.o [1]
  .text              ro code   0x807'313e      0x4  startup_stm32l476xx.o [1]
  .text              ro code   0x807'3142      0x4  startup_stm32l476xx.o [1]
  .text              ro code   0x807'3146      0x4  startup_stm32l476xx.o [1]
  .text              ro code   0x807'314a      0x4  startup_stm32l476xx.o [1]
  .text              ro code   0x807'314e      0x4  startup_stm32l476xx.o [1]
  .text              ro code   0x807'3152      0x4  startup_stm32l476xx.o [1]
  .text              ro code   0x807'3156      0x4  startup_stm32l476xx.o [1]
  .text              ro code   0x807'315a      0x4  startup_stm32l476xx.o [1]
  .text              ro code   0x807'315e      0x4  startup_stm32l476xx.o [1]
  .text              ro code   0x807'3162      0x4  startup_stm32l476xx.o [1]
  .text              ro code   0x807'3166      0x4  startup_stm32l476xx.o [1]
  .text              ro code   0x807'316a      0x4  startup_stm32l476xx.o [1]
  .text              ro code   0x807'316e      0x4  startup_stm32l476xx.o [1]
  .text              ro code   0x807'3172      0x4  startup_stm32l476xx.o [1]
  .text              ro code   0x807'3176      0x4  startup_stm32l476xx.o [1]
  .text              ro code   0x807'317a      0x4  startup_stm32l476xx.o [1]
  .text              ro code   0x807'317e      0x4  startup_stm32l476xx.o [1]
  .text              ro code   0x807'3182      0x4  startup_stm32l476xx.o [1]
  .text              ro code   0x807'3186      0x4  startup_stm32l476xx.o [1]
  .text              ro code   0x807'318a      0x4  startup_stm32l476xx.o [1]
  .text              ro code   0x807'318e      0x4  startup_stm32l476xx.o [1]
  .text              ro code   0x807'3192      0x4  startup_stm32l476xx.o [1]
  .text              ro code   0x807'3196      0x4  startup_stm32l476xx.o [1]
  .text              ro code   0x807'319a      0x4  startup_stm32l476xx.o [1]
  .text              ro code   0x807'319e      0x4  startup_stm32l476xx.o [1]
  .text              ro code   0x807'31a2      0x4  startup_stm32l476xx.o [1]
  .text              ro code   0x807'31a6      0x4  startup_stm32l476xx.o [1]
  .text              ro code   0x807'31aa      0x4  startup_stm32l476xx.o [1]
  .text              ro code   0x807'31ae      0x4  startup_stm32l476xx.o [1]
  .text              ro code   0x807'31b2      0x4  startup_stm32l476xx.o [1]
  .text              ro code   0x807'31b6      0x4  startup_stm32l476xx.o [1]
  .text              ro code   0x807'31ba      0x4  startup_stm32l476xx.o [1]
  .text              ro code   0x807'31be      0x4  startup_stm32l476xx.o [1]
  .text              ro code   0x807'31c2      0x4  startup_stm32l476xx.o [1]
  .text              ro code   0x807'31c6      0x4  startup_stm32l476xx.o [1]
  .text              ro code   0x807'31ca      0x4  startup_stm32l476xx.o [1]
  .text              ro code   0x807'31ce      0x4  startup_stm32l476xx.o [1]
  .text              ro code   0x807'31d2      0x4  startup_stm32l476xx.o [1]
  .text              ro code   0x807'31d6      0x4  startup_stm32l476xx.o [1]
  .text              ro code   0x807'31da      0x4  startup_stm32l476xx.o [1]
  .text              ro code   0x807'31de      0x4  startup_stm32l476xx.o [1]
  .text              ro code   0x807'31e2      0x4  startup_stm32l476xx.o [1]
  .text              ro code   0x807'31e6      0x4  startup_stm32l476xx.o [1]
  .text              ro code   0x807'31ea      0x4  startup_stm32l476xx.o [1]
  .text              ro code   0x807'31ee      0x4  startup_stm32l476xx.o [1]
  .text              ro code   0x807'31f2      0x4  startup_stm32l476xx.o [1]
  .text              ro code   0x807'31f6      0x4  startup_stm32l476xx.o [1]
  .text              ro code   0x807'31fa      0x4  startup_stm32l476xx.o [1]
  .text              ro code   0x807'31fe      0x4  startup_stm32l476xx.o [1]
  .text              ro code   0x807'3202      0x4  startup_stm32l476xx.o [1]
  .text              ro code   0x807'3206      0x4  startup_stm32l476xx.o [1]
  .text              ro code   0x807'320a      0x4  startup_stm32l476xx.o [1]
  .text              ro code   0x807'320e      0x4  startup_stm32l476xx.o [1]
  .text              ro code   0x807'3212      0x4  startup_stm32l476xx.o [1]
  .text              ro code   0x807'3216      0x4  startup_stm32l476xx.o [1]
  .text              ro code   0x807'321a      0x4  startup_stm32l476xx.o [1]
  .text              ro code   0x807'321e      0x4  startup_stm32l476xx.o [1]
  .text              ro code   0x807'3222      0x4  startup_stm32l476xx.o [1]
  .text              ro code   0x807'3226      0x4  startup_stm32l476xx.o [1]
  .text              ro code   0x807'322a      0x4  startup_stm32l476xx.o [1]
  .text              ro code   0x807'322e      0x4  startup_stm32l476xx.o [1]
  .text              ro code   0x807'3232      0x4  startup_stm32l476xx.o [1]
  .text              ro code   0x807'3236      0x4  startup_stm32l476xx.o [1]
  .text              ro code   0x807'323a      0x4  startup_stm32l476xx.o [1]
  .text              ro code   0x807'323e      0x4  startup_stm32l476xx.o [1]
  .text              ro code   0x807'3244      0x0  cstart_closeall.o [6]
  .rodata            const     0x807'3244      0x0  zero_init3.o [6]
  .rodata            const     0x807'3244      0x0  lz77_init.o [6]
  Initializer bytes  const     0x807'3244    0x8a9  <for P3 s0>
                             - 0x807'3aed  0x6f965

"P3", part 1 of 3:                          0x1aa9
  P3 s0                       0x2000'0000   0x1aa9  <Init block>
    .data            inited   0x2000'0000    0x308  DataLog_Manager.o [1]
    .data            inited   0x2000'0308    0x1c0  network.o [1]
    .data            inited   0x2000'04c8    0x150  MetaDataManager.o [1]
    .data            inited   0x2000'0618    0x140  MetaDataManager.o [1]
    .data            inited   0x2000'0758    0x100  network.o [1]
    .data            inited   0x2000'0858     0xd4  LSM6DSM_ACC_GYRO_driver_HL.o [1]
    .data            inited   0x2000'092c     0xa4  gesture_Processing.o [1]
    .data            inited   0x2000'09d0     0x68  SensorTile.o [1]
    .data            inited   0x2000'0a38     0x60  STC3115_Driver.o [1]
    .data            inited   0x2000'0a98     0x54  main.o [1]
    .data            inited   0x2000'0aec     0x50  LSM303AGR_ACC_driver_HL.o [1]
    .data            inited   0x2000'0b3c     0x50  LSM6DSM_ACC_GYRO_driver_HL.o [1]
    .data            inited   0x2000'0b8c     0x50  LSM6DSM_ACC_GYRO_driver_HL.o [1]
    .data            inited   0x2000'0bdc     0x50  SensorTile.o [1]
    .data            inited   0x2000'0c2c     0x48  LSM303AGR_MAG_driver_HL.o [1]
    .data            inited   0x2000'0c74     0x48  network.o [1]
    .data            inited   0x2000'0cbc     0x48  xlocale_c.o [3]
    .data            inited   0x2000'0d04     0x48  xfiles.o [3]
    .data            inited   0x2000'0d4c     0x48  xfiles.o [3]
    .data            inited   0x2000'0d94     0x48  xfiles.o [3]
    .data            inited   0x2000'0ddc     0x40  SensorTile_audio_in.o [1]
    .data            inited   0x2000'0e1c     0x3c  DataLog_Manager.o [1]
    .data            inited   0x2000'0e58     0x38  xlocale_c.o [3]
    .data            inited   0x2000'0e90     0x34  HTS221_Driver_HL.o [1]
    .data            inited   0x2000'0ec4     0x34  HTS221_Driver_HL.o [1]
    .data            inited   0x2000'0ef8     0x34  LPS22HB_Driver_HL.o [1]
    .data            inited   0x2000'0f2c     0x34  LPS22HB_Driver_HL.o [1]
    .data            inited   0x2000'0f60     0x30  network.o [1]
    .data            inited   0x2000'0f90     0x30  network.o [1]
    .data            inited   0x2000'0fc0     0x30  network.o [1]
    .data            inited   0x2000'0ff0     0x30  network.o [1]
    .data            inited   0x2000'1020     0x30  network.o [1]
    .data            inited   0x2000'1050     0x30  network.o [1]
    .data            inited   0x2000'1080     0x30  network.o [1]
    .data            inited   0x2000'10b0     0x30  sensor_service.o [1]
    .data            inited   0x2000'10e0     0x28  network.o [1]
    .data            inited   0x2000'1108     0x28  network.o [1]
    .data            inited   0x2000'1130     0x24  network.o [1]
    .data            inited   0x2000'1154     0x24  network.o [1]
    .data            inited   0x2000'1178     0x24  network.o [1]
    .data            inited   0x2000'119c     0x24  network.o [1]
    .data            inited   0x2000'11c0     0x24  network.o [1]
    .data            inited   0x2000'11e4     0x24  network.o [1]
    .data            inited   0x2000'1208     0x24  network.o [1]
    .data            inited   0x2000'122c     0x24  network.o [1]
    .data            inited   0x2000'1250     0x24  network.o [1]
    .data            inited   0x2000'1274     0x24  network.o [1]
    .data            inited   0x2000'1298     0x24  network.o [1]
    .data            inited   0x2000'12bc     0x24  network.o [1]
    .data            inited   0x2000'12e0     0x24  network.o [1]
    .data            inited   0x2000'1304     0x24  network.o [1]
    .data            inited   0x2000'1328     0x24  network.o [1]
    .data            inited   0x2000'134c     0x24  network.o [1]
    .data            inited   0x2000'1370     0x24  network.o [1]
    .data            inited   0x2000'1394     0x24  network.o [1]
    .data            inited   0x2000'13b8     0x24  network.o [1]
    .data            inited   0x2000'13dc     0x24  network.o [1]
    .data            inited   0x2000'1400     0x24  network.o [1]
    .data            inited   0x2000'1424     0x24  network.o [1]
    .data            inited   0x2000'1448     0x24  network.o [1]
    .data            inited   0x2000'146c     0x24  network.o [1]
    .data            inited   0x2000'1490     0x24  network.o [1]
    .data            inited   0x2000'14b4     0x24  network.o [1]
    .data            inited   0x2000'14d8     0x24  network.o [1]
    .data            inited   0x2000'14fc     0x24  network.o [1]
    .data            inited   0x2000'1520     0x24  network.o [1]
    .data            inited   0x2000'1544     0x24  network.o [1]
    .data            inited   0x2000'1568     0x24  network.o [1]
    .data            inited   0x2000'158c     0x24  network.o [1]
    .data            inited   0x2000'15b0     0x24  network.o [1]
    .data            inited   0x2000'15d4     0x24  network.o [1]
    .data            inited   0x2000'15f8     0x24  network.o [1]
    .data            inited   0x2000'161c     0x24  network.o [1]
    .data            inited   0x2000'1640     0x24  network.o [1]
    .data            inited   0x2000'1664     0x24  network.o [1]
    .data            inited   0x2000'1688     0x24  network.o [1]
    .data            inited   0x2000'16ac     0x24  network.o [1]
    .data            inited   0x2000'16d0     0x24  network.o [1]
    .data            inited   0x2000'16f4     0x24  network.o [1]
    .data            inited   0x2000'1718     0x24  network.o [1]
    .data            inited   0x2000'173c     0x24  network.o [1]
    .data            inited   0x2000'1760     0x20  xfiles.o [3]
    .data            inited   0x2000'1780     0x18  network.o [1]
    .data            inited   0x2000'1798     0x18  network.o [1]
    .data            inited   0x2000'17b0     0x18  network.o [1]
    .data            inited   0x2000'17c8     0x18  network.o [1]
    .data            inited   0x2000'17e0     0x18  network.o [1]
    .data            inited   0x2000'17f8     0x14  MetaDataManager.o [1]
    .data            inited   0x2000'180c     0x10  main.o [1]
    .data            inited   0x2000'181c     0x10  network.o [1]
    .data            inited   0x2000'182c     0x10  network.o [1]
    .data            inited   0x2000'183c     0x10  network.o [1]
    .data            inited   0x2000'184c     0x10  network.o [1]
    .data            inited   0x2000'185c     0x10  network.o [1]
    .data            inited   0x2000'186c     0x10  network.o [1]
    .data            inited   0x2000'187c     0x10  network.o [1]
    .data            inited   0x2000'188c     0x10  network.o [1]
    .data            inited   0x2000'189c     0x10  network.o [1]
    .data            inited   0x2000'18ac     0x10  network.o [1]
    .data            inited   0x2000'18bc     0x10  network.o [1]
    .data            inited   0x2000'18cc     0x10  network.o [1]
    .data            inited   0x2000'18dc     0x10  network.o [1]
    .data            inited   0x2000'18ec     0x10  network.o [1]
    .data            inited   0x2000'18fc     0x10  network.o [1]
    .data            inited   0x2000'190c     0x10  network.o [1]
    .data            inited   0x2000'191c      0xc  network.o [1]
    .data            inited   0x2000'1928      0xc  network.o [1]
    .data            inited   0x2000'1934      0xc  network.o [1]
    .data            inited   0x2000'1940      0xc  network.o [1]
    .data            inited   0x2000'194c      0xc  network.o [1]
    .data            inited   0x2000'1958      0xc  network.o [1]
    .data            inited   0x2000'1964      0xc  network.o [1]
    .data            inited   0x2000'1970      0xc  network.o [1]
    .data            inited   0x2000'197c      0xc  network.o [1]
    .data            inited   0x2000'1988      0xc  network.o [1]
    .data            inited   0x2000'1994      0xc  network.o [1]
    .data            inited   0x2000'19a0      0xc  port.o [1]
    .data            inited   0x2000'19ac      0x8  network.o [1]
    .data            inited   0x2000'19b4      0x8  network.o [1]
    .data            inited   0x2000'19bc      0x8  network.o [1]
    .data            inited   0x2000'19c4      0x8  network.o [1]
    .data            inited   0x2000'19cc      0x8  network.o [1]
    .data            inited   0x2000'19d4      0x8  network.o [1]
    .data            inited   0x2000'19dc      0x8  network.o [1]
    .data            inited   0x2000'19e4      0x8  network.o [1]
    .data            inited   0x2000'19ec      0x8  network.o [1]
    .data            inited   0x2000'19f4      0x8  network.o [1]
    .data            inited   0x2000'19fc      0x8  network.o [1]
    .data            inited   0x2000'1a04      0x8  network.o [1]
    .data            inited   0x2000'1a0c      0x8  network.o [1]
    .data            inited   0x2000'1a14      0x8  network.o [1]
    .data            inited   0x2000'1a1c      0x8  network.o [1]
    .data            inited   0x2000'1a24      0x8  network.o [1]
    .data            inited   0x2000'1a2c      0x8  network.o [1]
    .data            inited   0x2000'1a34      0x8  network.o [1]
    .data            inited   0x2000'1a3c      0x8  network.o [1]
    .data            inited   0x2000'1a44      0x8  network.o [1]
    .data            inited   0x2000'1a4c      0x8  network.o [1]
    .data            inited   0x2000'1a54      0x8  network.o [1]
    .data            inited   0x2000'1a5c      0x8  network.o [1]
    .data            inited   0x2000'1a64      0x8  network.o [1]
    .data            inited   0x2000'1a6c      0x8  network.o [1]
    .data            inited   0x2000'1a74      0x8  network.o [1]
    .data            inited   0x2000'1a7c      0x8  network.o [1]
    .data            inited   0x2000'1a84      0x8  network.o [1]
    .data            inited   0x2000'1a8c      0x8  SensorTile.o [1]
    .data            inited   0x2000'1a94      0x8  SensorTile_sd.o [1]
    .data            inited   0x2000'1a9c      0x8  XShttio.o [3]
    .data            inited   0x2000'1aa4      0x4  system_stm32l4xx.o [1]
    .data            inited   0x2000'1aa8      0x1  sd_diskio_SensorTile.o [1]
                            - 0x2000'1aa9   0x1aa9

"P3", part 2 of 3:                         0x11534
  .bss               zero     0x2000'1aac   0x9004  gesture_Processing.o [1]
  .bss               zero     0x2000'aab0   0x27e8  heap_4.o [1]
  .bss               zero     0x2000'd298   0x1004  main.o [1]
  .bss               zero     0x2000'e2a0   0x1000  MetaDataManager.o [1]
  .bss               zero     0x2000'f2a0    0xc2c  gesture_Processing.o [1]
  .bss               zero     0x2000'fecc    0xc00  SensorTile_audio_in.o [1]
  .bss               zero     0x2001'0acc    0x800  DataLog_Manager.o [1]
  .bss               zero     0x2001'12cc    0x800  main.o [1]
  .bss               zero     0x2001'1acc    0x2cc  hci_patch.o [1]
  .bss               zero     0x2001'1d98    0x238  DataLog_Manager.o [1]
  .bss               zero     0x2001'1fd0    0x230  DataLog_Manager.o [1]
  .bss               zero     0x2001'2200    0x230  SensorTile_audio_in.o [1]
  .bss               zero     0x2001'2430    0x1d8  dlmalloc.o [3]
  .bss               zero     0x2001'2608    0x120  SensorTile_audio_in.o [1]
  .bss               zero     0x2001'2728    0x108  main.o [1]
  .bss               zero     0x2001'2830     0xa0  tasks.o [1]
  .bss               zero     0x2001'28d0     0x8c  tasks.o [1]
  .bss               zero     0x2001'295c     0x88  SensorTile_gg.o [1]
  .bss               zero     0x2001'29e4     0x80  XShHandles.o [3]
  .bss               zero     0x2001'2a64     0x64  SensorTile.o [1]
  .bss               zero     0x2001'2ac8     0x64  SensorTile_BlueNRG_patch.o [1]
  .bss               zero     0x2001'2b2c     0x50  xfiles.o [3]
  .bss               zero     0x2001'2b7c     0x50  xfiles.o [3]
  .bss               zero     0x2001'2bcc     0x48  SensorTile.o [1]
  .bss               zero     0x2001'2c14     0x48  SensorTile_accelero.o [1]
  .bss               zero     0x2001'2c5c     0x44  TargetPlatform.o [1]
  .bss               zero     0x2001'2ca0     0x40  queue.o [1]
  .bss               zero     0x2001'2ce0     0x40  SensorTile_temperature_patch.o [1]
  .bss               zero     0x2001'2d20     0x3c  main.o [1]
  .bss               zero     0x2001'2d5c     0x38  timers.o [1]
  .bss               zero     0x2001'2d94     0x28  gesture_Postprocessing.o [1]
  .bss               zero     0x2001'2dbc     0x24  SensorTile_gyro.o [1]
  .bss               zero     0x2001'2de0     0x24  stm32l4xx_hal_dfsdm.o [1]
  .bss               zero     0x2001'2e04     0x20  ff.o [1]
  .bss               zero     0x2001'2e24     0x20  SensorTile_humidity_patch.o [1]
  .bss               zero     0x2001'2e44     0x20  SensorTile_magneto.o [1]
  .bss               zero     0x2001'2e64     0x20  SensorTile_pressure_patch.o [1]
  .bss               zero     0x2001'2e84     0x20  stm32l4xx_hal_flash.o [1]
  .bss               zero     0x2001'2ea4     0x20  TargetPlatform.o [1]
  .bss               zero     0x2001'2ec4     0x18  sensor_service.o [1]
  .bss               zero     0x2001'2edc     0x18  sensor_service.o [1]
  .bss               zero     0x2001'2ef4     0x18  dlmalloc.o [3]
  .bss               zero     0x2001'2f0c     0x10  gesture_Postprocessing.o [1]
  .bss               zero     0x2001'2f1c     0x10  main.o [1]
  .bss               zero     0x2001'2f2c      0xc  ff_gen_drv.o [1]
  .bss               zero     0x2001'2f38      0xc  HWAdvanceFeatures.o [1]
  .bss               zero     0x2001'2f44      0xc  port.o [1]
  .bss               zero     0x2001'2f50      0x8  DataLog_Manager.o [1]
  .bss               zero     0x2001'2f58      0x8  ff.o [1]
  .bss               zero     0x2001'2f60      0x8  LPS22HB_Driver_HL.o [1]
  .bss               zero     0x2001'2f68      0x8  main.o [1]
  .bss               zero     0x2001'2f70      0x8  PowerControl.o [1]
  .bss               zero     0x2001'2f78      0x4  HTS221_Driver_HL.o [1]
  .bss               zero     0x2001'2f7c      0x4  main.o [1]
  .bss               zero     0x2001'2f80      0x4  network.o [1]
  .bss               zero     0x2001'2f84      0x4  network.o [1]
  .bss               zero     0x2001'2f88      0x4  network.o [1]
  .bss               zero     0x2001'2f8c      0x4  network.o [1]
  .bss               zero     0x2001'2f90      0x4  network.o [1]
  .bss               zero     0x2001'2f94      0x4  network.o [1]
  .bss               zero     0x2001'2f98      0x4  network.o [1]
  .bss               zero     0x2001'2f9c      0x4  network.o [1]
  .bss               zero     0x2001'2fa0      0x4  network.o [1]
  .bss               zero     0x2001'2fa4      0x4  network.o [1]
  .bss               zero     0x2001'2fa8      0x4  network.o [1]
  .bss               zero     0x2001'2fac      0x4  network.o [1]
  .bss               zero     0x2001'2fb0      0x4  network.o [1]
  .bss               zero     0x2001'2fb4      0x4  network.o [1]
  .bss               zero     0x2001'2fb8      0x4  network.o [1]
  .bss               zero     0x2001'2fbc      0x4  sensor_service.o [1]
  .bss               zero     0x2001'2fc0      0x4  stm32l4xx_hal.o [1]
  .bss               zero     0x2001'2fc4      0x4  TargetPlatform.o [1]
  .bss               zero     0x2001'2fc8      0x4  TargetPlatform.o [1]
  .bss               zero     0x2001'2fcc      0x4  timers.o [1]
  .bss               zero     0x2001'2fd0      0x4  xfail_s.o [3]
  .bss               zero     0x2001'2fd4      0x4  xgetmemchunk.o [3]
  .bss               zero     0x2001'2fd8      0x2  LSM303AGR_ACC_driver_HL.o [1]
  .bss               zero     0x2001'2fda      0x2  LSM6DSM_ACC_GYRO_driver_HL.o [1]
  .bss               zero     0x2001'2fdc      0x2  main.o [1]
  .bss               zero     0x2001'2fde      0x1  XShttio.o [3]
                            - 0x2001'2fdf  0x11533

"P3", part 3 of 3:                          0x1800
  CSTACK                      0x2001'2fe0   0x1000  <Block>
    CSTACK           uninit   0x2001'2fe0   0x1000  <Block tail>
  HEAP                        0x2001'3fe0    0x800  <Block>
    HEAP             uninit   0x2001'3fe0    0x800  <Block tail>
                            - 0x2001'47e0   0x1800

Unused ranges:

         From           To      Size
         ----           --      ----
          0x0          0x0       0x1
   0x807'3aed   0x80f'fffe  0x8'c512
  0x2000'1aa9  0x2000'1aab       0x3
  0x2001'47e0  0x2001'7fff    0x3820


*******************************************************************************
*** INIT TABLE
***

          Address      Size
          -------      ----
Zero (__iar_zero_init3)
    1 destination range, total size 0x11533:
          0x2000'1aac  0x11533

Copy/lz77 (__iar_lz77_init3)
    1 source range, total size 0x8a9 (32% of destination):
           0x807'3244    0x8a9
    1 destination range, total size 0x1aa9:
          0x2000'0000   0x1aa9



*******************************************************************************
*** MODULE SUMMARY
***

    Module                          ro code  ro data  rw data
    ------                          -------  -------  -------
command line/config:
    ---------------------------------------------------------
    Total:

C:\Matteo\Gesture demo\STM32 Sensortile FW project\Projects\Multi\Applications\SENSING1\EWARM\STM32L476RG-SensorTile\STM32L476RG-SensorTile HAR_GMP\Obj: [1]
    DataLog_Manager.o                 4 868      319    4 020
    HTS221_Driver.o                   1 152
    HTS221_Driver_HL.o                1 092       34      108
    HWAdvanceFeatures.o               1 076                12
    LPS22HB_Driver.o                    888
    LPS22HB_Driver_HL.o               1 452       34      112
    LSM303AGR_ACC_driver.o            1 170
    LSM303AGR_ACC_driver_HL.o         2 024       26       82
    LSM303AGR_MAG_driver.o              450
    LSM303AGR_MAG_driver_HL.o           836       23       72
    LSM6DSM_ACC_GYRO_driver.o         4 484
    LSM6DSM_ACC_GYRO_driver_HL.o      7 042      121      374
    MetaDataManager.o                 1 296      219    4 772
    PowerControl.o                      524                 8
    STC3115_Driver.o                  2 096       31       96
    SensorTile.o                      2 952       63      364
    SensorTile_BlueNRG_patch.o          964               100
    SensorTile_accelero.o             1 928                72
    SensorTile_audio_in.o             3 426       21    3 984
    SensorTile_gg.o                     232               136
    SensorTile_gyro.o                   432                36
    SensorTile_humidity_patch.o         366                32
    SensorTile_magneto.o                396                32
    SensorTile_pressure_patch.o         470                32
    SensorTile_sd.o                   1 392        2        8
    SensorTile_temperature_patch.o      660                64
    TargetPlatform.o                    852               108
    ble_list.o                          202
    bluenrg_gap_aci_patch.o             558
    bluenrg_gatt_aci.o                  646
    bluenrg_hal_aci_patch.o              76
    bluenrg_l2cap_aci.o                  94
    cmsis_os.o                        1 276
    diskio.o                            128
    ff.o                              6 662                40
    ff_gen_drv.o                        128                12
    gesture_Postprocessing.o            304                56
    gesture_Processing.o                824       53   40 148
    gp_timer.o                           38
    hci_le.o                            192
    hci_patch.o                         796               716
    heap_4.o                            476            10 216
    list.o                              144
    main.o                            3 868       57    6 602
    network.o                         1 240    1 194    3 568
    network_data.o                  336 764
    osal.o                               32
    port.o                              524        4       24
    portasm.o                           168
    queue.o                           2 082                64
    sd_diskio_SensorTile.o              224       21        1
    sensor_service.o                  9 636       16      100
    startup_stm32l476xx.o               704
    stm32l4xx_hal.o                     134                 4
    stm32l4xx_hal_cortex.o              276
    stm32l4xx_hal_dfsdm.o             1 308                36
    stm32l4xx_hal_dma.o                 734
    stm32l4xx_hal_flash.o               612                32
    stm32l4xx_hal_flash_ex.o            444
    stm32l4xx_hal_gpio.o                820
    stm32l4xx_hal_i2c.o               1 804
    stm32l4xx_hal_msp.o                 128
    stm32l4xx_hal_pwr.o                  28
    stm32l4xx_hal_pwr_ex.o               88
    stm32l4xx_hal_rcc.o               1 868
    stm32l4xx_hal_rcc_ex.o            1 524
    stm32l4xx_hal_rtc.o               1 108
    stm32l4xx_hal_rtc_ex.o              424
    stm32l4xx_hal_spi.o               2 440
    stm32l4xx_it.o                       84
    syscall.o                             8
    system_stm32l4xx.o                  144        1        4
    tasks.o                           2 400               300
    timers.o                          1 036                60
    unicode.o                         1 152
    ---------------------------------------------------------
    Total:                          430 870    2 239   76 607

NetworkRuntime330_CM4_IAR.a: [2]
    ai_math_helpers.o                   112
    ai_platform_interface.o           1 200
    core_common.o                        36
    layers.o                             84
    layers_conv2d_generic_float.o     2 852
    layers_nl_generic_float.o           440
    layers_norm_generic_float.o         430
    layers_rnn_generic_float.o        1 264
    ---------------------------------------------------------
    Total:                            6 418

dl7M_tlf.a: [3]
    XShHandles.o                        204               128
    XShttio.o                            60        3        9
    abort.o                               6
    dlmalloc.o                        5 344               496
    exit.o                                4
    fclose.o                            126
    fflush.o                            172
    fputc.o                              84
    fseek.o                              36
    heaptramp0.o                          4
    iar_Stoulx.o                        372
    isspace.o                            20
    low_level_init.o                      4
    printf.o                             40
    putchar.o                            12
    sprintf.o                            64
    strncmp.o                            40
    tolower.o                            20
    xcloseall.o                          60
    xencoding_8859_1.o                   30
    xfail_s.o                            64                 4
    xfgpos.o                             12
    xfiles.o                                      81      408
    xfofind.o                           140
    xfspos.o                            216
    xfwprep.o                           180
    xgetmemchunk.o                       44                 4
    xlocale_c.o                         164       48      128
    xmbcurmax.o                          10
    xprintffull.o                     3 962
    xprout.o                             22
    xsprout.o                            10
    ---------------------------------------------------------
    Total:                           11 526      132    1 177

iar_cortexM4lf_math.a: [4]
    arm_dot_prod_f32.o                  228
    ---------------------------------------------------------
    Total:                              228

m7M_tls.a: [5]
    DblAdd.o                            362
    DblCmpGe.o                           46
    DblCmpLe.o                           46
    DblDiv.o                            582
    DblMul.o                            418
    DblSub.o                            226
    DblToS32.o                           58
    DblToU32.o                           40
    FltToDbl.o                           72
    S32ToDbl.o                           34
    U32ToDbl.o                           26
    expf.o                               90
    fpinit_M.o                           34
    frexp.o                             112
    ldexp.o                             314
    log10f.o                            164
    logf.o                              192       68
    round.o                              98
    tanhf.o                             164       40
    xexpf.o                             222       68
    ---------------------------------------------------------
    Total:                            3 300      176

rt7M_tl.a: [6]
    ABImemclr.o                           6
    ABImemclr4.o                          6
    ABImemcpy.o                         166
    ABImemmove.o                        150
    ABImemset.o                         102
    ABImemset48.o                        58
    I64DivMod.o                         628
    I64DivZer.o                           2
    cexit.o                              14
    cmain.o                              30
    cstart_closeall.o
    cstartup_M.o                         12
    data_init.o                          40
    lz77_init.o                         502
    memchr.o                             88
    memcmp.o                            104
    strchr.o                             22
    strlen.o                             54
    zero_init3.o                         58
    ---------------------------------------------------------
    Total:                            2 042

shb_l.a: [7]
    close.o                              24
    dwrite.o                             30
    exit.o                               20
    iarttio.o                           128
    iarwrite.o                           34
    iarwstd.o                            32
    lseek.o                              74
    remove.o                             20
    write.o                              16
    ---------------------------------------------------------
    Total:                              378

    Gaps                                 96        4        4
    Linker created                                44    6 144
-------------------------------------------------------------
    Grand Total:                    454 858    2 595   83 932


*******************************************************************************
*** ENTRY LIST
***

Entry                       Address     Size  Type      Object
-----                       -------     ----  ----      ------
.iar.init_table$$Base    0x807'3044            --   Gb  - Linker created -
.iar.init_table$$Limit   0x807'3070            --   Gb  - Linker created -
?main                    0x807'3071           Code  Gb  cmain.o [6]
ACCELERO_Data           0x2001'2c3c     0x10  Data  Lc  SensorTile_accelero.o [1]
ACCELERO_SensorHandle   0x2001'2c14     0x28  Data  Lc  SensorTile_accelero.o [1]
AHBPrescTable            0x807'2c74     0x10  Data  Gb  system_stm32l4xx.o [1]
AccEventCharHandle      0x2000'10bc      0x2  Data  Lc  sensor_service.o [1]
AccEvent_Msg             0x805'989d     0x18  Code  Gb  main.o [1]
AccEvent_Notify          0x805'6a61     0x80  Code  Gb  sensor_service.o [1]
AccGyroMagCharHandle    0x2000'10ba      0x2  Data  Lc  sensor_service.o [1]
AccGyroMag_Update        0x805'6e99     0xf2  Code  Gb  sensor_service.o [1]
AccStepEvent_Msg         0x805'98b5     0x18  Code  Gb  main.o [1]
ActivityCode            0x2000'092d      0x1  Data  Lc  gesture_Processing.o [1]
ActivityRecCharHandle   0x2000'10c4      0x2  Data  Lc  sensor_service.o [1]
ActivityRec_Update       0x805'688d     0x64  Code  Gb  sensor_service.o [1]
Add_ConfigW2ST_Service   0x805'6531     0xc4  Code  Gb  sensor_service.o [1]
Add_ConsoleW2ST_Service
                         0x805'65f5    0x12a  Code  Gb  sensor_service.o [1]
Add_HW_SW_ServW2ST_Service
                         0x805'6b09    0x38e  Code  Gb  sensor_service.o [1]
Attribute_Modified_CB    0x805'76c1    0x58a  Code  Lc  sensor_service.o [1]
AudioDataFileName       0x2000'0098     0x40  Data  Lc  DataLog_Manager.o [1]
AudioInVolume           0x2000'0ddc      0x2  Data  Lc  SensorTile_audio_in.o [1]
AudioLevelCharHandle    0x2000'10be      0x2  Data  Lc  sensor_service.o [1]
AudioLevel_Update        0x805'70ad     0x68  Code  Gb  sensor_service.o [1]
AudioProcess             0x805'9ab3     0x6a  Code  Lc  main.o [1]
AudioProcess_DB_Noise    0x805'9b1d     0x40  Code  Gb  main.o [1]
AudioProcess_FromMics    0x805'9a6d     0x46  Code  Gb  main.o [1]
AudioProcess_SD_Recording
                         0x805'ad81     0x78  Code  Gb  DataLog_Manager.o [1]
AudioProcess_SD_Recording::OUT_Buff_lvl
                        0x2001'2f52      0x2  Data  Lc  DataLog_Manager.o [1]
AudioSRecCharHandle     0x2000'10c6      0x2  Data  Lc  sensor_service.o [1]
AudioSRec_Update         0x805'6915     0x60  Code  Gb  sensor_service.o [1]
Audio_OUT_Buff          0x2001'0acc    0x800  Data  Lc  DataLog_Manager.o [1]
BNRG_SPI_Init            0x805'a425     0x38  Code  Gb  SensorTile_BlueNRG_patch.o [1]
BSP_ACCELERO_Disable_6D_Orientation_Ext
                         0x805'e03d     0x28  Code  Gb  SensorTile_accelero.o [1]
BSP_ACCELERO_Disable_Double_Tap_Detection_Ext
                         0x805'dfbb     0x28  Code  Gb  SensorTile_accelero.o [1]
BSP_ACCELERO_Disable_Free_Fall_Detection_Ext
                         0x805'dd4f     0x28  Code  Gb  SensorTile_accelero.o [1]
BSP_ACCELERO_Disable_Pedometer_Ext
                         0x805'ddd1     0x28  Code  Gb  SensorTile_accelero.o [1]
BSP_ACCELERO_Disable_Single_Tap_Detection_Ext
                         0x805'df61     0x28  Code  Gb  SensorTile_accelero.o [1]
BSP_ACCELERO_Disable_Tilt_Detection_Ext
                         0x805'dead     0x28  Code  Gb  SensorTile_accelero.o [1]
BSP_ACCELERO_Disable_Wake_Up_Detection_Ext
                         0x805'df07     0x28  Code  Gb  SensorTile_accelero.o [1]
BSP_ACCELERO_Enable_6D_Orientation_Ext
                         0x805'e00b     0x32  Code  Gb  SensorTile_accelero.o [1]
BSP_ACCELERO_Enable_Double_Tap_Detection_Ext
                         0x805'df89     0x32  Code  Gb  SensorTile_accelero.o [1]
BSP_ACCELERO_Enable_Free_Fall_Detection_Ext
                         0x805'dd1d     0x32  Code  Gb  SensorTile_accelero.o [1]
BSP_ACCELERO_Enable_Pedometer_Ext
                         0x805'dd9f     0x32  Code  Gb  SensorTile_accelero.o [1]
BSP_ACCELERO_Enable_Single_Tap_Detection_Ext
                         0x805'df2f     0x32  Code  Gb  SensorTile_accelero.o [1]
BSP_ACCELERO_Enable_Tilt_Detection_Ext
                         0x805'de7b     0x32  Code  Gb  SensorTile_accelero.o [1]
BSP_ACCELERO_Enable_Wake_Up_Detection_Ext
                         0x805'ded5     0x32  Code  Gb  SensorTile_accelero.o [1]
BSP_ACCELERO_Get_6D_Orientation_XH_Ext
                         0x805'e095     0x32  Code  Gb  SensorTile_accelero.o [1]
BSP_ACCELERO_Get_6D_Orientation_XL_Ext
                         0x805'e065     0x30  Code  Gb  SensorTile_accelero.o [1]
BSP_ACCELERO_Get_6D_Orientation_YH_Ext
                         0x805'e0f9     0x32  Code  Gb  SensorTile_accelero.o [1]
BSP_ACCELERO_Get_6D_Orientation_YL_Ext
                         0x805'e0c7     0x32  Code  Gb  SensorTile_accelero.o [1]
BSP_ACCELERO_Get_6D_Orientation_ZH_Ext
                         0x805'e15d     0x32  Code  Gb  SensorTile_accelero.o [1]
BSP_ACCELERO_Get_6D_Orientation_ZL_Ext
                         0x805'e12b     0x32  Code  Gb  SensorTile_accelero.o [1]
BSP_ACCELERO_Get_Axes    0x805'dc51     0x2c  Code  Gb  SensorTile_accelero.o [1]
BSP_ACCELERO_Get_Event_Status_Ext
                         0x805'e18f     0x32  Code  Gb  SensorTile_accelero.o [1]
BSP_ACCELERO_Get_ODR     0x805'dca9     0x2c  Code  Gb  SensorTile_accelero.o [1]
BSP_ACCELERO_Get_Sensitivity
                         0x805'dc7d     0x2c  Code  Gb  SensorTile_accelero.o [1]
BSP_ACCELERO_Get_Step_Count_Ext
                         0x805'ddf9     0x30  Code  Gb  SensorTile_accelero.o [1]
BSP_ACCELERO_Init        0x805'da39     0x40  Code  Gb  SensorTile_accelero.o [1]
BSP_ACCELERO_Reset_Step_Counter_Ext
                         0x805'de29     0x52  Code  Gb  SensorTile_accelero.o [1]
BSP_ACCELERO_Sensor_Disable
                         0x805'dc2d     0x24  Code  Gb  SensorTile_accelero.o [1]
BSP_ACCELERO_Sensor_Enable
                         0x805'dc09     0x24  Code  Gb  SensorTile_accelero.o [1]
BSP_ACCELERO_Set_FS_Value
                         0x805'dcf9     0x24  Code  Gb  SensorTile_accelero.o [1]
BSP_ACCELERO_Set_Free_Fall_Threshold_Ext
                         0x805'dd77     0x28  Code  Gb  SensorTile_accelero.o [1]
BSP_ACCELERO_Set_ODR_Value
                         0x805'dcd5     0x24  Code  Gb  SensorTile_accelero.o [1]
BSP_ACCELERO_Set_Tap_Threshold_Ext
                         0x805'dfe3     0x28  Code  Gb  SensorTile_accelero.o [1]
BSP_AUDIO_IN_DeInit      0x806'6961      0x4  Code  Gb  SensorTile_audio_in.o [1]
BSP_AUDIO_IN_HalfTransfer_CallBack
                         0x805'9c3b      0x2  Code  Gb  main.o [1]
BSP_AUDIO_IN_Init        0x806'6941     0x20  Code  Gb  SensorTile_audio_in.o [1]
BSP_AUDIO_IN_Record      0x806'6965     0x4a  Code  Gb  SensorTile_audio_in.o [1]
BSP_AUDIO_IN_SetVolume   0x806'69db      0xa  Code  Gb  SensorTile_audio_in.o [1]
BSP_AUDIO_IN_Stop        0x806'69af     0x2c  Code  Gb  SensorTile_audio_in.o [1]
BSP_AUDIO_IN_TransferComplete_CallBack
                         0x805'9c3d      0x2  Code  Gb  main.o [1]
BSP_GG_GetCurrent        0x805'ca55     0x16  Code  Gb  SensorTile_gg.o [1]
BSP_GG_GetSOC            0x805'ca3f     0x16  Code  Gb  SensorTile_gg.o [1]
BSP_GG_GetVoltage        0x805'ca6b     0x16  Code  Gb  SensorTile_gg.o [1]
BSP_GG_Init              0x805'c999     0x86  Code  Gb  SensorTile_gg.o [1]
BSP_GG_Task              0x805'ca29     0x16  Code  Gb  SensorTile_gg.o [1]
BSP_GYRO_Get_Axes        0x805'ff71     0x2c  Code  Gb  SensorTile_gyro.o [1]
BSP_GYRO_Get_ODR         0x805'ff9d     0x2c  Code  Gb  SensorTile_gyro.o [1]
BSP_GYRO_Init            0x805'fe3d     0x24  Code  Gb  SensorTile_gyro.o [1]
BSP_GYRO_Sensor_Disable
                         0x805'ff4d     0x24  Code  Gb  SensorTile_gyro.o [1]
BSP_GYRO_Sensor_Enable   0x805'ff29     0x24  Code  Gb  SensorTile_gyro.o [1]
BSP_GYRO_Set_ODR_Value   0x805'ffc9     0x24  Code  Gb  SensorTile_gyro.o [1]
BSP_HTS221_HUMIDITY_Init
                         0x805'c281     0x88  Code  Lc  SensorTile_humidity_patch.o [1]
BSP_HTS221_TEMPERATURE_Init
                         0x805'c4eb     0x94  Code  Lc  SensorTile_temperature_patch.o [1]
BSP_HUMIDITY_Get_Hum     0x805'c375     0x2c  Code  Gb  SensorTile_humidity_patch.o [1]
BSP_HUMIDITY_Init        0x805'c25d     0x24  Code  Gb  SensorTile_humidity_patch.o [1]
BSP_HUMIDITY_IsInitialized
                         0x805'c35d     0x18  Code  Gb  SensorTile_humidity_patch.o [1]
BSP_HUMIDITY_Sensor_Disable
                         0x805'c339     0x24  Code  Gb  SensorTile_humidity_patch.o [1]
BSP_HUMIDITY_Sensor_Enable
                         0x805'c315     0x24  Code  Gb  SensorTile_humidity_patch.o [1]
BSP_HUMIDITY_Set_One_Shot
                         0x805'c3a1     0x2a  Code  Gb  SensorTile_humidity_patch.o [1]
BSP_LED_Init             0x806'4c5d     0x76  Code  Gb  SensorTile.o [1]
BSP_LED_Off              0x806'4cfd     0x2a  Code  Gb  SensorTile.o [1]
BSP_LED_On               0x806'4cd3     0x2a  Code  Gb  SensorTile.o [1]
BSP_LPS22HB_PRESSURE_Init
                         0x805'c0a9     0xf0  Code  Lc  SensorTile_pressure_patch.o [1]
BSP_LPS22HB_TEMPERATURE_Init
                         0x805'c40d     0xde  Code  Lc  SensorTile_temperature_patch.o [1]
BSP_LSM303AGR_ACCELERO_Init
                         0x805'db3b     0xb4  Code  Lc  SensorTile_accelero.o [1]
BSP_LSM303AGR_MAGNETO_Init
                         0x806'0011     0x96  Code  Lc  SensorTile_magneto.o [1]
BSP_LSM6DSM_ACCELERO_Init
                         0x805'da79     0xc2  Code  Lc  SensorTile_accelero.o [1]
BSP_LSM6DSM_GYRO_Init    0x805'fe61     0xba  Code  Lc  SensorTile_gyro.o [1]
BSP_MAGNETO_Get_Axes     0x806'00fd     0x2c  Code  Gb  SensorTile_magneto.o [1]
BSP_MAGNETO_Get_ODR      0x806'0129     0x2c  Code  Gb  SensorTile_magneto.o [1]
BSP_MAGNETO_Init         0x805'ffed     0x24  Code  Gb  SensorTile_magneto.o [1]
BSP_MAGNETO_Sensor_Disable
                         0x806'00d9     0x24  Code  Gb  SensorTile_magneto.o [1]
BSP_MAGNETO_Sensor_Enable
                         0x806'00b5     0x24  Code  Gb  SensorTile_magneto.o [1]
BSP_MAGNETO_Set_ODR_Value
                         0x806'0155     0x24  Code  Gb  SensorTile_magneto.o [1]
BSP_PRESSURE_Get_Press   0x805'c205     0x2c  Code  Gb  SensorTile_pressure_patch.o [1]
BSP_PRESSURE_Init        0x805'c085     0x24  Code  Gb  SensorTile_pressure_patch.o [1]
BSP_PRESSURE_IsInitialized
                         0x805'c1ed     0x18  Code  Gb  SensorTile_pressure_patch.o [1]
BSP_PRESSURE_Sensor_Disable
                         0x805'c1c9     0x24  Code  Gb  SensorTile_pressure_patch.o [1]
BSP_PRESSURE_Sensor_Enable
                         0x805'c1a5     0x24  Code  Gb  SensorTile_pressure_patch.o [1]
BSP_PRESSURE_Set_One_Shot
                         0x805'c231     0x2a  Code  Gb  SensorTile_pressure_patch.o [1]
BSP_SD_GetCardInfo       0x806'9db5     0x42  Code  Gb  SensorTile_sd.o [1]
[...]
index_buff_fill         0x2000'0ac0      0x4  Data  Lc  main.o [1]
initPowerController      0x805'caa7     0x50  Code  Gb  PowerControl.o [1]
init_mparams             0x806'ba8f     0x32  Code  Lc  dlmalloc.o [3]
init_top                 0x806'bac1     0x36  Code  Lc  dlmalloc.o [3]
input_0_output          0x2000'1130     0x24  Data  Lc  network.o [1]
input_0_output_array    0x2000'0758     0x10  Data  Lc  network.o [1]
isspace                  0x806'7aed     0x14  Code  Gb  isspace.o [3]
known_MetaData          0x2000'180c     0x10  Data  Gb  main.o [1]
last_prediction         0x2000'092c      0x1  Data  Lc  gesture_Processing.o [1]
ld_clust                 0x806'3a6f     0x26  Code  Lc  ff.o [1]
ld_dword                 0x806'325f     0x16  Code  Lc  ff.o [1]
ld_word                  0x806'3255      0xa  Code  Lc  ff.o [1]
ldexp                    0x806'9859           Code  Gb  ldexp.o [5]
ldexpl                   0x806'9859           Code  Gb  ldexp.o [5]
ledTimer                0x2001'2f68      0x4  Data  Lc  main.o [1]
list_get_size            0x806'8d9f     0x1c  Code  Gb  ble_list.o [1]
list_init_head           0x806'8cf1      0x6  Code  Gb  ble_list.o [1]
list_insert_head         0x806'8d0f     0x18  Code  Gb  ble_list.o [1]
list_insert_tail         0x806'8d27     0x18  Code  Gb  ble_list.o [1]
list_is_empty            0x806'8cf7     0x18  Code  Gb  ble_list.o [1]
list_remove_head         0x806'8d57     0x24  Code  Gb  ble_list.o [1]
list_remove_node         0x806'8d3f     0x18  Code  Gb  ble_list.o [1]
list_remove_tail         0x806'8d7b     0x24  Code  Gb  ble_list.o [1]
localeconv               0x806'92cd      0x4  Code  Gb  xlocale_c.o [3]
log10f                   0x806'0211           Code  Gb  log10f.o [5]
logf                     0x806'90f1           Code  Gb  logf.o [5]
mail                    0x2000'0ae4      0x4  Data  Gb  main.o [1]
main                     0x805'9329     0x36  Code  Gb  main.o [1]
makeFreeRtosPriority     0x805'8d69     0x10  Code  Lc  cmsis_os.o [1]
map2GestureClasses       0x805'c671     0x2e  Code  Lc  gesture_Processing.o [1]
mem_cmp                  0x806'32a9     0x1a  Code  Lc  ff.o [1]
mem_cpy                  0x806'328d     0x12  Code  Lc  ff.o [1]
mem_set                  0x806'329f      0xa  Code  Lc  ff.o [1]
memchr                   0x806'7b15           Code  Gb  memchr.o [6]
memcmp                   0x806'd01d           Code  Gb  memcmp.o [6]
minPowerMode            0x2001'2f70      0x1  Data  Lc  PowerControl.o [1]
move_list                0x805'e331     0x24  Code  Lc  hci_patch.o [1]
move_window              0x806'348d     0x36  Code  Lc  ff.o [1]
mparams                 0x2001'2ef4     0x18  Data  Lc  dlmalloc.o [3]
n_sample                0x2000'fea0      0x4  Data  Lc  gesture_Processing.o [1]
ndigs                    0x805'd4a0     0x28  Data  Lc  iar_Stoulx.o [3]
network                 0x2000'0950      0x4  Data  Lc  gesture_Processing.o [1]
network_configure_activations
                         0x806'6101     0x66  Code  Lc  network.o [1]
network_configure_weights
                         0x806'6167    0x1e8  Code  Lc  network.o [1]
nl_func_sm_array_f32     0x807'24b5     0x34  Code  Gb  layers_nl_generic_float.o [2]
nl_func_sm_channel_f32   0x807'2391    0x124  Code  Gb  layers_nl_generic_float.o [2]
nl_func_tanh_array_f32   0x807'24e9     0x26  Code  Gb  layers_nl_generic_float.o [2]
obuf                    0x2001'2b7c     0x50  Data  Lc  xfiles.o [3]
openFileAudio            0x805'adf9     0x46  Code  Lc  DataLog_Manager.o [1]
openFileMems             0x805'b175     0x46  Code  Lc  DataLog_Manager.o [1]
osDelay                  0x805'8dbf     0x10  Code  Gb  cmsis_os.o [1]
osKernelStart            0x805'8d87      0xa  Code  Gb  cmsis_os.o [1]
osMailAlloc              0x805'9149      0xc  Code  Gb  cmsis_os.o [1]
osMailCreate             0x805'90d7     0x72  Code  Gb  cmsis_os.o [1]
osMailFree               0x805'9241      0xc  Code  Gb  cmsis_os.o [1]
osMailGet                0x805'91a9     0x98  Code  Gb  cmsis_os.o [1]
osMailPut                0x805'9155     0x54  Code  Gb  cmsis_os.o [1]
osPoolAlloc              0x805'902b     0x6a  Code  Gb  cmsis_os.o [1]
osPoolCreate             0x805'8fc1     0x6a  Code  Gb  cmsis_os.o [1]
osPoolFree               0x805'9095     0x42  Code  Gb  cmsis_os.o [1]
osSemaphoreCreate        0x805'8ed9     0x2c  Code  Gb  cmsis_os.o [1]
osSemaphoreRelease       0x805'8f6f     0x52  Code  Gb  cmsis_os.o [1]
osSemaphoreWait          0x805'8f05     0x6a  Code  Gb  cmsis_os.o [1]
osSystickHandler         0x805'924d     0x14  Code  Gb  cmsis_os.o [1]
osThreadCreate           0x805'8d91     0x2e  Code  Gb  cmsis_os.o [1]
osTimerCreate            0x805'8dcf     0x1c  Code  Gb  cmsis_os.o [1]
osTimerDelete            0x805'8ea7     0x2e  Code  Gb  cmsis_os.o [1]
osTimerStart             0x805'8deb     0x62  Code  Gb  cmsis_os.o [1]
osTimerStop              0x805'8e4d     0x5a  Code  Gb  cmsis_os.o [1]
os_mailQ_cb_mail        0x2001'2f7c      0x4  Data  Gb  main.o [1]
os_mailQ_def_mail        0x805'938c      0xc  Data  Gb  main.o [1]
os_semaphore_def_SEM_Sm1
                         0x805'9388      0x4  Data  Gb  main.o [1]
os_thread_def_THREAD_1   0x805'9360     0x14  Data  Gb  main.o [1]
os_thread_def_THREAD_2   0x805'9374     0x14  Data  Gb  main.o [1]
os_timer_def_TimerActivityHandle
                         0x805'a234      0x4  Data  Gb  main.o [1]
os_timer_def_TimerAudioLevHandle
                         0x805'a230      0x4  Data  Gb  main.o [1]
os_timer_def_TimerBatHandle
                         0x805'a224      0x4  Data  Gb  main.o [1]
os_timer_def_TimerBattPlugHandle
                         0x805'a228      0x4  Data  Gb  main.o [1]
os_timer_def_TimerEnvHandle
                         0x805'a220      0x4  Data  Gb  main.o [1]
os_timer_def_TimerLedHandle
                         0x805'a21c      0x4  Data  Gb  main.o [1]
os_timer_def_TimerMotionHandle
                         0x805'a22c      0x4  Data  Gb  main.o [1]
os_timer_def_TimerSdRecordingHandle
                         0x805'a238      0x4  Data  Gb  main.o [1]
pAudioHeader            0x2000'0000     0x2c  Data  Lc  DataLog_Manager.o [1]
pFlash                  0x2001'2e84     0x20  Data  Gb  stm32l4xx_hal_flash.o [1]
pMetaDataManagerHeader  0x2000'17fc      0x4  Data  Lc  MetaDataManager.o [1]
prepend_alloc            0x806'baf7    0x346  Code  Lc  dlmalloc.o [3]
printf                   0x806'af0d     0x28  Code  Gb  printf.o [3]
prvAddCurrentTaskToDelayedList
                         0x805'eded     0x68  Code  Lc  tasks.o [1]
prvAddNewTaskToReadyList
                         0x805'e611     0x84  Code  Lc  tasks.o [1]
prvCheckForValidListAndQueue
                         0x805'f201     0x4a  Code  Lc  timers.o [1]
prvCheckTasksWaitingTermination
                         0x805'ec23     0x46  Code  Lc  tasks.o [1]
prvCopyDataFromQueue     0x805'f949     0x24  Code  Lc  queue.o [1]
prvCopyDataToQueue       0x805'f8d5     0x74  Code  Lc  queue.o [1]
prvDeleteTCB             0x805'ec69     0x14  Code  Lc  tasks.o [1]
prvGetExpectedIdleTime   0x805'e75d     0x38  Code  Lc  tasks.o [1]
prvGetNextExpireTime     0x805'f057     0x1a  Code  Lc  timers.o [1]
prvHeapInit              0x805'fbc7     0x4c  Code  Lc  heap_4.o [1]
prvIdleTask              0x805'eb59     0x5a  Code  Lc  tasks.o [1]
prvInitialiseNewQueue    0x805'f33d     0x1a  Code  Lc  queue.o [1]
prvInitialiseNewTask     0x805'e55f     0xb2  Code  Lc  tasks.o [1]
prvInitialiseNewTimer    0x805'eed3     0x4a  Code  Lc  timers.o [1]
prvInitialiseTaskLists   0x805'ebd5     0x4e  Code  Lc  tasks.o [1]
prvInsertBlockIntoFreeList
                         0x805'fc13     0x4e  Code  Lc  heap_4.o [1]
prvInsertTimerInActiveList
                         0x805'f097     0x3e  Code  Lc  timers.o [1]
prvIsQueueEmpty          0x805'f9df     0x18  Code  Lc  queue.o [1]
prvIsQueueFull           0x805'f9f7     0x1e  Code  Lc  queue.o [1]
prvProcessExpiredTimer   0x805'ef7f     0x5a  Code  Lc  timers.o [1]
prvProcessReceivedCommands
                         0x805'f0d5     0xc4  Code  Lc  timers.o [1]
prvProcessTimerOrBlockTask
                         0x805'efed     0x6a  Code  Lc  timers.o [1]
prvResetNextTaskUnblockTime
                         0x805'ec7d     0x1e  Code  Lc  tasks.o [1]
prvSampleTimeNow         0x805'f071     0x26  Code  Lc  timers.o [1]
prvSampleTimeNow::xLastTime
                        0x2001'2fcc      0x4  Data  Lc  timers.o [1]
prvSwitchTimerLists      0x805'f199     0x66  Code  Lc  timers.o [1]
prvTaskExitError         0x805'fc91     0x1c  Code  Lc  port.o [1]
prvTimerTask             0x805'efd9     0x14  Code  Lc  timers.o [1]
prvUnlockQueue           0x805'f96d     0x72  Code  Lc  queue.o [1]
puint8_RW_MetaData      0x2000'17f8      0x4  Data  Lc  MetaDataManager.o [1]
put_fat                  0x806'3639     0xfc  Code  Lc  ff.o [1]
put_lfn                  0x806'3b51     0x74  Code  Lc  ff.o [1]
putchar                  0x807'30d9      0xc  Code  Gb  putchar.o [3]
pvPortMalloc             0x805'fa8d     0xdc  Code  Gb  heap_4.o [1]
pvTaskIncrementMutexHeldCount
                         0x805'edd1     0x16  Code  Gb  tasks.o [1]
pxCurrentTCB            0x2001'2858      0x4  Data  Gb  tasks.o [1]
pxCurrentTimerList      0x2001'2d5c      0x4  Data  Lc  timers.o [1]
pxDelayedTaskList       0x2001'285c      0x4  Data  Lc  tasks.o [1]
pxEnd                   0x2000'aab8      0x4  Data  Lc  heap_4.o [1]
pxOverflowDelayedTaskList
                        0x2001'2860      0x4  Data  Lc  tasks.o [1]
pxOverflowTimerList     0x2001'2d60      0x4  Data  Lc  timers.o [1]
pxPortInitialiseStack    0x805'fc69     0x28  Code  Gb  port.o [1]
pxReadyTasksLists       0x2001'28d0     0x8c  Data  Lc  tasks.o [1]
remove                   0x807'2dd7     0x14  Code  Gb  remove.o [7]
remove_chain             0x806'3735     0x74  Code  Lc  ff.o [1]
report                  0x2000'0954     0x7c  Data  Lc  gesture_Processing.o [1]
round                    0x805'd25d           Code  Gb  round.o [5]
roundl                   0x805'd25d           Code  Gb  round.o [5]
sFileInfo               0x2001'29e4     0x80  Data  Lc  XShHandles.o [3]
safe_aci_gatt_update_char_value
                         0x805'6505     0x2c  Code  Gb  sensor_service.o [1]
scalbln                  0x806'9859           Code  Gb  ldexp.o [5]
scalblnl                 0x806'9859           Code  Gb  ldexp.o [5]
scalbn                   0x806'9859           Code  Gb  ldexp.o [5]
scalbnl                  0x806'9859           Code  Gb  ldexp.o [5]
scale                    0x806'1c7f     0x46  Code  Lc  xprintffull.o [3]
sec_hand                0x2001'2fd0      0x4  Data  Lc  xfail_s.o [3]
segment_holding          0x806'ba75     0x1a  Code  Lc  dlmalloc.o [3]
semRun                  0x2000'0a9c      0x4  Data  Gb  main.o [1]
setConnectable           0x805'726d    0x12e  Code  Gb  sensor_service.o [1]
set_connectable         0x2000'10b4      0x1  Data  Gb  sensor_service.o [1]
sprintf                  0x805'a251     0x40  Code  Gb  sprintf.o [3]
st_clust                 0x806'3a95     0x2c  Code  Lc  ff.o [1]
st_dword                 0x806'327d     0x10  Code  Lc  ff.o [1]
st_word                  0x806'3275      0x8  Code  Lc  ff.o [1]
startProc                0x805'9651    0x12c  Code  Gb  main.o [1]
startProcessing          0x805'95e7     0x6a  Code  Lc  main.o [1]
stopProc                 0x805'977d     0xc6  Code  Gb  main.o [1]
strchr                   0x806'92d9           Code  Gb  strchr.o [6]
strlen                   0x806'9331           Code  Gb  strlen.o [6]
strncmp                  0x805'd307     0x28  Code  Gb  strncmp.o [3]
sum_sfn                  0x806'3c5d     0x1e  Code  Lc  ff.o [1]
sync_fs                  0x806'34c3     0x84  Code  Lc  ff.o [1]
sync_window              0x806'343b     0x52  Code  Lc  ff.o [1]
sys_alloc                0x806'c035    0x164  Code  Lc  dlmalloc.o [3]
sys_trim                 0x806'c199     0x64  Code  Lc  dlmalloc.o [3]
tanhf                    0x806'f93d           Code  Gb  tanhf.o [5]
timActivityId           0x2000'0ae0      0x4  Data  Gb  main.o [1]
timAudioLevId           0x2000'0adc      0x4  Data  Gb  main.o [1]
timBatId                0x2000'0ad0      0x4  Data  Gb  main.o [1]
timBattPlugId           0x2000'0ad8      0x4  Data  Gb  main.o [1]
timEnvId                0x2000'0acc      0x4  Data  Gb  main.o [1]
timLedId                0x2001'2f6c      0x4  Data  Gb  main.o [1]
timMotionId             0x2000'0ad4      0x4  Data  Gb  main.o [1]
timSdCardLoggingId      0x2000'0ae8      0x4  Data  Gb  main.o [1]
timeInSeconds            0x805'caf7     0x50  Code  Gb  PowerControl.o [1]
tmalloc_large            0x806'c209    0x386  Code  Lc  dlmalloc.o [3]
tmalloc_small            0x806'c58f    0x200  Code  Lc  dlmalloc.o [3]
tolower                  0x806'7b01     0x14  Code  Gb  tolower.o [3]
ttio_guard              0x2001'2fde      0x1  Data  Lc  XShttio.o [3]
ucHeap                  0x2000'aac8   0x27d0  Data  Lc  heap_4.o [1]
ucMaxSysCallPriority    0x2000'19a0      0x1  Data  Lc  port.o [1]
uint64_MetaDataVector   0x2000'e2a0   0x1000  Data  Lc  MetaDataManager.o [1]
ulMaxPRIGROUPValue      0x2000'19a8      0x4  Data  Lc  port.o [1]
ulStoppedTimerCompensation
                        0x2001'2f4c      0x4  Data  Lc  port.o [1]
ulTimerCountsForOneTick
                        0x2001'2f44      0x4  Data  Lc  port.o [1]
uwTick                  0x2001'2fc0      0x4  Data  Gb  stm32l4xx_hal.o [1]
uxCriticalNesting       0x2000'19a4      0x4  Data  Lc  port.o [1]
uxCurrentNumberOfTasks  0x2001'287c      0x4  Data  Lc  tasks.o [1]
uxDeletedTasksWaitingCleanUp
                        0x2001'2864      0x4  Data  Lc  tasks.o [1]
uxListRemove             0x806'8e27     0x24  Code  Gb  list.o [1]
uxPendedTicks           0x2001'288c      0x4  Data  Lc  tasks.o [1]
uxSchedulerSuspended    0x2001'28a0      0x4  Data  Lc  tasks.o [1]
uxTaskNumber            0x2001'2898      0x4  Data  Lc  tasks.o [1]
uxTopReadyPriority      0x2001'2884      0x4  Data  Lc  tasks.o [1]
vApplicationIdleHook     0x805'caa3      0x4  Code  Gb  PowerControl.o [1]
vApplicationStackOverflowHook
                         0x805'a209      0x2  Code  Gb  main.o [1]
vListInitialise          0x806'8dbb     0x1a  Code  Gb  list.o [1]
vListInitialiseItem      0x806'8dd5      0x6  Code  Gb  list.o [1]
vListInsert              0x806'8df3     0x34  Code  Gb  list.o [1]
vListInsertEnd           0x806'8ddb     0x18  Code  Gb  list.o [1]
vPortEnableVFP           0x806'8f11           Code  Gb  portasm.o [1]
vPortEnterCritical       0x805'fd55     0x32  Code  Gb  port.o [1]
vPortExitCritical        0x805'fd87     0x26  Code  Gb  port.o [1]
vPortFree                0x805'fb69     0x5e  Code  Gb  heap_4.o [1]
vPortStartFirstTask      0x806'8ef9           Code  Gb  portasm.o [1]
vPortSuppressTicksAndSleep
                         0x805'cb81     0xe6  Code  Gb  PowerControl.o [1]
vPortValidateInterruptPriority
                         0x805'fdd5     0x44  Code  Gb  port.o [1]
vQueueAddToRegistry      0x805'fa15     0x24  Code  Gb  queue.o [1]
vQueueWaitForMessageRestricted
                         0x805'fa41     0x4a  Code  Gb  queue.o [1]
vTaskDelay               0x805'e695     0x4c  Code  Gb  tasks.o [1]
vTaskMissedYield         0x805'eb51      0x8  Code  Gb  tasks.o [1]
vTaskPlaceOnEventList    0x805'e9dd     0x30  Code  Gb  tasks.o [1]
vTaskPlaceOnEventListRestricted
                         0x805'ea0d     0x38  Code  Gb  tasks.o [1]
vTaskPriorityInherit     0x805'ecb7     0x7a  Code  Gb  tasks.o [1]
vTaskSetTimeOutState     0x805'eabd     0x20  Code  Gb  tasks.o [1]
vTaskStartScheduler      0x805'e6e1     0x66  Code  Gb  tasks.o [1]
vTaskStepTick            0x805'e85d     0x26  Code  Gb  tasks.o [1]
vTaskSuspendAll          0x805'e751      0xc  Code  Gb  tasks.o [1]
vTaskSwitchContext       0x805'e951     0x8c  Code  Gb  tasks.o [1]
v_dfsdm1ChannelCounter  0x2001'2de0      0x4  Data  Gb  stm32l4xx_hal_dfsdm.o [1]
validate                 0x806'44e1     0x38  Code  Lc  ff.o [1]
wTransferState          0x2000'1a98      0x4  Data  Gb  SensorTile_sd.o [1]
wakeIn                   0x805'cb47     0x38  Code  Gb  PowerControl.o [1]
window_buffer           0x2000'f2a0    0xc00  Data  Lc  gesture_Processing.o [1]
writeAudio_flag         0x2001'2f50      0x1  Data  Gb  DataLog_Manager.o [1]
xActiveTimerList1       0x2001'2d6c     0x14  Data  Lc  timers.o [1]
xActiveTimerList2       0x2001'2d80     0x14  Data  Lc  timers.o [1]
xBlockAllocatedBit      0x2000'aac4      0x4  Data  Lc  heap_4.o [1]
xDelayedTaskList1       0x2001'28a4     0x14  Data  Lc  tasks.o [1]
xDelayedTaskList2       0x2001'28b8     0x14  Data  Lc  tasks.o [1]
xFreeBytesRemaining     0x2000'aabc      0x4  Data  Lc  heap_4.o [1]
xIdleTaskHandle         0x2001'28cc      0x4  Data  Lc  tasks.o [1]
xMaximumPossibleSuppressedTicks
                        0x2001'2f48      0x4  Data  Lc  port.o [1]
xMinimumEverFreeBytesRemaining
                        0x2000'aac0      0x4  Data  Lc  heap_4.o [1]
xNextTaskUnblockTime    0x2001'289c      0x4  Data  Lc  tasks.o [1]
xNumOfOverflows         0x2001'2894      0x4  Data  Lc  tasks.o [1]
xPendingReadyList       0x2001'2830     0x14  Data  Lc  tasks.o [1]
xPortStartScheduler      0x805'fcad     0xa8  Code  Gb  port.o [1]
xPortSysTickHandler      0x805'fdad     0x28  Code  Gb  port.o [1]
xQueueCreateCountingSemaphore
                         0x805'f357     0x3c  Code  Gb  queue.o [1]
xQueueGenericCreate      0x805'f2f7     0x46  Code  Gb  queue.o [1]
xQueueGenericReceive     0x805'f691    0x1a0  Code  Gb  queue.o [1]
xQueueGenericReset       0x805'f269     0x8e  Code  Gb  queue.o [1]
xQueueGenericSend        0x805'f393    0x17c  Code  Gb  queue.o [1]
xQueueGenericSendFromISR
                         0x805'f50f     0xd4  Code  Gb  queue.o [1]
xQueueGiveFromISR        0x805'f5e3     0xae  Code  Gb  queue.o [1]
xQueueReceiveFromISR     0x805'f831     0xa4  Code  Gb  queue.o [1]
xQueueRegistry          0x2001'2ca0     0x40  Data  Gb  queue.o [1]
xSchedulerRunning       0x2001'2888      0x4  Data  Lc  tasks.o [1]
xStart                  0x2000'aab0      0x8  Data  Lc  heap_4.o [1]
xSuspendedTaskList      0x2001'2868     0x14  Data  Lc  tasks.o [1]
xTaskCheckForTimeOut     0x805'eadd     0x74  Code  Gb  tasks.o [1]
xTaskCreate              0x805'e4fd     0x62  Code  Gb  tasks.o [1]
xTaskGetSchedulerState   0x805'ec9b     0x1c  Code  Gb  tasks.o [1]
xTaskGetTickCount        0x805'e855      0x8  Code  Gb  tasks.o [1]
xTaskIncrementTick       0x805'e883     0xce  Code  Gb  tasks.o [1]
xTaskPriorityDisinherit
                         0x805'ed39     0x94  Code  Gb  tasks.o [1]
xTaskRemoveFromEventList
                         0x805'ea45     0x78  Code  Gb  tasks.o [1]
xTaskResumeAll           0x805'e795     0xc0  Code  Gb  tasks.o [1]
xTasksWaitingTermination
                        0x2001'2844     0x14  Data  Lc  tasks.o [1]
xTickCount              0x2001'2880      0x4  Data  Lc  tasks.o [1]
xTimerCreate             0x805'eea5     0x2e  Code  Gb  timers.o [1]
xTimerCreateTimerTask    0x805'ee5d     0x48  Code  Gb  timers.o [1]
xTimerGenericCommand     0x805'ef1d     0x62  Code  Gb  timers.o [1]
xTimerQueue             0x2001'2d64      0x4  Data  Lc  timers.o [1]
xTimerTaskHandle        0x2001'2d68      0x4  Data  Lc  timers.o [1]
xYieldPending           0x2001'2890      0x4  Data  Lc  tasks.o [1]


[1] = C:\Matteo\Gesture demo\STM32 Sensortile FW project\Projects\Multi\Applications\SENSING1\EWARM\STM32L476RG-SensorTile\STM32L476RG-SensorTile HAR_GMP\Obj
[2] = NetworkRuntime330_CM4_IAR.a
[3] = dl7M_tlf.a
[4] = iar_cortexM4lf_math.a
[5] = m7M_tls.a
[6] = rt7M_tl.a
[7] = shb_l.a

  454 858 bytes of readonly  code memory
    2 595 bytes of readonly  data memory
   83 932 bytes of readwrite data memory

Errors: none
Warnings: none
