SensorTile_gyro.c:119:25:BSP_LSM6DSM_GYRO_Init	24	static
SensorTile_gyro.c:88:18:BSP_GYRO_Init	8	static
SensorTile_gyro.c:198:18:BSP_GYRO_DeInit	16	static
SensorTile_gyro.c:236:18:BSP_GYRO_Sensor_Enable	8	static
SensorTile_gyro.c:270:18:BSP_GYRO_Sensor_Disable	8	static
SensorTile_gyro.c:304:18:BSP_GYRO_IsInitialized	0	static
SensorTile_gyro.c:331:18:BSP_GYRO_IsEnabled	0	static
SensorTile_gyro.c:358:18:BSP_GYRO_IsCombo	0	static
SensorTile_gyro.c:385:18:BSP_GYRO_Get_Instance	0	static
SensorTile_gyro.c:413:18:BSP_GYRO_Get_WhoAmI	8	static
SensorTile_gyro.c:450:18:BSP_GYRO_Check_WhoAmI	8	static
SensorTile_gyro.c:484:18:BSP_GYRO_Get_Axes	8	static
SensorTile_gyro.c:522:18:BSP_GYRO_Get_AxesRaw	8	static
SensorTile_gyro.c:561:18:BSP_GYRO_Get_Sensitivity	8	static
SensorTile_gyro.c:599:18:BSP_GYRO_Get_ODR	8	static
SensorTile_gyro.c:637:18:BSP_GYRO_Set_ODR	8	static
SensorTile_gyro.c:671:18:BSP_GYRO_Set_ODR_Value	8	static
SensorTile_gyro.c:705:18:BSP_GYRO_Get_FS	8	static
SensorTile_gyro.c:743:18:BSP_GYRO_Set_FS	8	static
SensorTile_gyro.c:777:18:BSP_GYRO_Set_FS_Value	8	static
SensorTile_gyro.c:811:18:BSP_GYRO_Get_Axes_Status	8	static
SensorTile_gyro.c:849:18:BSP_GYRO_Read_Reg	8	static
SensorTile_gyro.c:889:18:BSP_GYRO_Write_Reg	8	static
SensorTile_gyro.c:923:18:BSP_GYRO_Get_DRDY_Status	8	static
SensorTile_gyro.c:957:18:BSP_GYRO_Set_Axes_Status	8	static
