SensorTile.c:789:16:I2C_SENSORTILE_Init	192	static
SensorTile.c:945:13:SD_IO_SPI_MspInit.constprop	72	static
SensorTile.c:1049:13:SD_IO_SPI_Init	16	static
SensorTile.c:1104:13:SD_IO_SPI_Write	16	static
SensorTile.c:1081:17:SD_IO_SPI_Read	32	static
SensorTile.c:159:10:BSP_GetVersion	0	static
SensorTile.c:172:6:BSP_LED_Init	48	static
SensorTile.c:204:6:BSP_LED_DeInit	0	static
SensorTile.c:219:6:BSP_LED_On	0	static
SensorTile.c:241:6:BSP_LED_Off	0	static
SensorTile.c:263:6:BSP_LED_Toggle	0	static
SensorTile.c:274:18:Sensor_IO_I2C_Init	8	static
SensorTile.c:293:18:Sensor_IO_SPI_Init	64	static
SensorTile.c:336:9:Sensor_IO_SPI_CS_Init_All	72	static
SensorTile.c:373:9:Sensor_IO_SPI_CS_Init	48	static
SensorTile.c:472:9:Sensor_IO_I2C_Write	24	static
SensorTile.c:534:9:Sensor_IO_I2C_Read	24	static
SensorTile.c:614:9:Sensor_IO_SPI_CS_Enable	8	static
SensorTile.c:636:9:Sensor_IO_SPI_CS_Disable	8	static
SensorTile.c:553:9:Sensor_IO_SPI_Write	24	static
SensorTile.c:427:9:Sensor_IO_Write	32	static
SensorTile.c:664:18:LSM6DSM_Sensor_IO_ITConfig	40	static
SensorTile.c:697:6:SPI_Read	0	static,ignoring_inline_asm
SensorTile.c:726:6:SPI_Read_nBytes	4	static,ignoring_inline_asm
SensorTile.c:581:9:Sensor_IO_SPI_Read	24	static
SensorTile.c:490:9:Sensor_IO_Read	32	static
SensorTile.c:767:6:SPI_Write	0	static
SensorTile.c:1188:6:SD_IO_CS_Init	40	static
SensorTile.c:1140:6:SD_IO_Init	8	static
SensorTile.c:1167:6:SD_IO_Init_LS	16	static
SensorTile.c:1206:6:SD_IO_CS_DeInit	32	static
SensorTile.c:1224:6:SD_IO_WriteByte	0	static
SensorTile.c:1237:6:SD_IO_WriteDMA	8	static
SensorTile.c:1253:9:SD_IO_ReadByte	8	static
SensorTile.c:1273:9:SD_IO_WriteCmd_wResp	24	static
SensorTile.c:1312:19:SD_IO_WriteCmd	32	static
SensorTile.c:1347:19:SD_IO_WaitResponse	16	static
SensorTile.c:1374:6:SD_IO_WriteDummy	8	static
