SensorTile_accelero.c:210:25:BSP_LSM303AGR_ACCELERO_Init	32	static
SensorTile_accelero.c:136:25:BSP_LSM6DSM_ACCELERO_Init	24	static
SensorTile_accelero.c:93:18:BSP_ACCELERO_Init	16	static
SensorTile_accelero.c:282:18:BSP_ACCELERO_DeInit	16	static
SensorTile_accelero.c:319:18:BSP_ACCELERO_Sensor_Enable	8	static
SensorTile_accelero.c:353:18:BSP_ACCELERO_Sensor_Disable	8	static
SensorTile_accelero.c:387:18:BSP_ACCELERO_IsInitialized	0	static
SensorTile_accelero.c:414:18:BSP_ACCELERO_IsEnabled	0	static
SensorTile_accelero.c:441:18:BSP_ACCELERO_IsCombo	0	static
SensorTile_accelero.c:468:18:BSP_ACCELERO_Get_Instance	0	static
SensorTile_accelero.c:496:18:BSP_ACCELERO_Get_WhoAmI	8	static
SensorTile_accelero.c:530:18:BSP_ACCELERO_Check_WhoAmI	8	static
SensorTile_accelero.c:565:18:BSP_ACCELERO_Get_Axes	8	static
SensorTile_accelero.c:605:18:BSP_ACCELERO_Get_AxesRaw	8	static
SensorTile_accelero.c:643:18:BSP_ACCELERO_Get_Sensitivity	8	static
SensorTile_accelero.c:683:18:BSP_ACCELERO_Get_ODR	8	static
SensorTile_accelero.c:723:18:BSP_ACCELERO_Set_ODR	8	static
SensorTile_accelero.c:757:18:BSP_ACCELERO_Set_ODR_Value	8	static
SensorTile_accelero.c:791:18:BSP_ACCELERO_Get_FS	8	static
SensorTile_accelero.c:831:18:BSP_ACCELERO_Set_FS	8	static
SensorTile_accelero.c:865:18:BSP_ACCELERO_Set_FS_Value	8	static
SensorTile_accelero.c:899:18:BSP_ACCELERO_Get_Axes_Status	8	static
SensorTile_accelero.c:939:18:BSP_ACCELERO_Set_Axes_Status	8	static
SensorTile_accelero.c:979:18:BSP_ACCELERO_Read_Reg	8	static
SensorTile_accelero.c:1021:18:BSP_ACCELERO_Write_Reg	8	static
SensorTile_accelero.c:1056:18:BSP_ACCELERO_Get_DRDY_Status	8	static
SensorTile_accelero.c:1092:18:BSP_ACCELERO_Enable_Free_Fall_Detection_Ext	0	static
SensorTile_accelero.c:1142:18:BSP_ACCELERO_Disable_Free_Fall_Detection_Ext	0	static
SensorTile_accelero.c:1188:18:BSP_ACCELERO_Get_Free_Fall_Detection_Status_Ext	4	static
SensorTile_accelero.c:1239:18:BSP_ACCELERO_Set_Free_Fall_Threshold_Ext	0	static
SensorTile_accelero.c:1285:18:BSP_ACCELERO_Enable_Pedometer_Ext	0	static
SensorTile_accelero.c:1335:18:BSP_ACCELERO_Disable_Pedometer_Ext	0	static
SensorTile_accelero.c:1381:18:BSP_ACCELERO_Get_Pedometer_Status_Ext	4	static
SensorTile_accelero.c:1432:18:BSP_ACCELERO_Get_Step_Count_Ext	4	static
SensorTile_accelero.c:1482:18:BSP_ACCELERO_Reset_Step_Counter_Ext	16	static
SensorTile_accelero.c:1540:18:BSP_ACCELERO_Set_Pedometer_Threshold_Ext	0	static
SensorTile_accelero.c:1588:18:BSP_ACCELERO_Enable_Tilt_Detection_Ext	0	static
SensorTile_accelero.c:1639:18:BSP_ACCELERO_Disable_Tilt_Detection_Ext	0	static
SensorTile_accelero.c:1685:18:BSP_ACCELERO_Get_Tilt_Detection_Status_Ext	4	static
SensorTile_accelero.c:1738:18:BSP_ACCELERO_Enable_Wake_Up_Detection_Ext	0	static
SensorTile_accelero.c:1790:18:BSP_ACCELERO_Disable_Wake_Up_Detection_Ext	0	static
SensorTile_accelero.c:1836:18:BSP_ACCELERO_Get_Wake_Up_Detection_Status_Ext	4	static
SensorTile_accelero.c:1887:18:BSP_ACCELERO_Set_Wake_Up_Threshold_Ext	0	static
SensorTile_accelero.c:1935:18:BSP_ACCELERO_Enable_Single_Tap_Detection_Ext	0	static
SensorTile_accelero.c:1987:18:BSP_ACCELERO_Disable_Single_Tap_Detection_Ext	0	static
SensorTile_accelero.c:2033:18:BSP_ACCELERO_Get_Single_Tap_Detection_Status_Ext	4	static
SensorTile_accelero.c:2086:18:BSP_ACCELERO_Enable_Double_Tap_Detection_Ext	0	static
SensorTile_accelero.c:2137:18:BSP_ACCELERO_Disable_Double_Tap_Detection_Ext	0	static
SensorTile_accelero.c:2183:18:BSP_ACCELERO_Get_Double_Tap_Detection_Status_Ext	4	static
SensorTile_accelero.c:2233:18:BSP_ACCELERO_Set_Tap_Threshold_Ext	0	static
SensorTile_accelero.c:2279:18:BSP_ACCELERO_Set_Tap_Shock_Time_Ext	0	static
SensorTile_accelero.c:2325:18:BSP_ACCELERO_Set_Tap_Quiet_Time_Ext	0	static
SensorTile_accelero.c:2371:18:BSP_ACCELERO_Set_Tap_Duration_Time_Ext	0	static
SensorTile_accelero.c:2419:18:BSP_ACCELERO_Enable_6D_Orientation_Ext	0	static
SensorTile_accelero.c:2469:18:BSP_ACCELERO_Disable_6D_Orientation_Ext	0	static
SensorTile_accelero.c:2515:18:BSP_ACCELERO_Get_6D_Orientation_Status_Ext	4	static
SensorTile_accelero.c:2566:18:BSP_ACCELERO_Get_6D_Orientation_XL_Ext	4	static
SensorTile_accelero.c:2617:18:BSP_ACCELERO_Get_6D_Orientation_XH_Ext	4	static
SensorTile_accelero.c:2668:18:BSP_ACCELERO_Get_6D_Orientation_YL_Ext	4	static
SensorTile_accelero.c:2719:18:BSP_ACCELERO_Get_6D_Orientation_YH_Ext	4	static
SensorTile_accelero.c:2770:18:BSP_ACCELERO_Get_6D_Orientation_ZL_Ext	4	static
SensorTile_accelero.c:2821:18:BSP_ACCELERO_Get_6D_Orientation_ZH_Ext	4	static
SensorTile_accelero.c:2871:18:BSP_ACCELERO_Get_Event_Status_Ext	4	static
