SensorTile_magneto.c:131:25:BSP_LSM303AGR_MAGNETO_Init	16	static
SensorTile_magneto.c:101:18:BSP_MAGNETO_Init	8	static
SensorTile_magneto.c:199:18:BSP_MAGNETO_DeInit	16	static
SensorTile_magneto.c:235:18:BSP_MAGNETO_Sensor_Enable	8	static
SensorTile_magneto.c:269:18:BSP_MAGNETO_Sensor_Disable	8	static
SensorTile_magneto.c:303:18:BSP_MAGNETO_IsInitialized	0	static
SensorTile_magneto.c:330:18:BSP_MAGNETO_IsEnabled	0	static
SensorTile_magneto.c:357:18:BSP_MAGNETO_IsCombo	0	static
SensorTile_magneto.c:384:18:BSP_MAGNETO_Get_Instance	0	static
SensorTile_magneto.c:412:18:BSP_MAGNETO_Get_WhoAmI	8	static
SensorTile_magneto.c:449:18:BSP_MAGNETO_Check_WhoAmI	8	static
SensorTile_magneto.c:483:18:BSP_MAGNETO_Get_Axes	8	static
SensorTile_magneto.c:521:18:BSP_MAGNETO_Get_AxesRaw	8	static
SensorTile_magneto.c:562:18:BSP_MAGNETO_Get_Sensitivity	8	static
SensorTile_magneto.c:600:18:BSP_MAGNETO_Get_ODR	8	static
SensorTile_magneto.c:638:18:BSP_MAGNETO_Set_ODR	8	static
SensorTile_magneto.c:672:18:BSP_MAGNETO_Set_ODR_Value	8	static
SensorTile_magneto.c:706:18:BSP_MAGNETO_Get_FS	8	static
SensorTile_magneto.c:744:18:BSP_MAGNETO_Set_FS	8	static
SensorTile_magneto.c:778:18:BSP_MAGNETO_Set_FS_Value	8	static
SensorTile_magneto.c:812:18:BSP_MAGNETO_Read_Reg	8	static
SensorTile_magneto.c:853:18:BSP_MAGNETO_Write_Reg	8	static
SensorTile_magneto.c:888:18:BSP_MAGNETO_Get_DRDY_Status	8	static
