hci_le.c:28:5:hci_reset	40	static
hci_le.c:45:5:hci_disconnect	48	static
hci_le.c:69:5:hci_le_read_local_version	64	static
hci_le.c:102:5:hci_le_read_buffer_size	56	static
hci_le.c:130:5:hci_le_set_advertising_parameters	88	static
hci_le.c:163:5:hci_le_set_advertising_data	80	static
hci_le.c:187:5:hci_le_set_advertise_enable	48	static
hci_le.c:210:5:hci_le_set_scan_parameters	72	static
hci_le.c:239:5:hci_le_set_scan_enable	48	static
hci_le.c:263:5:hci_le_rand	56	static
hci_le.c:290:5:hci_le_set_scan_resp_data	80	static
hci_le.c:314:5:hci_le_read_advertising_channel_tx_power	48	static
hci_le.c:341:5:hci_le_set_random_address	56	static
hci_le.c:364:5:hci_read_bd_addr	48	static
hci_le.c:390:5:hci_le_create_connection	112	static
hci_le.c:427:5:hci_le_create_connection_cancel	40	static
hci_le.c:444:5:hci_le_encrypt	104	static
hci_le.c:476:5:hci_le_ltk_request_reply	64	static
hci_le.c:501:5:hci_le_ltk_request_neg_reply	48	static
hci_le.c:525:5:hci_le_read_white_list_size	48	static
hci_le.c:551:5:hci_le_clear_white_list	40	static
hci_le.c:569:5:hci_le_add_device_to_white_list	56	static
hci_le.c:593:5:hci_le_remove_device_from_white_list	56	static
hci_le.c:617:5:hci_read_transmit_power_level	56	static
hci_le.c:650:5:hci_read_rssi	56	static
hci_le.c:682:5:hci_le_read_local_supported_features	56	static
hci_le.c:708:5:hci_le_read_channel_map	56	static
hci_le.c:739:5:hci_le_read_supported_states	56	static
hci_le.c:765:5:hci_le_receiver_test	40	static
hci_le.c:788:5:hci_le_transmitter_test	48	static
hci_le.c:813:5:hci_le_test_end	48	static
