HWAdvanceFeatures.c:68:6:InitHWFeatures	0	static
HWAdvanceFeatures.c:136:6:DisableHWOrientation6D	8	static
HWAdvanceFeatures.c:155:14:GetHWOrientation6D	24	static
HWAdvanceFeatures.c:232:6:DisableHWTilt	8	static
HWAdvanceFeatures.c:272:6:DisableHWWakeUp	8	static
HWAdvanceFeatures.c:319:6:DisableHWFreeFall	8	static
HWAdvanceFeatures.c:366:6:DisableHWDoubleTap	8	static
HWAdvanceFeatures.c:405:6:DisableHWSingleTap	8	static
HWAdvanceFeatures.c:447:6:DisableHWPedometer	8	static
HWAdvanceFeatures.c:78:6:DisableHWFeatures	8	static
HWAdvanceFeatures.c:116:6:EnableHWOrientation6D	8	static
HWAdvanceFeatures.c:212:6:EnableHWTilt	8	static
HWAdvanceFeatures.c:252:6:EnableHWWakeUp	8	static
HWAdvanceFeatures.c:291:6:EnableHWFreeFall	16	static
HWAdvanceFeatures.c:338:6:EnableHWDoubleTap	16	static
HWAdvanceFeatures.c:385:6:EnableHWSingleTap	8	static
HWAdvanceFeatures.c:424:6:EnableHWPedometer	8	static
HWAdvanceFeatures.c:465:6:ResetHWPedometer	0	static
HWAdvanceFeatures.c:479:10:GetStepHWPedometer	16	static
HWAdvanceFeatures.c:495:6:EnableHWMultipleEvents	8	static
HWAdvanceFeatures.c:521:6:DisableHWMultipleEvents	8	static
