main.c:674:13:startProcessing	0	static
main.c:1906:13:LedBlinkCb	8	static
main.c:1160:13:AudioProcess.part.0	8	static
main.c:465:5:SendMsgToHost	16	static
main.c:792:5:stopProc	56	static
main.c:867:6:Set2GAccelerometerFullScale	16	static
main.c:883:6:Set4GAccelerometerFullScale	16	static
main.c:706:5:startProc	56	static
main.c:906:7:AccEvent_Msg	48	static
main.c:913:7:AccStepEvent_Msg	48	static
main.c:1110:6:AudioProcess_FromMics	24	static
main.c:1139:6:AudioProcess_FromPC	12	static
main.c:1195:6:AudioProcess_DB_Noise	0	static
main.c:1273:6:BSP_AUDIO_IN_HalfTransfer_CallBack	0	static
main.c:1283:6:BSP_AUDIO_IN_TransferComplete_CallBack	0	static
main.c:1625:6:SystemClock_Config	240	static
main.c:322:5:main	40	static
main.c:1690:6:RTC_DataConfig	16	static
main.c:1715:6:RTC_TimeConfig	32	static
main.c:1739:6:HAL_RTC_AlarmAEventCallback	0	static
main.c:1750:19:RTC_GetCurrentDateTime	8	static
main.c:1770:6:HAL_Delay	16	static,ignoring_inline_asm
main.c:379:13:ProcessThread	208	static
main.c:1784:6:Error_Handler	0	static
main.c:1796:6:HAL_GPIO_EXTI_Callback	48	static
main.c:1877:6:LedBlinkStart	16	static
main.c:485:13:HostThread	48	static
main.c:1891:6:LedBlinkStop	8	static
main.c:1956:6:vApplicationStackOverflowHook	0	static
