sensor_service.c:1990:17:ConfigCommandParsing.isra.3	56	static
sensor_service.c:137:12:safe_aci_gatt_update_char_value	24	static
sensor_service.c:168:12:Add_ConfigW2ST_Service	64	static
sensor_service.c:205:12:Add_ConsoleW2ST_Service	72	static
sensor_service.c:248:12:UpdateTermStdOut	16	static
sensor_service.c:258:12:UpdateTermStdErr	16	static
sensor_service.c:275:12:Stderr_Update	72	static
sensor_service.c:305:12:Term_Update	72	static
sensor_service.c:365:12:ActivityRec_Update	40	static
sensor_service.c:393:12:AudioSRec_Update	40	static
sensor_service.c:422:12:Config_Notify	48	static
sensor_service.c:433:12:Config_NotifyBLE	40	static
sensor_service.c:461:12:AccEvent_Notify	40	static
sensor_service.c:494:12:Add_HW_SW_ServW2ST_Service	80	static
sensor_service.c:663:12:AccGyroMag_Update	64	static
sensor_service.c:710:12:Environmental_Update	48	static
sensor_service.c:760:12:AudioLevel_Update	40	static
sensor_service.c:790:12:GG_Update	48	static
sensor_service.c:834:16:SDLog_Update	32	static
sensor_service.c:864:6:setConnectable	88	static
sensor_service.c:959:6:setNotConnectable	8	static
sensor_service.c:2167:6:HCI_Event_CB	144	static
