stm32l4xx_it.c:72:6:NMI_Handler	0	static
stm32l4xx_it.c:81:6:HardFault_Handler	0	static
stm32l4xx_it.c:94:6:MemManage_Handler	0	static
stm32l4xx_it.c:107:6:BusFault_Handler	0	static
stm32l4xx_it.c:120:6:UsageFault_Handler	0	static
stm32l4xx_it.c:142:6:DebugMon_Handler	0	static
stm32l4xx_it.c:162:6:SysTick_Handler	8	static
stm32l4xx_it.c:181:6:DMA2_Channel2_IRQHandler	0	static
stm32l4xx_it.c:191:6:RTC_Alarm_IRQHandler	0	static
stm32l4xx_it.c:202:6:DMA1_Channel4_IRQHandler	0	static
stm32l4xx_it.c:212:6:EXTI3_IRQHandler	0	static
stm32l4xx_it.c:279:6:EXTI9_5_IRQHandler	0	static
stm32l4xx_it.c:289:6:EXTI2_IRQHandler	0	static
stm32l4xx_it.c:316:6:RTC_WKUP_IRQHandler	0	static
