usbd_conf.c:54:6:HAL_PCD_SetupStageCallback	0	static
usbd_conf.c:64:6:HAL_PCD_DataOutStageCallback	0	static
usbd_conf.c:75:6:HAL_PCD_DataInStageCallback	0	static
usbd_conf.c:85:6:HAL_PCD_SOFCallback	0	static
usbd_conf.c:95:6:HAL_PCD_ResetCallback	8	static
usbd_conf.c:109:6:HAL_PCD_SuspendCallback	0	static
usbd_conf.c:119:6:HAL_PCD_ResumeCallback	0	static
usbd_conf.c:129:6:HAL_PCD_ISOOUTIncompleteCallback	0	static
usbd_conf.c:139:6:HAL_PCD_ISOINIncompleteCallback	0	static
usbd_conf.c:149:6:HAL_PCD_ConnectCallback	0	static
usbd_conf.c:159:6:HAL_PCD_DisconnectCallback	0	static
usbd_conf.c:173:21:USBD_LL_Init	24	static
usbd_conf.c:213:21:USBD_LL_DeInit	8	static
usbd_conf.c:225:21:USBD_LL_Start	8	static
usbd_conf.c:237:21:USBD_LL_Stop	8	static
usbd_conf.c:252:21:USBD_LL_OpenEP	8	static
usbd_conf.c:272:21:USBD_LL_CloseEP	8	static
usbd_conf.c:285:21:USBD_LL_FlushEP	8	static
usbd_conf.c:298:21:USBD_LL_StallEP	8	static
usbd_conf.c:311:21:USBD_LL_ClearStallEP	8	static
usbd_conf.c:324:9:USBD_LL_IsStallEP	0	static
usbd_conf.c:344:21:USBD_LL_SetUSBAddress	8	static
usbd_conf.c:359:21:USBD_LL_Transmit	8	static
usbd_conf.c:377:21:USBD_LL_PrepareReceive	8	static
usbd_conf.c:393:10:USBD_LL_GetRxDataSize	8	static
usbd_conf.c:404:7:USBD_LL_Delay	0	static
