HTS221_Driver.c:106:17:HTS221_ReadReg	8	static
HTS221_Driver.c:123:17:HTS221_WriteReg	8	static
HTS221_Driver.c:138:17:HTS221_Get_DriverVersion	0	static
HTS221_Driver.c:153:17:HTS221_Get_DeviceID	8	static
HTS221_Driver.c:220:17:HTS221_Get_InitConfig	24	static
HTS221_Driver.c:250:17:HTS221_DeInit	24	static
HTS221_Driver.c:295:17:HTS221_Get_RawMeasurement	24	static
HTS221_Driver.c:314:17:HTS221_Get_Humidity	40	static
HTS221_Driver.c:354:17:HTS221_Get_HumidityRaw	16	static
HTS221_Driver.c:372:17:HTS221_Get_Temperature	48	static
HTS221_Driver.c:280:17:HTS221_Get_Measurement	16	static
HTS221_Driver.c:414:17:HTS221_Get_TemperatureRaw	16	static
HTS221_Driver.c:434:17:HTS221_Get_DataStatus	24	static
HTS221_Driver.c:453:17:HTS221_Activate	24	static
HTS221_Driver.c:473:17:HTS221_DeActivate	24	static
HTS221_Driver.c:496:17:HTS221_IsMeasurementCompleted	16	static
HTS221_Driver.c:594:17:HTS221_Get_AvgHT	24	static
HTS221_Driver.c:639:17:HTS221_Get_BduMode	16	static
HTS221_Driver.c:683:17:HTS221_Get_PowerDownMode	16	static
HTS221_Driver.c:726:17:HTS221_Get_Odr	16	static
HTS221_Driver.c:744:17:HTS221_MemoryBoot	24	static
HTS221_Driver.c:790:17:HTS221_Get_HeaterState	16	static
HTS221_Driver.c:808:17:HTS221_StartOneShotMeasurement	24	static
HTS221_Driver.c:856:17:HTS221_Get_IrqActiveLevel	16	static
HTS221_Driver.c:899:17:HTS221_Get_IrqOutputType	16	static
HTS221_Driver.c:942:17:HTS221_Get_IrqEnable	16	static
HTS221_Driver.c:963:6:HTS221_assert_failed	8	static
HTS221_Driver.c:168:17:HTS221_Set_InitConfig	32	static
HTS221_Driver.c:519:17:HTS221_Set_AvgHT	24	static
HTS221_Driver.c:545:17:HTS221_Set_AvgH	24	static
HTS221_Driver.c:569:17:HTS221_Set_AvgT	24	static
HTS221_Driver.c:615:17:HTS221_Set_BduMode	24	static
HTS221_Driver.c:659:17:HTS221_Set_PowerDownMode	24	static
HTS221_Driver.c:702:17:HTS221_Set_Odr	24	static
HTS221_Driver.c:766:17:HTS221_Set_HeaterState	24	static
HTS221_Driver.c:832:17:HTS221_Set_IrqActiveLevel	24	static
HTS221_Driver.c:875:17:HTS221_Set_IrqOutputType	24	static
HTS221_Driver.c:918:17:HTS221_Set_IrqEnable	24	static
