HTS221_Driver_HL.c:434:25:HTS221_H_Get_DRDY_Status	16	static
HTS221_Driver_HL.c:710:25:HTS221_T_Get_DRDY_Status	16	static
HTS221_Driver_HL.c:415:25:HTS221_H_Write_Reg	16	static
HTS221_Driver_HL.c:691:25:HTS221_T_Write_Reg	0	static
HTS221_Driver_HL.c:395:25:HTS221_H_Read_Reg	8	static
HTS221_Driver_HL.c:671:25:HTS221_T_Read_Reg	0	static
HTS221_Driver_HL.c:380:25:HTS221_H_Set_ODR_Value	8	static
HTS221_Driver_HL.c:656:25:HTS221_T_Set_ODR_Value	0	static
HTS221_Driver_HL.c:949:25:HTS221_Set_ODR	8	static
HTS221_Driver_HL.c:366:25:HTS221_H_Set_ODR	0	static
HTS221_Driver_HL.c:910:25:HTS221_Get_ODR	16	static
HTS221_Driver_HL.c:352:25:HTS221_H_Get_ODR	0	static
HTS221_Driver_HL.c:338:25:HTS221_H_Get_Hum	24	static
HTS221_Driver_HL.c:840:25:HTS221_Check_WhoAmI	16	static
HTS221_Driver_HL.c:324:25:HTS221_H_Check_WhoAmI	0	static
HTS221_Driver_HL.c:311:25:HTS221_H_Get_WhoAmI	8	static
HTS221_Driver_HL.c:587:25:HTS221_T_Get_WhoAmI	0	static
HTS221_Driver_HL.c:614:25:HTS221_T_Get_Temp	24	static
HTS221_Driver_HL.c:277:25:HTS221_H_Sensor_Disable	8	static
HTS221_Driver_HL.c:216:25:HTS221_H_DeInit	8	static
HTS221_Driver_HL.c:554:25:HTS221_T_Sensor_Disable	8	static
HTS221_Driver_HL.c:494:25:HTS221_T_DeInit	8	static
HTS221_Driver_HL.c:244:25:HTS221_H_Sensor_Enable	8	static
HTS221_Driver_HL.c:521:25:HTS221_T_Sensor_Enable	8	static
HTS221_Driver_HL.c:750:25:HTS221_Init	8	static
HTS221_Driver_HL.c:189:25:HTS221_H_Init	8	static
HTS221_Driver_HL.c:467:25:HTS221_T_Init	8	static
HTS221_Driver_HL.c:642:25:HTS221_T_Set_ODR	0	static
HTS221_Driver_HL.c:600:25:HTS221_T_Check_WhoAmI	0	static
HTS221_Driver_HL.c:628:25:HTS221_T_Get_ODR	0	static
