LPS22HB_Driver.c:104:18:LPS22HB_ReadReg	8	static
LPS22HB_Driver.c:120:18:LPS22HB_WriteReg	8	static
LPS22HB_Driver.c:134:18:LPS22HB_Get_DeviceID	8	static
LPS22HB_Driver.c:148:18:LPS22HB_Get_DriverVersion	0	static
LPS22HB_Driver.c:164:18:LPS22HB_Set_PowerMode	24	static
LPS22HB_Driver.c:188:18:LPS22HB_Get_PowerMode	16	static
LPS22HB_Driver.c:207:18:LPS22HB_Set_Odr	24	static
LPS22HB_Driver.c:232:18:LPS22HB_Get_Odr	16	static
LPS22HB_Driver.c:250:18:LPS22HB_Set_LowPassFilter	24	static
LPS22HB_Driver.c:277:18:LPS22HB_Set_LowPassFilterCutoff	24	static
LPS22HB_Driver.c:309:18:LPS22HB_Set_Bdu	24	static
LPS22HB_Driver.c:335:18:LPS22HB_Get_Bdu	16	static
LPS22HB_Driver.c:353:18:LPS22HB_Set_SpiInterface	24	static
LPS22HB_Driver.c:378:18:LPS22HB_Set_ClockTreeConfifuration	24	static
LPS22HB_Driver.c:405:18:LPS22HB_Get_SpiInterface	16	static
LPS22HB_Driver.c:422:18:LPS22HB_SwReset	24	static
LPS22HB_Driver.c:443:18:LPS22HB_MemoryBoot	24	static
LPS22HB_Driver.c:465:18:LPS22HB_SwResetAndMemoryBoot	24	static
LPS22HB_Driver.c:487:18:LPS22HB_Set_FifoModeUse	24	static
LPS22HB_Driver.c:510:18:LPS22HB_Set_FifoWatermarkLevelUse	24	static
LPS22HB_Driver.c:534:18:LPS22HB_Set_AutomaticIncrementRegAddress	24	static
LPS22HB_Driver.c:560:18:LPS22HB_Set_I2C	24	static
LPS22HB_Driver.c:587:18:LPS22HB_StartOneShotMeasurement	24	static
LPS22HB_Driver.c:611:18:LPS22HB_Set_InterruptActiveLevel	24	static
LPS22HB_Driver.c:636:18:LPS22HB_Set_InterruptOutputType	24	static
LPS22HB_Driver.c:660:18:LPS22HB_Set_InterruptControlConfig	24	static
LPS22HB_Driver.c:685:18:LPS22HB_Set_DRDYInterrupt	24	static
LPS22HB_Driver.c:710:18:LPS22HB_Set_FIFO_OVR_Interrupt	24	static
LPS22HB_Driver.c:735:18:LPS22HB_Set_FIFO_FTH_Interrupt	24	static
LPS22HB_Driver.c:759:18:LPS22HB_Set_FIFO_FULL_Interrupt	24	static
LPS22HB_Driver.c:787:18:LPS22HB_Set_AutoRifP	24	static
LPS22HB_Driver.c:808:18:LPS22HB_ResetAutoRifP	24	static
LPS22HB_Driver.c:831:18:LPS22HB_Set_AutoZeroFunction	24	static
LPS22HB_Driver.c:853:18:LPS22HB_ResetAutoZeroFunction	24	static
LPS22HB_Driver.c:878:18:LPS22HB_Set_InterruptDifferentialGeneration	24	static
LPS22HB_Driver.c:903:18:LPS22HB_Get_InterruptDifferentialGeneration	16	static
LPS22HB_Driver.c:921:18:LPS22HB_LatchInterruptRequest	24	static
LPS22HB_Driver.c:947:18:LPS22HB_Set_PLE	24	static
LPS22HB_Driver.c:971:18:LPS22HB_Set_PHE	24	static
LPS22HB_Driver.c:996:18:LPS22HB_Get_InterruptDifferentialEventStatus	24	static
LPS22HB_Driver.c:1018:18:LPS22HB_Get_DataStatus	24	static
LPS22HB_Driver.c:1043:18:LPS22HB_Get_RawPressure	16	static
LPS22HB_Driver.c:1073:18:LPS22HB_Get_Pressure	16	static
LPS22HB_Driver.c:1093:18:LPS22HB_Get_RawTemperature	16	static
LPS22HB_Driver.c:1118:18:LPS22HB_Get_Temperature	16	static
LPS22HB_Driver.c:1137:18:LPS22HB_Get_PressureThreshold	16	static
LPS22HB_Driver.c:1156:18:LPS22HB_Set_PressureThreshold	24	static
LPS22HB_Driver.c:1175:18:LPS22HB_Set_FifoMode	24	static
LPS22HB_Driver.c:1199:18:LPS22HB_Get_FifoMode	16	static
LPS22HB_Driver.c:1218:18:LPS22HB_Set_FifoWatermarkLevel	24	static
LPS22HB_Driver.c:1242:18:LPS22HB_Get_FifoWatermarkLevel	8	static
LPS22HB_Driver.c:1258:18:LPS22HB_Get_FifoStatus	16	static
LPS22HB_Driver.c:1289:18:LPS22HB_Get_PressureOffsetValue	16	static
LPS22HB_Driver.c:1312:18:LPS22HB_Get_ReferencePressure	16	static
LPS22HB_Driver.c:1344:18:LPS22HB_IsMeasurementCompleted	16	static
LPS22HB_Driver.c:1366:18:LPS22HB_Get_Measurement	24	static
LPS22HB_Driver.c:1423:18:LPS22HB_DeInit	16	static
LPS22HB_Driver.c:1445:18:LPS22HB_Set_GenericConfig	16	static
LPS22HB_Driver.c:1394:18:LPS22HB_Init	24	static
LPS22HB_Driver.c:1494:18:LPS22HB_Get_GenericConfig	24	static
LPS22HB_Driver.c:1529:18:LPS22HB_Set_InterruptConfig	16	static
LPS22HB_Driver.c:1640:18:LPS22HB_Get_InterruptConfig	24	static
LPS22HB_Driver.c:1678:18:LPS22HB_Set_FifoConfig	16	static
LPS22HB_Driver.c:1726:18:LPS22HB_Get_FifoConfig	24	static
