LPS22HB_Driver_HL.c:545:25:LPS22HB_P_Get_DRDY_Status	16	static
LPS22HB_Driver_HL.c:858:25:LPS22HB_T_Get_DRDY_Status	16	static
LPS22HB_Driver_HL.c:526:25:LPS22HB_P_Write_Reg	16	static
LPS22HB_Driver_HL.c:839:25:LPS22HB_T_Write_Reg	0	static
LPS22HB_Driver_HL.c:506:25:LPS22HB_P_Read_Reg	8	static
LPS22HB_Driver_HL.c:819:25:LPS22HB_T_Read_Reg	0	static
LPS22HB_Driver_HL.c:348:25:LPS22HB_P_Sensor_Disable	16	static
LPS22HB_Driver_HL.c:288:25:LPS22HB_P_DeInit	16	static
LPS22HB_Driver_HL.c:659:25:LPS22HB_T_Sensor_Disable	16	static
LPS22HB_Driver_HL.c:597:25:LPS22HB_T_DeInit	16	static
LPS22HB_Driver_HL.c:1046:25:LPS22HB_Get_ODR	16	static
LPS22HB_Driver_HL.c:427:25:LPS22HB_P_Get_ODR	0	static
LPS22HB_Driver_HL.c:413:25:LPS22HB_P_Get_Press	24	static
LPS22HB_Driver_HL.c:976:25:LPS22HB_Check_WhoAmI	16	static
LPS22HB_Driver_HL.c:399:25:LPS22HB_P_Check_WhoAmI	0	static
LPS22HB_Driver_HL.c:386:25:LPS22HB_P_Get_WhoAmI	8	static
LPS22HB_Driver_HL.c:697:25:LPS22HB_T_Get_WhoAmI	0	static
LPS22HB_Driver_HL.c:725:25:LPS22HB_T_Get_Temp	24	static
LPS22HB_Driver_HL.c:1445:25:LPS22HB_FIFO_Get_Data	32	static
LPS22HB_Driver_HL.c:1540:25:LPS22HB_FIFO_Set_Watermark_Level	8	static
LPS22HB_Driver_HL.c:1522:25:LPS22HB_FIFO_Get_Watermark_Level	8	static
LPS22HB_Driver_HL.c:1468:25:LPS22HB_FIFO_Get_Mode	16	static
LPS22HB_Driver_HL.c:1422:25:LPS22HB_FIFO_Get_Num_Of_Samples	16	static
LPS22HB_Driver_HL.c:1344:25:LPS22HB_FIFO_Get_Fth_Status	16	static
LPS22HB_Driver_HL.c:1322:25:LPS22HB_FIFO_Get_Ovr_Status	16	static
LPS22HB_Driver_HL.c:1300:25:LPS22HB_FIFO_Get_Full_Status	16	static
LPS22HB_Driver_HL.c:1278:25:LPS22HB_FIFO_Get_Empty_Status	16	static
LPS22HB_Driver_HL.c:1177:25:LPS22HB_Set_ODR_Value_When_Enabled	16	static
LPS22HB_Driver_HL.c:473:25:LPS22HB_P_Set_ODR_Value	8	static
LPS22HB_Driver_HL.c:318:25:LPS22HB_P_Sensor_Enable	16	static
LPS22HB_Driver_HL.c:786:25:LPS22HB_T_Set_ODR_Value	8	static
LPS22HB_Driver_HL.c:627:25:LPS22HB_T_Sensor_Enable	16	static
LPS22HB_Driver_HL.c:1092:25:LPS22HB_Set_ODR_When_Enabled	16	static
LPS22HB_Driver_HL.c:441:25:LPS22HB_P_Set_ODR	8	static
LPS22HB_Driver_HL.c:754:25:LPS22HB_T_Set_ODR	8	static
LPS22HB_Driver_HL.c:888:25:LPS22HB_Initialize.isra.4	16	static
LPS22HB_Driver_HL.c:259:25:LPS22HB_P_Init	16	static
LPS22HB_Driver_HL.c:567:25:LPS22HB_T_Init	16	static
LPS22HB_Driver_HL.c:1623:25:LPS22HB_FIFO_Reset_Interrupt	8	static
LPS22HB_Driver_HL.c:1586:25:LPS22HB_FIFO_Set_Interrupt	8	static
LPS22HB_Driver_HL.c:1558:25:LPS22HB_FIFO_Watermark_Usage	8	static
LPS22HB_Driver_HL.c:1490:25:LPS22HB_FIFO_Set_Mode	8	static
LPS22HB_Driver_HL.c:1394:25:LPS22HB_FIFO_Usage	8	static
LPS22HB_Driver_HL.c:739:25:LPS22HB_T_Get_ODR	0	static
LPS22HB_Driver_HL.c:711:25:LPS22HB_T_Check_WhoAmI	0	static
LPS22HB_Driver_HL.c:1366:25:LPS22HB_FIFO_Stop_On_Fth	8	static
