LSM303AGR_MAG_driver_HL.c:404:25:LSM303AGR_M_Get_Sensitivity	0	static
LSM303AGR_MAG_driver_HL.c:527:25:LSM303AGR_M_Get_FS	0	static
LSM303AGR_MAG_driver_HL.c:543:25:LSM303AGR_M_Set_FS	0	static
LSM303AGR_MAG_driver_HL.c:557:25:LSM303AGR_M_Set_FS_Value	0	static
LSM303AGR_MAG_driver_HL.c:612:25:LSM303AGR_M_Get_DRDY_Status	16	static
LSM303AGR_MAG_driver_HL.c:592:25:LSM303AGR_M_Write_Reg	16	static
LSM303AGR_MAG_driver_HL.c:571:25:LSM303AGR_M_Read_Reg	8	static
LSM303AGR_MAG_driver_HL.c:501:25:LSM303AGR_M_Set_ODR_Value	8	static
LSM303AGR_MAG_driver_HL.c:459:25:LSM303AGR_M_Set_ODR	8	static
LSM303AGR_MAG_driver_HL.c:420:25:LSM303AGR_M_Get_ODR	16	static
LSM303AGR_MAG_driver_HL.c:653:25:LSM303AGR_M_Get_Axes_Raw	24	static
LSM303AGR_MAG_driver_HL.c:376:25:LSM303AGR_M_Get_AxesRaw	16	static
LSM303AGR_MAG_driver_HL.c:341:25:LSM303AGR_M_Get_Axes	16	static
LSM303AGR_MAG_driver_HL.c:295:25:LSM303AGR_M_Get_WhoAmI	8	static
LSM303AGR_MAG_driver_HL.c:315:25:LSM303AGR_M_Check_WhoAmI	16	static
LSM303AGR_MAG_driver_HL.c:154:25:LSM303AGR_M_Init	16	static
LSM303AGR_MAG_driver_HL.c:206:25:LSM303AGR_M_DeInit	16	static
LSM303AGR_MAG_driver_HL.c:238:25:LSM303AGR_M_Sensor_Enable	8	static
LSM303AGR_MAG_driver_HL.c:266:25:LSM303AGR_M_Sensor_Disable	8	static
