LSM303AGR_ACC_driver.c:78:10:LSM303AGR_ACC_WriteReg	8	static
LSM303AGR_ACC_driver.c:100:10:LSM303AGR_ACC_ReadReg	8	static
LSM303AGR_ACC_driver.c:122:10:LSM303AGR_ACC_R_WHO_AM_I	8	static
LSM303AGR_ACC_driver.c:140:11:LSM303AGR_ACC_W_BlockDataUpdate	24	static
LSM303AGR_ACC_driver.c:163:10:LSM303AGR_ACC_R_BlockDataUpdate	8	static
LSM303AGR_ACC_driver.c:180:11:LSM303AGR_ACC_W_FullScale	24	static
LSM303AGR_ACC_driver.c:203:10:LSM303AGR_ACC_R_FullScale	8	static
LSM303AGR_ACC_driver.c:220:10:LSM303AGR_ACC_Get_Raw_Acceleration	8	static
LSM303AGR_ACC_driver.c:265:10:LSM303AGR_ACC_Get_Acceleration	48	static
LSM303AGR_ACC_driver.c:337:11:LSM303AGR_ACC_W_ODR	24	static
LSM303AGR_ACC_driver.c:360:10:LSM303AGR_ACC_R_ODR	8	static
LSM303AGR_ACC_driver.c:379:10:LSM303AGR_ACC_R_x_data_avail	8	static
LSM303AGR_ACC_driver.c:396:10:LSM303AGR_ACC_R_y_data_avail	8	static
LSM303AGR_ACC_driver.c:413:10:LSM303AGR_ACC_R_z_data_avail	8	static
LSM303AGR_ACC_driver.c:430:10:LSM303AGR_ACC_R_xyz_data_avail	8	static
LSM303AGR_ACC_driver.c:447:10:LSM303AGR_ACC_R_DataXOverrun	8	static
LSM303AGR_ACC_driver.c:464:10:LSM303AGR_ACC_R_DataYOverrun	8	static
LSM303AGR_ACC_driver.c:481:10:LSM303AGR_ACC_R_DataZOverrun	8	static
LSM303AGR_ACC_driver.c:498:10:LSM303AGR_ACC_R_DataXYZOverrun	8	static
LSM303AGR_ACC_driver.c:515:10:LSM303AGR_ACC_R_int_counter	8	static
LSM303AGR_ACC_driver.c:533:11:LSM303AGR_ACC_W_TEMP_EN_bits	24	static
LSM303AGR_ACC_driver.c:556:10:LSM303AGR_ACC_R_TEMP_EN_bits	8	static
LSM303AGR_ACC_driver.c:573:11:LSM303AGR_ACC_W_ADC_PD	24	static
LSM303AGR_ACC_driver.c:596:10:LSM303AGR_ACC_R_ADC_PD	8	static
LSM303AGR_ACC_driver.c:613:11:LSM303AGR_ACC_W_XEN	24	static
LSM303AGR_ACC_driver.c:636:10:LSM303AGR_ACC_R_XEN	8	static
LSM303AGR_ACC_driver.c:653:11:LSM303AGR_ACC_W_YEN	24	static
LSM303AGR_ACC_driver.c:676:10:LSM303AGR_ACC_R_YEN	8	static
LSM303AGR_ACC_driver.c:693:11:LSM303AGR_ACC_W_ZEN	24	static
LSM303AGR_ACC_driver.c:716:10:LSM303AGR_ACC_R_ZEN	8	static
LSM303AGR_ACC_driver.c:733:11:LSM303AGR_ACC_W_LOWPWR_EN	24	static
LSM303AGR_ACC_driver.c:756:10:LSM303AGR_ACC_R_LOWPWR_EN	8	static
LSM303AGR_ACC_driver.c:773:11:LSM303AGR_ACC_W_hpf_aoi_en_int1	24	static
LSM303AGR_ACC_driver.c:796:10:LSM303AGR_ACC_R_hpf_aoi_en_int1	8	static
LSM303AGR_ACC_driver.c:813:11:LSM303AGR_ACC_W_hpf_aoi_en_int2	24	static
LSM303AGR_ACC_driver.c:836:10:LSM303AGR_ACC_R_hpf_aoi_en_int2	8	static
LSM303AGR_ACC_driver.c:853:11:LSM303AGR_ACC_W_hpf_click_en	24	static
LSM303AGR_ACC_driver.c:876:10:LSM303AGR_ACC_R_hpf_click_en	8	static
LSM303AGR_ACC_driver.c:893:11:LSM303AGR_ACC_W_Data_Filter	24	static
LSM303AGR_ACC_driver.c:916:10:LSM303AGR_ACC_R_Data_Filter	8	static
LSM303AGR_ACC_driver.c:933:11:LSM303AGR_ACC_W_hpf_cutoff_freq	24	static
LSM303AGR_ACC_driver.c:956:10:LSM303AGR_ACC_R_hpf_cutoff_freq	8	static
LSM303AGR_ACC_driver.c:973:11:LSM303AGR_ACC_W_hpf_mode	24	static
LSM303AGR_ACC_driver.c:996:10:LSM303AGR_ACC_R_hpf_mode	8	static
LSM303AGR_ACC_driver.c:1013:11:LSM303AGR_ACC_W_FIFO_Overrun_on_INT1	24	static
LSM303AGR_ACC_driver.c:1036:10:LSM303AGR_ACC_R_FIFO_Overrun_on_INT1	8	static
LSM303AGR_ACC_driver.c:1053:11:LSM303AGR_ACC_W_FIFO_Watermark_on_INT1	24	static
LSM303AGR_ACC_driver.c:1076:10:LSM303AGR_ACC_R_FIFO_Watermark_on_INT1	8	static
LSM303AGR_ACC_driver.c:1093:11:LSM303AGR_ACC_W_FIFO_DRDY2_on_INT1	24	static
LSM303AGR_ACC_driver.c:1116:10:LSM303AGR_ACC_R_FIFO_DRDY2_on_INT1	8	static
LSM303AGR_ACC_driver.c:1133:11:LSM303AGR_ACC_W_FIFO_DRDY1_on_INT1	24	static
LSM303AGR_ACC_driver.c:1156:10:LSM303AGR_ACC_R_FIFO_DRDY1_on_INT1	8	static
LSM303AGR_ACC_driver.c:1173:11:LSM303AGR_ACC_W_FIFO_AOL2_on_INT1	24	static
LSM303AGR_ACC_driver.c:1196:10:LSM303AGR_ACC_R_FIFO_AOL2_on_INT1	8	static
LSM303AGR_ACC_driver.c:1213:11:LSM303AGR_ACC_W_FIFO_AOL1_on_INT1	24	static
LSM303AGR_ACC_driver.c:1236:10:LSM303AGR_ACC_R_FIFO_AOL1_on_INT1	8	static
LSM303AGR_ACC_driver.c:1253:11:LSM303AGR_ACC_W_FIFO_Click_on_INT1	24	static
LSM303AGR_ACC_driver.c:1276:10:LSM303AGR_ACC_R_FIFO_Click_on_INT1	8	static
LSM303AGR_ACC_driver.c:1293:11:LSM303AGR_ACC_W_SPI_mode	24	static
LSM303AGR_ACC_driver.c:1316:10:LSM303AGR_ACC_R_SPI_mode	8	static
LSM303AGR_ACC_driver.c:1333:11:LSM303AGR_ACC_W_SelfTest	24	static
LSM303AGR_ACC_driver.c:1356:10:LSM303AGR_ACC_R_SelfTest	8	static
LSM303AGR_ACC_driver.c:1373:11:LSM303AGR_ACC_W_HiRes	24	static
LSM303AGR_ACC_driver.c:1396:10:LSM303AGR_ACC_R_HiRes	8	static
LSM303AGR_ACC_driver.c:1413:11:LSM303AGR_ACC_W_LittleBigEndian	24	static
LSM303AGR_ACC_driver.c:1436:10:LSM303AGR_ACC_R_LittleBigEndian	8	static
LSM303AGR_ACC_driver.c:1453:11:LSM303AGR_ACC_W_4D_on_INT2	24	static
LSM303AGR_ACC_driver.c:1476:10:LSM303AGR_ACC_R_4D_on_INT2	8	static
LSM303AGR_ACC_driver.c:1493:11:LSM303AGR_ACC_W_LatchInterrupt_on_INT2	24	static
LSM303AGR_ACC_driver.c:1516:10:LSM303AGR_ACC_R_LatchInterrupt_on_INT2	8	static
LSM303AGR_ACC_driver.c:1533:11:LSM303AGR_ACC_W_4D_on_INT1	24	static
LSM303AGR_ACC_driver.c:1556:10:LSM303AGR_ACC_R_4D_on_INT1	8	static
LSM303AGR_ACC_driver.c:1573:11:LSM303AGR_ACC_W_LatchInterrupt_on_INT1	24	static
LSM303AGR_ACC_driver.c:1596:10:LSM303AGR_ACC_R_LatchInterrupt_on_INT1	8	static
LSM303AGR_ACC_driver.c:1613:11:LSM303AGR_ACC_W_FIFO_EN	24	static
LSM303AGR_ACC_driver.c:1636:10:LSM303AGR_ACC_R_FIFO_EN	8	static
LSM303AGR_ACC_driver.c:1653:11:LSM303AGR_ACC_W_RebootMemory	24	static
LSM303AGR_ACC_driver.c:1676:10:LSM303AGR_ACC_R_RebootMemory	8	static
LSM303AGR_ACC_driver.c:1693:11:LSM303AGR_ACC_W_IntActive	24	static
LSM303AGR_ACC_driver.c:1716:10:LSM303AGR_ACC_R_IntActive	8	static
LSM303AGR_ACC_driver.c:1733:11:LSM303AGR_ACC_W_P2_ACT	24	static
LSM303AGR_ACC_driver.c:1756:10:LSM303AGR_ACC_R_P2_ACT	8	static
LSM303AGR_ACC_driver.c:1773:11:LSM303AGR_ACC_W_Boot_on_INT2	24	static
LSM303AGR_ACC_driver.c:1796:10:LSM303AGR_ACC_R_Boot_on_INT2	8	static
LSM303AGR_ACC_driver.c:1813:11:LSM303AGR_ACC_W_I2_on_INT2	24	static
LSM303AGR_ACC_driver.c:1836:10:LSM303AGR_ACC_R_I2_on_INT2	8	static
LSM303AGR_ACC_driver.c:1853:11:LSM303AGR_ACC_W_I2_on_INT1	24	static
LSM303AGR_ACC_driver.c:1876:10:LSM303AGR_ACC_R_I2_on_INT1	8	static
LSM303AGR_ACC_driver.c:1893:11:LSM303AGR_ACC_W_Click_on_INT2	24	static
LSM303AGR_ACC_driver.c:1916:10:LSM303AGR_ACC_R_Click_on_INT2	8	static
LSM303AGR_ACC_driver.c:1933:11:LSM303AGR_ACC_W_ReferenceVal	24	static
LSM303AGR_ACC_driver.c:1959:10:LSM303AGR_ACC_R_ReferenceVal	8	static
LSM303AGR_ACC_driver.c:1977:10:LSM303AGR_ACC_R_XDataAvail	8	static
LSM303AGR_ACC_driver.c:1994:10:LSM303AGR_ACC_R_YDataAvail	8	static
LSM303AGR_ACC_driver.c:2011:10:LSM303AGR_ACC_R_ZDataAvail	8	static
LSM303AGR_ACC_driver.c:2028:10:LSM303AGR_ACC_R_XYZDataAvail	8	static
LSM303AGR_ACC_driver.c:2045:10:LSM303AGR_ACC_R_XDataOverrun	8	static
LSM303AGR_ACC_driver.c:2062:10:LSM303AGR_ACC_R_YDataOverrun	8	static
LSM303AGR_ACC_driver.c:2079:10:LSM303AGR_ACC_R_ZDataOverrun	8	static
LSM303AGR_ACC_driver.c:2096:10:LSM303AGR_ACC_R_XYZDataOverrun	8	static
LSM303AGR_ACC_driver.c:2113:11:LSM303AGR_ACC_W_FifoThreshold	24	static
LSM303AGR_ACC_driver.c:2139:10:LSM303AGR_ACC_R_FifoThreshold	8	static
LSM303AGR_ACC_driver.c:2157:11:LSM303AGR_ACC_W_TriggerSel	24	static
LSM303AGR_ACC_driver.c:2180:10:LSM303AGR_ACC_R_TriggerSel	8	static
LSM303AGR_ACC_driver.c:2197:11:LSM303AGR_ACC_W_FifoMode	24	static
LSM303AGR_ACC_driver.c:2220:10:LSM303AGR_ACC_R_FifoMode	8	static
LSM303AGR_ACC_driver.c:2237:10:LSM303AGR_ACC_R_FifoSamplesAvail	8	static
LSM303AGR_ACC_driver.c:2255:10:LSM303AGR_ACC_R_FifoEmpty	8	static
LSM303AGR_ACC_driver.c:2272:10:LSM303AGR_ACC_R_FifoOverrun	8	static
LSM303AGR_ACC_driver.c:2289:10:LSM303AGR_ACC_R_WatermarkLevel	8	static
LSM303AGR_ACC_driver.c:2306:11:LSM303AGR_ACC_W_Int1EnXLo	24	static
LSM303AGR_ACC_driver.c:2329:10:LSM303AGR_ACC_R_Int1EnXLo	8	static
LSM303AGR_ACC_driver.c:2346:11:LSM303AGR_ACC_W_Int1EnXHi	24	static
LSM303AGR_ACC_driver.c:2369:10:LSM303AGR_ACC_R_Int1EnXHi	8	static
LSM303AGR_ACC_driver.c:2386:11:LSM303AGR_ACC_W_Int1EnYLo	24	static
LSM303AGR_ACC_driver.c:2409:10:LSM303AGR_ACC_R_Int1EnYLo	8	static
LSM303AGR_ACC_driver.c:2426:11:LSM303AGR_ACC_W_Int1EnYHi	24	static
LSM303AGR_ACC_driver.c:2449:10:LSM303AGR_ACC_R_Int1EnYHi	8	static
LSM303AGR_ACC_driver.c:2466:11:LSM303AGR_ACC_W_Int1EnZLo	24	static
LSM303AGR_ACC_driver.c:2489:10:LSM303AGR_ACC_R_Int1EnZLo	8	static
LSM303AGR_ACC_driver.c:2506:11:LSM303AGR_ACC_W_Int1EnZHi	24	static
LSM303AGR_ACC_driver.c:2529:10:LSM303AGR_ACC_R_Int1EnZHi	8	static
LSM303AGR_ACC_driver.c:2546:11:LSM303AGR_ACC_W_Int1_6D	24	static
LSM303AGR_ACC_driver.c:2569:10:LSM303AGR_ACC_R_Int1_6D	8	static
LSM303AGR_ACC_driver.c:2586:11:LSM303AGR_ACC_W_Int1_AOI	24	static
LSM303AGR_ACC_driver.c:2609:10:LSM303AGR_ACC_R_Int1_AOI	8	static
LSM303AGR_ACC_driver.c:2626:11:LSM303AGR_ACC_W_Int2EnXLo	24	static
LSM303AGR_ACC_driver.c:2649:10:LSM303AGR_ACC_R_Int2EnXLo	8	static
LSM303AGR_ACC_driver.c:2666:11:LSM303AGR_ACC_W_Int2EnXHi	24	static
LSM303AGR_ACC_driver.c:2689:10:LSM303AGR_ACC_R_Int2EnXHi	8	static
LSM303AGR_ACC_driver.c:2706:11:LSM303AGR_ACC_W_Int2EnYLo	24	static
LSM303AGR_ACC_driver.c:2729:10:LSM303AGR_ACC_R_Int2EnYLo	8	static
LSM303AGR_ACC_driver.c:2746:11:LSM303AGR_ACC_W_Int2EnYHi	24	static
LSM303AGR_ACC_driver.c:2769:10:LSM303AGR_ACC_R_Int2EnYHi	8	static
LSM303AGR_ACC_driver.c:2786:11:LSM303AGR_ACC_W_Int2EnZLo	24	static
LSM303AGR_ACC_driver.c:2809:10:LSM303AGR_ACC_R_Int2EnZLo	8	static
LSM303AGR_ACC_driver.c:2826:11:LSM303AGR_ACC_W_Int2EnZHi	24	static
LSM303AGR_ACC_driver.c:2849:10:LSM303AGR_ACC_R_Int2EnZHi	8	static
LSM303AGR_ACC_driver.c:2866:11:LSM303AGR_ACC_W_Int2_6D	24	static
LSM303AGR_ACC_driver.c:2889:10:LSM303AGR_ACC_R_Int2_6D	8	static
LSM303AGR_ACC_driver.c:2906:11:LSM303AGR_ACC_W_Int2_AOI	24	static
LSM303AGR_ACC_driver.c:2929:10:LSM303AGR_ACC_R_Int2_AOI	8	static
LSM303AGR_ACC_driver.c:2946:10:LSM303AGR_ACC_R_Int1_Xlo	8	static
LSM303AGR_ACC_driver.c:2963:10:LSM303AGR_ACC_R_Int1_XHi	8	static
LSM303AGR_ACC_driver.c:2980:10:LSM303AGR_ACC_R_Int1_YLo	8	static
LSM303AGR_ACC_driver.c:2997:10:LSM303AGR_ACC_R_Int1_YHi	8	static
LSM303AGR_ACC_driver.c:3014:10:LSM303AGR_ACC_R_Int1_Zlo	8	static
LSM303AGR_ACC_driver.c:3031:10:LSM303AGR_ACC_R_Int1_ZHi	8	static
LSM303AGR_ACC_driver.c:3048:10:LSM303AGR_ACC_R_Int1_IA	8	static
LSM303AGR_ACC_driver.c:3065:10:LSM303AGR_ACC_R_Int2_Xlo	8	static
LSM303AGR_ACC_driver.c:3082:10:LSM303AGR_ACC_R_Int2_XHi	8	static
LSM303AGR_ACC_driver.c:3099:10:LSM303AGR_ACC_R_Int2_YLo	8	static
LSM303AGR_ACC_driver.c:3116:10:LSM303AGR_ACC_R_Int2_YHi	8	static
LSM303AGR_ACC_driver.c:3133:10:LSM303AGR_ACC_R_Int2_Zlo	8	static
LSM303AGR_ACC_driver.c:3150:10:LSM303AGR_ACC_R_Int2_ZHi	8	static
LSM303AGR_ACC_driver.c:3167:10:LSM303AGR_ACC_R_Int2_IA	8	static
LSM303AGR_ACC_driver.c:3184:11:LSM303AGR_ACC_W_Int1_Threshold	24	static
LSM303AGR_ACC_driver.c:3210:10:LSM303AGR_ACC_R_Int1_Threshold	8	static
LSM303AGR_ACC_driver.c:3228:11:LSM303AGR_ACC_W_Int2_Threshold	24	static
LSM303AGR_ACC_driver.c:3254:10:LSM303AGR_ACC_R_Int2_Threshold	8	static
LSM303AGR_ACC_driver.c:3272:11:LSM303AGR_ACC_W_Int1_Duration	24	static
LSM303AGR_ACC_driver.c:3298:10:LSM303AGR_ACC_R_Int1_Duration	8	static
LSM303AGR_ACC_driver.c:3316:11:LSM303AGR_ACC_W_Int2_Duration	24	static
LSM303AGR_ACC_driver.c:3342:10:LSM303AGR_ACC_R_Int2_Duration	8	static
LSM303AGR_ACC_driver.c:3360:11:LSM303AGR_ACC_W_XSingle	24	static
LSM303AGR_ACC_driver.c:3383:10:LSM303AGR_ACC_R_XSingle	8	static
LSM303AGR_ACC_driver.c:3400:11:LSM303AGR_ACC_W_XDouble	24	static
LSM303AGR_ACC_driver.c:3423:10:LSM303AGR_ACC_R_XDouble	8	static
LSM303AGR_ACC_driver.c:3440:11:LSM303AGR_ACC_W_YSingle	24	static
LSM303AGR_ACC_driver.c:3463:10:LSM303AGR_ACC_R_YSingle	8	static
LSM303AGR_ACC_driver.c:3480:11:LSM303AGR_ACC_W_YDouble	24	static
LSM303AGR_ACC_driver.c:3503:10:LSM303AGR_ACC_R_YDouble	8	static
LSM303AGR_ACC_driver.c:3520:11:LSM303AGR_ACC_W_ZSingle	24	static
LSM303AGR_ACC_driver.c:3543:10:LSM303AGR_ACC_R_ZSingle	8	static
LSM303AGR_ACC_driver.c:3560:11:LSM303AGR_ACC_W_ZDouble	24	static
LSM303AGR_ACC_driver.c:3583:10:LSM303AGR_ACC_R_ZDouble	8	static
LSM303AGR_ACC_driver.c:3600:10:LSM303AGR_ACC_R_ClickX	8	static
LSM303AGR_ACC_driver.c:3617:10:LSM303AGR_ACC_R_ClickY	8	static
LSM303AGR_ACC_driver.c:3634:10:LSM303AGR_ACC_R_ClickZ	8	static
LSM303AGR_ACC_driver.c:3651:10:LSM303AGR_ACC_R_ClickSign	8	static
LSM303AGR_ACC_driver.c:3668:10:LSM303AGR_ACC_R_SingleCLICK	8	static
LSM303AGR_ACC_driver.c:3685:10:LSM303AGR_ACC_R_DoubleCLICK	8	static
LSM303AGR_ACC_driver.c:3702:10:LSM303AGR_ACC_R_CLICK_IA	8	static
LSM303AGR_ACC_driver.c:3719:11:LSM303AGR_ACC_W_ClickThreshold	24	static
LSM303AGR_ACC_driver.c:3745:10:LSM303AGR_ACC_R_ClickThreshold	8	static
LSM303AGR_ACC_driver.c:3763:11:LSM303AGR_ACC_W_ClickTimeLimit	24	static
LSM303AGR_ACC_driver.c:3789:10:LSM303AGR_ACC_R_ClickTimeLimit	8	static
LSM303AGR_ACC_driver.c:3807:11:LSM303AGR_ACC_W_ClickTimeLatency	24	static
LSM303AGR_ACC_driver.c:3833:10:LSM303AGR_ACC_R_ClickTimeLatency	8	static
LSM303AGR_ACC_driver.c:3851:11:LSM303AGR_ACC_W_ClickTimeWindow	24	static
LSM303AGR_ACC_driver.c:3877:10:LSM303AGR_ACC_R_ClickTimeWindow	8	static
LSM303AGR_ACC_driver.c:3895:10:LSM303AGR_ACC_Get_Voltage_ADC	16	static
