LSM303AGR_MAG_driver.c:78:10:LSM303AGR_MAG_WriteReg	8	static
LSM303AGR_MAG_driver.c:100:10:LSM303AGR_MAG_ReadReg	8	static
LSM303AGR_MAG_driver.c:122:10:LSM303AGR_MAG_R_WHO_AM_I	8	static
LSM303AGR_MAG_driver.c:140:11:LSM303AGR_MAG_W_BDU	24	static
LSM303AGR_MAG_driver.c:163:10:LSM303AGR_MAG_R_BDU	8	static
LSM303AGR_MAG_driver.c:180:11:LSM303AGR_MAG_W_MD	24	static
LSM303AGR_MAG_driver.c:203:10:LSM303AGR_MAG_R_MD	8	static
LSM303AGR_MAG_driver.c:220:10:LSM303AGR_MAG_Get_Raw_Magnetic	8	static
LSM303AGR_MAG_driver.c:236:10:LSM303AGR_MAG_Get_Magnetic	24	static
LSM303AGR_MAG_driver.c:258:11:LSM303AGR_MAG_W_ODR	24	static
LSM303AGR_MAG_driver.c:281:10:LSM303AGR_MAG_R_ODR	8	static
LSM303AGR_MAG_driver.c:300:11:LSM303AGR_MAG_W_OFF_X_L	24	static
LSM303AGR_MAG_driver.c:326:10:LSM303AGR_MAG_R_OFF_X_L	8	static
LSM303AGR_MAG_driver.c:344:11:LSM303AGR_MAG_W_OFF_X_H	24	static
LSM303AGR_MAG_driver.c:370:10:LSM303AGR_MAG_R_OFF_X_H	8	static
LSM303AGR_MAG_driver.c:388:11:LSM303AGR_MAG_W_OFF_Y_L	24	static
LSM303AGR_MAG_driver.c:414:10:LSM303AGR_MAG_R_OFF_Y_L	8	static
LSM303AGR_MAG_driver.c:432:11:LSM303AGR_MAG_W_OFF_Y_H	24	static
LSM303AGR_MAG_driver.c:458:10:LSM303AGR_MAG_R_OFF_Y_H	8	static
LSM303AGR_MAG_driver.c:476:11:LSM303AGR_MAG_W_OFF_Z_L	24	static
LSM303AGR_MAG_driver.c:502:10:LSM303AGR_MAG_R_OFF_Z_L	8	static
LSM303AGR_MAG_driver.c:520:11:LSM303AGR_MAG_W_OFF_Z_H	24	static
LSM303AGR_MAG_driver.c:546:10:LSM303AGR_MAG_Get_MagOff	32	static
LSM303AGR_MAG_driver.c:575:10:LSM303AGR_MAG_Set_MagOff	24	static
LSM303AGR_MAG_driver.c:599:10:LSM303AGR_MAG_R_OFF_Z_H	8	static
LSM303AGR_MAG_driver.c:617:11:LSM303AGR_MAG_W_LP	24	static
LSM303AGR_MAG_driver.c:640:10:LSM303AGR_MAG_R_LP	8	static
LSM303AGR_MAG_driver.c:657:11:LSM303AGR_MAG_W_SOFT_RST	24	static
LSM303AGR_MAG_driver.c:680:10:LSM303AGR_MAG_R_SOFT_RST	8	static
LSM303AGR_MAG_driver.c:697:11:LSM303AGR_MAG_W_LPF	24	static
LSM303AGR_MAG_driver.c:720:10:LSM303AGR_MAG_R_LPF	8	static
LSM303AGR_MAG_driver.c:737:11:LSM303AGR_MAG_W_OFF_CANC	24	static
LSM303AGR_MAG_driver.c:760:10:LSM303AGR_MAG_R_OFF_CANC	8	static
LSM303AGR_MAG_driver.c:777:11:LSM303AGR_MAG_W_SET_FREQ	24	static
LSM303AGR_MAG_driver.c:800:10:LSM303AGR_MAG_R_SET_FREQ	8	static
LSM303AGR_MAG_driver.c:817:11:LSM303AGR_MAG_W_INT_ON_DATAOFF	24	static
LSM303AGR_MAG_driver.c:840:10:LSM303AGR_MAG_R_INT_ON_DATAOFF	8	static
LSM303AGR_MAG_driver.c:857:11:LSM303AGR_MAG_W_INT_MAG	24	static
LSM303AGR_MAG_driver.c:880:10:LSM303AGR_MAG_R_INT_MAG	8	static
LSM303AGR_MAG_driver.c:897:11:LSM303AGR_MAG_W_ST	24	static
LSM303AGR_MAG_driver.c:920:10:LSM303AGR_MAG_R_ST	8	static
LSM303AGR_MAG_driver.c:937:11:LSM303AGR_MAG_W_BLE	24	static
LSM303AGR_MAG_driver.c:960:10:LSM303AGR_MAG_R_BLE	8	static
LSM303AGR_MAG_driver.c:977:11:LSM303AGR_MAG_W_I2C_DIS	24	static
LSM303AGR_MAG_driver.c:1000:10:LSM303AGR_MAG_R_I2C_DIS	8	static
LSM303AGR_MAG_driver.c:1017:11:LSM303AGR_MAG_W_INT_MAG_PIN	24	static
LSM303AGR_MAG_driver.c:1040:10:LSM303AGR_MAG_R_INT_MAG_PIN	8	static
LSM303AGR_MAG_driver.c:1057:11:LSM303AGR_MAG_W_IEN	24	static
LSM303AGR_MAG_driver.c:1080:10:LSM303AGR_MAG_R_IEN	8	static
LSM303AGR_MAG_driver.c:1097:11:LSM303AGR_MAG_W_IEL	24	static
LSM303AGR_MAG_driver.c:1120:10:LSM303AGR_MAG_R_IEL	8	static
LSM303AGR_MAG_driver.c:1137:11:LSM303AGR_MAG_W_IEA	24	static
LSM303AGR_MAG_driver.c:1160:10:LSM303AGR_MAG_R_IEA	8	static
LSM303AGR_MAG_driver.c:1177:11:LSM303AGR_MAG_W_ZIEN	24	static
LSM303AGR_MAG_driver.c:1200:10:LSM303AGR_MAG_R_ZIEN	8	static
LSM303AGR_MAG_driver.c:1217:11:LSM303AGR_MAG_W_YIEN	24	static
LSM303AGR_MAG_driver.c:1240:10:LSM303AGR_MAG_R_YIEN	8	static
LSM303AGR_MAG_driver.c:1257:11:LSM303AGR_MAG_W_XIEN	24	static
LSM303AGR_MAG_driver.c:1280:10:LSM303AGR_MAG_R_XIEN	8	static
LSM303AGR_MAG_driver.c:1297:10:LSM303AGR_MAG_R_INT	8	static
LSM303AGR_MAG_driver.c:1314:10:LSM303AGR_MAG_R_MROI	8	static
LSM303AGR_MAG_driver.c:1331:10:LSM303AGR_MAG_R_N_TH_S_Z	8	static
LSM303AGR_MAG_driver.c:1348:10:LSM303AGR_MAG_R_N_TH_S_Y	8	static
LSM303AGR_MAG_driver.c:1365:10:LSM303AGR_MAG_R_N_TH_S_X	8	static
LSM303AGR_MAG_driver.c:1382:10:LSM303AGR_MAG_R_P_TH_S_Z	8	static
LSM303AGR_MAG_driver.c:1399:10:LSM303AGR_MAG_R_P_TH_S_Y	8	static
LSM303AGR_MAG_driver.c:1416:10:LSM303AGR_MAG_R_P_TH_S_X	8	static
LSM303AGR_MAG_driver.c:1433:10:LSM303AGR_MAG_R_XDA	8	static
LSM303AGR_MAG_driver.c:1450:10:LSM303AGR_MAG_R_YDA	8	static
LSM303AGR_MAG_driver.c:1467:10:LSM303AGR_MAG_R_ZDA	8	static
LSM303AGR_MAG_driver.c:1484:10:LSM303AGR_MAG_R_ZYXDA	8	static
LSM303AGR_MAG_driver.c:1501:10:LSM303AGR_MAG_R_XOR	8	static
LSM303AGR_MAG_driver.c:1518:10:LSM303AGR_MAG_R_YOR	8	static
LSM303AGR_MAG_driver.c:1535:10:LSM303AGR_MAG_R_ZOR	8	static
LSM303AGR_MAG_driver.c:1552:10:LSM303AGR_MAG_R_ZYXOR	8	static
LSM303AGR_MAG_driver.c:1570:10:LSM303AGR_MAG_Get_IntThreshld	16	static
LSM303AGR_MAG_driver.c:1598:10:LSM303AGR_MAG_Set_IntThreshld	16	static
