LSM303AGR_ACC_driver_HL.c:802:25:LSM303AGR_X_Get_DRDY_Status	16	static
LSM303AGR_ACC_driver_HL.c:782:25:LSM303AGR_X_Write_Reg	16	static
LSM303AGR_ACC_driver_HL.c:761:25:LSM303AGR_X_Read_Reg	8	static
LSM303AGR_ACC_driver_HL.c:692:25:LSM303AGR_X_Get_Axes_Status	24	static
LSM303AGR_ACC_driver_HL.c:665:25:LSM303AGR_X_Set_FS_Value	8	static
LSM303AGR_ACC_driver_HL.c:628:25:LSM303AGR_X_Set_FS	8	static
LSM303AGR_ACC_driver_HL.c:587:25:LSM303AGR_X_Get_FS	16	static
LSM303AGR_ACC_driver_HL.c:979:25:LSM303AGR_X_Set_ODR_Value_When_Enabled	8	static
LSM303AGR_ACC_driver_HL.c:262:25:LSM303AGR_X_Sensor_Enable	8	static
LSM303AGR_ACC_driver_HL.c:474:25:LSM303AGR_X_Get_ODR	16	static
LSM303AGR_ACC_driver_HL.c:425:25:LSM303AGR_X_Get_Sensitivity	32	static
LSM303AGR_ACC_driver_HL.c:397:25:LSM303AGR_X_Get_AxesRaw	32	static
LSM303AGR_ACC_driver_HL.c:371:25:LSM303AGR_X_Get_Axes	24	static
LSM303AGR_ACC_driver_HL.c:328:25:LSM303AGR_X_Get_WhoAmI	8	static
LSM303AGR_ACC_driver_HL.c:346:25:LSM303AGR_X_Check_WhoAmI	16	static
LSM303AGR_ACC_driver_HL.c:728:25:LSM303AGR_X_Set_Axes_Status	16	static
LSM303AGR_ACC_driver_HL.c:166:25:LSM303AGR_X_Init	24	static
LSM303AGR_ACC_driver_HL.c:557:25:LSM303AGR_X_Set_ODR_Value	8	static
LSM303AGR_ACC_driver_HL.c:527:25:LSM303AGR_X_Set_ODR	8	static
LSM303AGR_ACC_driver_HL.c:292:25:LSM303AGR_X_Sensor_Disable	8	static
LSM303AGR_ACC_driver_HL.c:226:25:LSM303AGR_X_DeInit	16	static
