LSM6DSM_ACC_GYRO_driver_HL.c:4152:25:LSM6DSM_FIFO_Set_Watermark_Level	8	static
LSM6DSM_ACC_GYRO_driver_HL.c:655:25:LSM6DSM_X_Get_Sensitivity	16	static
LSM6DSM_ACC_GYRO_driver_HL.c:820:25:LSM6DSM_X_Get_FS	16	static
LSM6DSM_ACC_GYRO_driver_HL.c:3925:25:LSM6DSM_FIFO_Get_Num_Of_Samples	8	static
LSM6DSM_ACC_GYRO_driver_HL.c:3905:25:LSM6DSM_FIFO_Get_Data	8	static
LSM6DSM_ACC_GYRO_driver_HL.c:4017:25:LSM6DSM_FIFO_X_Get_Axis	24	static
LSM6DSM_ACC_GYRO_driver_HL.c:3885:25:LSM6DSM_FIFO_Get_Pattern	8	static
LSM6DSM_ACC_GYRO_driver_HL.c:3851:25:LSM6DSM_FIFO_Get_Overrun_Status	16	static
LSM6DSM_ACC_GYRO_driver_HL.c:3815:25:LSM6DSM_FIFO_Get_Empty_Status	16	static
LSM6DSM_ACC_GYRO_driver_HL.c:3779:25:LSM6DSM_FIFO_Get_Full_Status	16	static
LSM6DSM_ACC_GYRO_driver_HL.c:3744:25:LSM6DSM_FIFO_Set_ODR_Value	8	static
LSM6DSM_ACC_GYRO_driver_HL.c:925:25:LSM6DSM_X_Read_Reg	8	static
LSM6DSM_ACC_GYRO_driver_HL.c:1564:25:LSM6DSM_G_Read_Reg	0	static
LSM6DSM_ACC_GYRO_driver_HL.c:3631:25:LSM6DSM_X_Get_Event_Status	24	static
LSM6DSM_ACC_GYRO_driver_HL.c:3599:25:LSM6DSM_X_Get_6D_Orientation_ZH	16	static
LSM6DSM_ACC_GYRO_driver_HL.c:3565:25:LSM6DSM_X_Get_6D_Orientation_ZL	16	static
LSM6DSM_ACC_GYRO_driver_HL.c:3531:25:LSM6DSM_X_Get_6D_Orientation_YH	16	static
LSM6DSM_ACC_GYRO_driver_HL.c:3497:25:LSM6DSM_X_Get_6D_Orientation_YL	16	static
LSM6DSM_ACC_GYRO_driver_HL.c:3463:25:LSM6DSM_X_Get_6D_Orientation_XH	16	static
LSM6DSM_ACC_GYRO_driver_HL.c:3429:25:LSM6DSM_X_Get_6D_Orientation_XL	16	static
LSM6DSM_ACC_GYRO_driver_HL.c:3395:25:LSM6DSM_X_Get_6D_Orientation_Status	16	static
LSM6DSM_ACC_GYRO_driver_HL.c:898:25:LSM6DSM_X_Set_FS_Value	8	static
LSM6DSM_ACC_GYRO_driver_HL.c:861:25:LSM6DSM_X_Set_FS	8	static
LSM6DSM_ACC_GYRO_driver_HL.c:1856:25:LSM6DSM_X_Set_ODR_Value_When_Enabled	8	static
LSM6DSM_ACC_GYRO_driver_HL.c:502:25:LSM6DSM_X_Sensor_Enable	8	static
LSM6DSM_ACC_GYRO_driver_HL.c:3277:25:LSM6DSM_X_Set_Tap_Duration_Time	8	static
LSM6DSM_ACC_GYRO_driver_HL.c:3257:25:LSM6DSM_X_Set_Tap_Quiet_Time	8	static
LSM6DSM_ACC_GYRO_driver_HL.c:3237:25:LSM6DSM_X_Set_Tap_Shock_Time	8	static
LSM6DSM_ACC_GYRO_driver_HL.c:3217:25:LSM6DSM_X_Set_Tap_Threshold	8	static
LSM6DSM_ACC_GYRO_driver_HL.c:3181:25:LSM6DSM_X_Get_Double_Tap_Detection_Status	16	static
LSM6DSM_ACC_GYRO_driver_HL.c:2959:25:LSM6DSM_X_Get_Single_Tap_Detection_Status	16	static
LSM6DSM_ACC_GYRO_driver_HL.c:2771:25:LSM6DSM_X_Set_Wake_Up_Threshold	8	static
LSM6DSM_ACC_GYRO_driver_HL.c:2737:25:LSM6DSM_X_Get_Wake_Up_Detection_Status	16	static
LSM6DSM_ACC_GYRO_driver_HL.c:2591:25:LSM6DSM_X_Get_Tilt_Detection_Status	16	static
LSM6DSM_ACC_GYRO_driver_HL.c:2471:25:LSM6DSM_X_Set_Pedometer_Threshold	8	static
LSM6DSM_ACC_GYRO_driver_HL.c:2451:25:LSM6DSM_X_Disable_Step_Counter_Reset	8	static
LSM6DSM_ACC_GYRO_driver_HL.c:2432:25:LSM6DSM_X_Enable_Step_Counter_Reset	8	static
LSM6DSM_ACC_GYRO_driver_HL.c:2413:25:LSM6DSM_X_Get_Step_Count	8	static
LSM6DSM_ACC_GYRO_driver_HL.c:2379:25:LSM6DSM_X_Get_Pedometer_Status	16	static
LSM6DSM_ACC_GYRO_driver_HL.c:2246:25:LSM6DSM_X_Set_Free_Fall_Threshold	8	static
LSM6DSM_ACC_GYRO_driver_HL.c:2212:25:LSM6DSM_X_Get_Free_Fall_Detection_Status	16	static
LSM6DSM_ACC_GYRO_driver_HL.c:1431:25:LSM6DSM_G_Get_FS	24	static
LSM6DSM_ACC_GYRO_driver_HL.c:966:25:LSM6DSM_X_Get_DRDY_Status	16	static
LSM6DSM_ACC_GYRO_driver_HL.c:946:25:LSM6DSM_X_Write_Reg	16	static
LSM6DSM_ACC_GYRO_driver_HL.c:1585:25:LSM6DSM_G_Write_Reg	0	static
LSM6DSM_ACC_GYRO_driver_HL.c:698:25:LSM6DSM_X_Get_ODR	16	static
LSM6DSM_ACC_GYRO_driver_HL.c:1754:25:LSM6DSM_X_Get_Axes_Raw	32	static
LSM6DSM_ACC_GYRO_driver_HL.c:627:25:LSM6DSM_X_Get_AxesRaw	16	static
LSM6DSM_ACC_GYRO_driver_HL.c:594:25:LSM6DSM_X_Get_Axes	32	static
LSM6DSM_ACC_GYRO_driver_HL.c:1664:25:LSM6DSM_Check_WhoAmI	16	static
LSM6DSM_ACC_GYRO_driver_HL.c:580:25:LSM6DSM_X_Check_WhoAmI	0	static
LSM6DSM_ACC_GYRO_driver_HL.c:568:25:LSM6DSM_X_Get_WhoAmI	8	static
LSM6DSM_ACC_GYRO_driver_HL.c:1160:25:LSM6DSM_G_Get_WhoAmI	0	static
LSM6DSM_ACC_GYRO_driver_HL.c:364:25:LSM6DSM_X_Init	16	static
LSM6DSM_ACC_GYRO_driver_HL.c:1605:25:LSM6DSM_G_Get_DRDY_Status	16	static
LSM6DSM_ACC_GYRO_driver_HL.c:1485:25:LSM6DSM_G_Set_FS	8	static
LSM6DSM_ACC_GYRO_driver_HL.c:2016:25:LSM6DSM_G_Set_ODR_Value_When_Enabled	8	static
LSM6DSM_ACC_GYRO_driver_HL.c:1094:25:LSM6DSM_G_Sensor_Enable	8	static
LSM6DSM_ACC_GYRO_driver_HL.c:999:25:LSM6DSM_G_Init	16	static
LSM6DSM_ACC_GYRO_driver_HL.c:1309:25:LSM6DSM_G_Get_ODR	16	static
LSM6DSM_ACC_GYRO_driver_HL.c:1914:25:LSM6DSM_G_Get_Axes_Raw	32	static
LSM6DSM_ACC_GYRO_driver_HL.c:1222:25:LSM6DSM_G_Get_AxesRaw	16	static
LSM6DSM_ACC_GYRO_driver_HL.c:4217:25:LSM6DSM_X_Set_SelfTest	8	static
LSM6DSM_ACC_GYRO_driver_HL.c:4202:25:LSM6DSM_X_Set_Interrupt_Latch	8	static
LSM6DSM_ACC_GYRO_driver_HL.c:4249:25:LSM6DSM_G_Set_Interrupt_Latch	0	static
LSM6DSM_ACC_GYRO_driver_HL.c:4172:25:LSM6DSM_FIFO_Set_Stop_On_Fth	8	static
LSM6DSM_ACC_GYRO_driver_HL.c:4122:25:LSM6DSM_FIFO_Set_INT1_FIFO_Full	8	static
LSM6DSM_ACC_GYRO_driver_HL.c:4089:25:LSM6DSM_FIFO_Set_Mode	8	static
LSM6DSM_ACC_GYRO_driver_HL.c:3945:25:LSM6DSM_FIFO_X_Set_Decimation	8	static
LSM6DSM_ACC_GYRO_driver_HL.c:3355:25:LSM6DSM_X_Disable_6D_Orientation	8	static
LSM6DSM_ACC_GYRO_driver_HL.c:790:25:LSM6DSM_X_Set_ODR_Value	8	static
LSM6DSM_ACC_GYRO_driver_HL.c:3296:25:LSM6DSM_X_Enable_6D_Orientation	16	static
LSM6DSM_ACC_GYRO_driver_HL.c:760:25:LSM6DSM_X_Set_ODR	8	static
LSM6DSM_ACC_GYRO_driver_HL.c:3098:25:LSM6DSM_X_Disable_Double_Tap_Detection	8	static
LSM6DSM_ACC_GYRO_driver_HL.c:2996:25:LSM6DSM_X_Enable_Double_Tap_Detection	16	static
LSM6DSM_ACC_GYRO_driver_HL.c:2885:25:LSM6DSM_X_Disable_Single_Tap_Detection	8	static
LSM6DSM_ACC_GYRO_driver_HL.c:2792:25:LSM6DSM_X_Enable_Single_Tap_Detection	16	static
LSM6DSM_ACC_GYRO_driver_HL.c:2691:25:LSM6DSM_X_Disable_Wake_Up_Detection	8	static
LSM6DSM_ACC_GYRO_driver_HL.c:2626:25:LSM6DSM_X_Enable_Wake_Up_Detection	16	static
LSM6DSM_ACC_GYRO_driver_HL.c:2551:25:LSM6DSM_X_Disable_Tilt_Detection	8	static
LSM6DSM_ACC_GYRO_driver_HL.c:2492:25:LSM6DSM_X_Enable_Tilt_Detection	16	static
LSM6DSM_ACC_GYRO_driver_HL.c:2334:25:LSM6DSM_X_Disable_Pedometer	8	static
LSM6DSM_ACC_GYRO_driver_HL.c:2266:25:LSM6DSM_X_Enable_Pedometer	16	static
LSM6DSM_ACC_GYRO_driver_HL.c:2166:25:LSM6DSM_X_Disable_Free_Fall_Detection	8	static
LSM6DSM_ACC_GYRO_driver_HL.c:2083:25:LSM6DSM_X_Enable_Free_Fall_Detection	16	static
LSM6DSM_ACC_GYRO_driver_HL.c:4264:25:LSM6DSM_G_Set_SelfTest	8	static
LSM6DSM_ACC_GYRO_driver_HL.c:1250:25:LSM6DSM_G_Get_Sensitivity	24	static
LSM6DSM_ACC_GYRO_driver_HL.c:4053:25:LSM6DSM_FIFO_G_Get_Axis	24	static
LSM6DSM_ACC_GYRO_driver_HL.c:1187:25:LSM6DSM_G_Get_Axes	32	static
LSM6DSM_ACC_GYRO_driver_HL.c:3981:25:LSM6DSM_FIFO_G_Set_Decimation	8	static
LSM6DSM_ACC_GYRO_driver_HL.c:532:25:LSM6DSM_X_Sensor_Disable	8	static
LSM6DSM_ACC_GYRO_driver_HL.c:424:25:LSM6DSM_X_DeInit	16	static
LSM6DSM_ACC_GYRO_driver_HL.c:1522:25:LSM6DSM_G_Set_FS_Value	16	static
LSM6DSM_ACC_GYRO_driver_HL.c:1401:25:LSM6DSM_G_Set_ODR_Value	8	static
LSM6DSM_ACC_GYRO_driver_HL.c:1371:25:LSM6DSM_G_Set_ODR	8	static
LSM6DSM_ACC_GYRO_driver_HL.c:1124:25:LSM6DSM_G_Sensor_Disable	8	static
LSM6DSM_ACC_GYRO_driver_HL.c:1059:25:LSM6DSM_G_DeInit	16	static
LSM6DSM_ACC_GYRO_driver_HL.c:1173:25:LSM6DSM_G_Check_WhoAmI	0	static
