STC3115_Driver.c:299:25:STC3115_DeInit	0	static
STC3115_Driver.c:552:25:STC3115_GetSOC	0	static
STC3115_Driver.c:563:25:STC3115_GetOCV	0	static
STC3115_Driver.c:574:25:STC3115_GetCurrent	0	static
STC3115_Driver.c:585:25:STC3115_GetTemperature	0	static
STC3115_Driver.c:596:25:STC3115_GetVoltage	0	static
STC3115_Driver.c:607:25:STC3115_GetChargeValue	0	static
STC3115_Driver.c:618:25:STC3115_GetPresence	0	static
STC3115_Driver.c:629:25:STC3115_GetAlarmStatus	0	static
STC3115_Driver.c:641:25:STC3115_GetRemTime	0	static
STC3115_Driver.c:337:25:STC3115_Get_WhoAmI	8	static
STC3115_Driver.c:653:12:STC3115_Status	16	static
STC3115_Driver.c:1018:25:STC3115_SetParam	32	static
STC3115_Driver.c:846:12:STC3115_Restore	24	static
STC3115_Driver.c:706:12:STC3115_UpdateRamCRC.isra.0	8	static
STC3115_Driver.c:528:25:STC3115_Stop	32	static
STC3115_Driver.c:506:25:STC3115_Reset	24	static
STC3115_Driver.c:355:25:STC3115_Task	48	static
STC3115_Driver.c:172:25:STC3115_Init	96	static
