Archive member included to satisfy reference by file (symbol)

../../../../../../../../Middlewares/ST/STM32_AI_Library/Lib\libNetworkRuntime330_CM4_GCC.a(ai_math_helpers.o)
                              Gesture/network.o (ai_math_hard_sigmoid)
../../../../../../../../Middlewares/ST/STM32_AI_Library/Lib\libNetworkRuntime330_CM4_GCC.a(ai_platform_interface.o)
                              Gesture/network.o (ai_platform_api_get_version)
../../../../../../../../Middlewares/ST/STM32_AI_Library/Lib\libNetworkRuntime330_CM4_GCC.a(core_common.o)
                              ../../../../../../../../Middlewares/ST/STM32_AI_Library/Lib\libNetworkRuntime330_CM4_GCC.a(ai_platform_interface.o) (core_get_error)
../../../../../../../../Middlewares/ST/STM32_AI_Library/Lib\libNetworkRuntime330_CM4_GCC.a(layers.o)
                              ../../../../../../../../Middlewares/ST/STM32_AI_Library/Lib\libNetworkRuntime330_CM4_GCC.a(ai_platform_interface.o) (ai_check_custom_types)
../../../../../../../../Middlewares/ST/STM32_AI_Library/Lib\libNetworkRuntime330_CM4_GCC.a(layers_conv2d_generic_float.o)
                              Gesture/network.o (forward_conv2d)
../../../../../../../../Middlewares/ST/STM32_AI_Library/Lib\libNetworkRuntime330_CM4_GCC.a(layers_nl_generic_float.o)
                              Gesture/network.o (forward_sm)
../../../../../../../../Middlewares/ST/STM32_AI_Library/Lib\libNetworkRuntime330_CM4_GCC.a(layers_norm_generic_float.o)
                              Gesture/network.o (forward_bn)
../../../../../../../../Middlewares/ST/STM32_AI_Library/Lib\libNetworkRuntime330_CM4_GCC.a(layers_rnn_generic_float.o)
                              Gesture/network.o (forward_gru)
../../../../../../../../Drivers/CMSIS/Lib/GCC\libarm_cortexM4lf_math.a(arm_dot_prod_f32.o)
                              ../../../../../../../../Middlewares/ST/STM32_AI_Library/Lib\libNetworkRuntime330_CM4_GCC.a(ai_math_helpers.o) (arm_dot_prod_f32)
c:/st/stm32cubeide_1.0.2/stm32cubeide/plugins/com.st.stm32cube.ide.mcu.externaltools.gnu-tools-for-stm32.7-2018-q2-update.win32_1.0.0.201904181610/tools/bin/../lib/gcc/arm-none-eabi/7.3.1/../../../../arm-none-eabi/lib/thumb/v7e-m/fpv4-sp/hard\libc_nano.a(lib_a-aeabi_memclr.o)
                              ../../../../../../../../Middlewares/ST/STM32_AI_Library/Lib\libNetworkRuntime330_CM4_GCC.a(layers_norm_generic_float.o) (__aeabi_memclr)
c:/st/stm32cubeide_1.0.2/stm32cubeide/plugins/com.st.stm32cube.ide.mcu.externaltools.gnu-tools-for-stm32.7-2018-q2-update.win32_1.0.0.201904181610/tools/bin/../lib/gcc/arm-none-eabi/7.3.1/../../../../arm-none-eabi/lib/thumb/v7e-m/fpv4-sp/hard\libc_nano.a(lib_a-aeabi_memcpy.o)
                              ../../../../../../../../Middlewares/ST/STM32_AI_Library/Lib\libNetworkRuntime330_CM4_GCC.a(ai_platform_interface.o) (__aeabi_memcpy)
c:/st/stm32cubeide_1.0.2/stm32cubeide/plugins/com.st.stm32cube.ide.mcu.externaltools.gnu-tools-for-stm32.7-2018-q2-update.win32_1.0.0.201904181610/tools/bin/../lib/gcc/arm-none-eabi/7.3.1/../../../../arm-none-eabi/lib/thumb/v7e-m/fpv4-sp/hard\libc_nano.a(lib_a-aeabi_memset-soft.o)
                              c:/st/stm32cubeide_1.0.2/stm32cubeide/plugins/com.st.stm32cube.ide.mcu.externaltools.gnu-tools-for-stm32.7-2018-q2-update.win32_1.0.0.201904181610/tools/bin/../lib/gcc/arm-none-eabi/7.3.1/../../../../arm-none-eabi/lib/thumb/v7e-m/fpv4-sp/hard\libc_nano.a(lib_a-aeabi_memclr.o) (__aeabi_memset)
c:/st/stm32cubeide_1.0.2/stm32cubeide/plugins/com.st.stm32cube.ide.mcu.externaltools.gnu-tools-for-stm32.7-2018-q2-update.win32_1.0.0.201904181610/tools/bin/../lib/gcc/arm-none-eabi/7.3.1/../../../../arm-none-eabi/lib/thumb/v7e-m/fpv4-sp/hard\libc_nano.a(lib_a-atoi.o)
                              SENSING1/User/sensor_service.o (atoi)
c:/st/stm32cubeide_1.0.2/stm32cubeide/plugins/com.st.stm32cube.ide.mcu.externaltools.gnu-tools-for-stm32.7-2018-q2-update.win32_1.0.0.201904181610/tools/bin/../lib/gcc/arm-none-eabi/7.3.1/../../../../arm-none-eabi/lib/thumb/v7e-m/fpv4-sp/hard\libc_nano.a(lib_a-errno.o)
                              SENSING1/SW4STM32/syscalls.o (__errno)
c:/st/stm32cubeide_1.0.2/stm32cubeide/plugins/com.st.stm32cube.ide.mcu.externaltools.gnu-tools-for-stm32.7-2018-q2-update.win32_1.0.0.201904181610/tools/bin/../lib/gcc/arm-none-eabi/7.3.1/../../../../arm-none-eabi/lib/thumb/v7e-m/fpv4-sp/hard\libc_nano.a(lib_a-exit.o)
                              c:/st/stm32cubeide_1.0.2/stm32cubeide/plugins/com.st.stm32cube.ide.mcu.externaltools.gnu-tools-for-stm32.7-2018-q2-update.win32_1.0.0.201904181610/tools/bin/../lib/gcc/arm-none-eabi/7.3.1/../../../../arm-none-eabi/lib/thumb/v7e-m/fpv4-sp/hard/crt0.o (exit)
c:/st/stm32cubeide_1.0.2/stm32cubeide/plugins/com.st.stm32cube.ide.mcu.externaltools.gnu-tools-for-stm32.7-2018-q2-update.win32_1.0.0.201904181610/tools/bin/../lib/gcc/arm-none-eabi/7.3.1/../../../../arm-none-eabi/lib/thumb/v7e-m/fpv4-sp/hard\libc_nano.a(lib_a-impure.o)
[...]
Memory Configuration

Name             Origin             Length             Attributes
FLASH            0x0000000008004000 0x000000000007c000 xr
RAM              0x0000000020000000 0x0000000000018000 xrw
SRAM2            0x0000000010000000 0x0000000000008000 xrw
*default*        0x0000000000000000 0xffffffffffffffff

Linker script and memory map

LOAD c:/st/stm32cubeide_1.0.2/stm32cubeide/plugins/com.st.stm32cube.ide.mcu.externaltools.gnu-tools-for-stm32.7-2018-q2-update.win32_1.0.0.201904181610/tools/bin/../lib/gcc/arm-none-eabi/7.3.1/thumb/v7e-m/fpv4-sp/hard/crti.o
LOAD c:/st/stm32cubeide_1.0.2/stm32cubeide/plugins/com.st.stm32cube.ide.mcu.externaltools.gnu-tools-for-stm32.7-2018-q2-update.win32_1.0.0.201904181610/tools/bin/../lib/gcc/arm-none-eabi/7.3.1/thumb/v7e-m/fpv4-sp/hard/crtbegin.o
LOAD c:/st/stm32cubeide_1.0.2/stm32cubeide/plugins/com.st.stm32cube.ide.mcu.externaltools.gnu-tools-for-stm32.7-2018-q2-update.win32_1.0.0.201904181610/tools/bin/../lib/gcc/arm-none-eabi/7.3.1/../../../../arm-none-eabi/lib/thumb/v7e-m/fpv4-sp/hard/crt0.o
LOAD Drivers/BSP/Components/HTS221_Driver.o
LOAD Drivers/BSP/Components/HTS221_Driver_HL.o
LOAD Drivers/BSP/Components/LPS22HB_Driver.o
LOAD Drivers/BSP/Components/LPS22HB_Driver_HL.o
LOAD Drivers/BSP/Components/LSM303AGR_ACC_driver.o
LOAD Drivers/BSP/Components/LSM303AGR_ACC_driver_HL.o
LOAD Drivers/BSP/Components/LSM303AGR_MAG_driver.o
LOAD Drivers/BSP/Components/LSM303AGR_MAG_driver_HL.o
LOAD Drivers/BSP/Components/LSM6DSM_ACC_GYRO_driver.o
LOAD Drivers/BSP/Components/LSM6DSM_ACC_GYRO_driver_HL.o
LOAD Drivers/BSP/Components/STC3115_Driver.o
LOAD Drivers/BSP/SensorTile/SensorTile.o
LOAD Drivers/BSP/SensorTile/SensorTile_accelero.o
LOAD Drivers/BSP/SensorTile/SensorTile_audio_in.o
LOAD Drivers/BSP/SensorTile/SensorTile_gg.o
LOAD Drivers/BSP/SensorTile/SensorTile_gyro.o
LOAD Drivers/BSP/SensorTile/SensorTile_magneto.o
LOAD Drivers/BSP/SensorTile/SensorTile_sd.o
LOAD Drivers/CMSIS/system_stm32l4xx.o
LOAD Drivers/STM32L4xx_HAL_Driver/stm32l4xx_hal.o
LOAD Drivers/STM32L4xx_HAL_Driver/stm32l4xx_hal_adc.o
LOAD Drivers/STM32L4xx_HAL_Driver/stm32l4xx_hal_adc_ex.o
LOAD Drivers/STM32L4xx_HAL_Driver/stm32l4xx_hal_cortex.o
LOAD Drivers/STM32L4xx_HAL_Driver/stm32l4xx_hal_crc.o
LOAD Drivers/STM32L4xx_HAL_Driver/stm32l4xx_hal_crc_ex.o
LOAD Drivers/STM32L4xx_HAL_Driver/stm32l4xx_hal_dfsdm.o
LOAD Drivers/STM32L4xx_HAL_Driver/stm32l4xx_hal_dma.o
LOAD Drivers/STM32L4xx_HAL_Driver/stm32l4xx_hal_flash.o
LOAD Drivers/STM32L4xx_HAL_Driver/stm32l4xx_hal_flash_ex.o
LOAD Drivers/STM32L4xx_HAL_Driver/stm32l4xx_hal_gpio.o
LOAD Drivers/STM32L4xx_HAL_Driver/stm32l4xx_hal_i2c.o
LOAD Drivers/STM32L4xx_HAL_Driver/stm32l4xx_hal_i2c_ex.o
LOAD Drivers/STM32L4xx_HAL_Driver/stm32l4xx_hal_pcd.o
LOAD Drivers/STM32L4xx_HAL_Driver/stm32l4xx_hal_pcd_ex.o
LOAD Drivers/STM32L4xx_HAL_Driver/stm32l4xx_hal_pwr.o
LOAD Drivers/STM32L4xx_HAL_Driver/stm32l4xx_hal_pwr_ex.o
LOAD Drivers/STM32L4xx_HAL_Driver/stm32l4xx_hal_rcc.o
LOAD Drivers/STM32L4xx_HAL_Driver/stm32l4xx_hal_rcc_ex.o
LOAD Drivers/STM32L4xx_HAL_Driver/stm32l4xx_hal_rtc.o
LOAD Drivers/STM32L4xx_HAL_Driver/stm32l4xx_hal_rtc_ex.o
LOAD Drivers/STM32L4xx_HAL_Driver/stm32l4xx_hal_spi.o
LOAD Drivers/STM32L4xx_HAL_Driver/stm32l4xx_hal_spi_ex.o
LOAD Drivers/STM32L4xx_HAL_Driver/stm32l4xx_hal_tim.o
LOAD Drivers/STM32L4xx_HAL_Driver/stm32l4xx_hal_tim_ex.o
LOAD Drivers/STM32L4xx_HAL_Driver/stm32l4xx_hal_uart.o
LOAD Drivers/STM32L4xx_HAL_Driver/stm32l4xx_hal_uart_ex.o
LOAD Drivers/STM32L4xx_HAL_Driver/stm32l4xx_ll_usb.o
LOAD Gesture/gesture_Postprocessing.o
LOAD Gesture/gesture_Preprocessing.o
LOAD Gesture/gesture_Processing.o
LOAD Gesture/network.o
LOAD Gesture/network_data.o
LOAD Middlewares/FatFs/Core/diskio.o
LOAD Middlewares/FatFs/Core/ff.o
LOAD Middlewares/FatFs/Core/ff_gen_drv.o
LOAD Middlewares/FatFs/Options/syscall.o
LOAD Middlewares/FatFs/Options/unicode.o
LOAD Middlewares/FreeRTOS/CMSIS_RTOS/cmsis_os.o
LOAD Middlewares/FreeRTOS/Portable/heap_4.o
LOAD Middlewares/FreeRTOS/Portable/port.o
LOAD Middlewares/FreeRTOS/list.o
LOAD Middlewares/FreeRTOS/queue.o
LOAD Middlewares/FreeRTOS/tasks.o
LOAD Middlewares/FreeRTOS/timers.o
LOAD Middlewares/MetaDataManager/MetaDataManager.o
LOAD Middlewares/STM32_BlueNRG/HCI/Controller/bluenrg_gatt_aci.o
LOAD Middlewares/STM32_BlueNRG/HCI/Controller/bluenrg_l2cap_aci.o
LOAD Middlewares/STM32_BlueNRG/HCI/hci_le.o
LOAD Middlewares/STM32_BlueNRG/Interface/bluenrg_itf.o
LOAD Middlewares/STM32_BlueNRG/Utils/ble_list.o
LOAD Middlewares/STM32_BlueNRG/Utils/gp_timer.o
LOAD Middlewares/STM32_BlueNRG/Utils/osal.o
LOAD Middlewares/STM32_USBD_Library/Class/CDC/usbd_cdc.o
LOAD Middlewares/STM32_USBD_Library/Core/usbd_core.o
LOAD Middlewares/STM32_USBD_Library/Core/usbd_ctlreq.o
LOAD Middlewares/STM32_USBD_Library/Core/usbd_ioreq.o
LOAD SENSING1/SW4STM32/startup_stm32l476xx.o
LOAD SENSING1/SW4STM32/syscalls.o
LOAD SENSING1/User/DataLog_Manager.o
LOAD SENSING1/User/HWAdvanceFeatures.o
LOAD SENSING1/User/OTA.o
LOAD SENSING1/User/PowerControl.o
LOAD SENSING1/User/TargetPlatform.o
LOAD SENSING1/User/main.o
LOAD SENSING1/User/sd_diskio_SensorTile.o
LOAD SENSING1/User/sensor_service.o
LOAD SENSING1/User/stm32l4xx_hal_msp.o
LOAD SENSING1/User/stm32l4xx_it.o
LOAD SENSING1/User/usbd_cdc_interface.o
LOAD SENSING1/User/usbd_conf.o
LOAD SENSING1/User/usbd_desc.o
LOAD SENSING1/User/Patch/SensorTile_BlueNRG_patch.o
LOAD SENSING1/User/Patch/SensorTile_humidity_patch.o
LOAD SENSING1/User/Patch/SensorTile_pressure_patch.o
LOAD SENSING1/User/Patch/SensorTile_temperature_patch.o
LOAD SENSING1/User/Patch/bluenrg_gap_aci_patch.o
LOAD SENSING1/User/Patch/bluenrg_hal_aci_patch.o
LOAD SENSING1/User/Patch/bluenrg_utils_small_patch.o
LOAD SENSING1/User/Patch/hci_patch.o
LOAD ../../../../../../../../Middlewares/ST/STM32_AI_Library/Lib\libNetworkRuntime330_CM4_GCC.a
LOAD ../../../../../../../../Drivers/CMSIS/Lib/GCC\libarm_cortexM4lf_math.a
START GROUP
LOAD c:/st/stm32cubeide_1.0.2/stm32cubeide/plugins/com.st.stm32cube.ide.mcu.externaltools.gnu-tools-for-stm32.7-2018-q2-update.win32_1.0.0.201904181610/tools/bin/../lib/gcc/arm-none-eabi/7.3.1/../../../../arm-none-eabi/lib/thumb/v7e-m/fpv4-sp/hard\libc_nano.a
LOAD c:/st/stm32cubeide_1.0.2/stm32cubeide/plugins/com.st.stm32cube.ide.mcu.externaltools.gnu-tools-for-stm32.7-2018-q2-update.win32_1.0.0.201904181610/tools/bin/../lib/gcc/arm-none-eabi/7.3.1/../../../../arm-none-eabi/lib/thumb/v7e-m/fpv4-sp/hard\libm.a
END GROUP
START GROUP
LOAD c:/st/stm32cubeide_1.0.2/stm32cubeide/plugins/com.st.stm32cube.ide.mcu.externaltools.gnu-tools-for-stm32.7-2018-q2-update.win32_1.0.0.201904181610/tools/bin/../lib/gcc/arm-none-eabi/7.3.1/thumb/v7e-m/fpv4-sp/hard\libgcc.a
LOAD c:/st/stm32cubeide_1.0.2/stm32cubeide/plugins/com.st.stm32cube.ide.mcu.externaltools.gnu-tools-for-stm32.7-2018-q2-update.win32_1.0.0.201904181610/tools/bin/../lib/gcc/arm-none-eabi/7.3.1/../../../../arm-none-eabi/lib/thumb/v7e-m/fpv4-sp/hard\libc_nano.a
END GROUP
START GROUP
LOAD c:/st/stm32cubeide_1.0.2/stm32cubeide/plugins/com.st.stm32cube.ide.mcu.externaltools.gnu-tools-for-stm32.7-2018-q2-update.win32_1.0.0.201904181610/tools/bin/../lib/gcc/arm-none-eabi/7.3.1/thumb/v7e-m/fpv4-sp/hard\libgcc.a
LOAD c:/st/stm32cubeide_1.0.2/stm32cubeide/plugins/com.st.stm32cube.ide.mcu.externaltools.gnu-tools-for-stm32.7-2018-q2-update.win32_1.0.0.201904181610/tools/bin/../lib/gcc/arm-none-eabi/7.3.1/../../../../arm-none-eabi/lib/thumb/v7e-m/fpv4-sp/hard\libc_nano.a
LOAD c:/st/stm32cubeide_1.0.2/stm32cubeide/plugins/com.st.stm32cube.ide.mcu.externaltools.gnu-tools-for-stm32.7-2018-q2-update.win32_1.0.0.201904181610/tools/bin/../lib/gcc/arm-none-eabi/7.3.1/../../../../arm-none-eabi/lib/thumb/v7e-m/fpv4-sp/hard\libnosys.a
END GROUP
START GROUP
LOAD c:/st/stm32cubeide_1.0.2/stm32cubeide/plugins/com.st.stm32cube.ide.mcu.externaltools.gnu-tools-for-stm32.7-2018-q2-update.win32_1.0.0.201904181610/tools/bin/../lib/gcc/arm-none-eabi/7.3.1/thumb/v7e-m/fpv4-sp/hard\libgcc.a
LOAD c:/st/stm32cubeide_1.0.2/stm32cubeide/plugins/com.st.stm32cube.ide.mcu.externaltools.gnu-tools-for-stm32.7-2018-q2-update.win32_1.0.0.201904181610/tools/bin/../lib/gcc/arm-none-eabi/7.3.1/../../../../arm-none-eabi/lib/thumb/v7e-m/fpv4-sp/hard\libc_nano.a
LOAD c:/st/stm32cubeide_1.0.2/stm32cubeide/plugins/com.st.stm32cube.ide.mcu.externaltools.gnu-tools-for-stm32.7-2018-q2-update.win32_1.0.0.201904181610/tools/bin/../lib/gcc/arm-none-eabi/7.3.1/../../../../arm-none-eabi/lib/thumb/v7e-m/fpv4-sp/hard\libnosys.a
END GROUP
LOAD c:/st/stm32cubeide_1.0.2/stm32cubeide/plugins/com.st.stm32cube.ide.mcu.externaltools.gnu-tools-for-stm32.7-2018-q2-update.win32_1.0.0.201904181610/tools/bin/../lib/gcc/arm-none-eabi/7.3.1/thumb/v7e-m/fpv4-sp/hard/crtend.o
LOAD c:/st/stm32cubeide_1.0.2/stm32cubeide/plugins/com.st.stm32cube.ide.mcu.externaltools.gnu-tools-for-stm32.7-2018-q2-update.win32_1.0.0.201904181610/tools/bin/../lib/gcc/arm-none-eabi/7.3.1/thumb/v7e-m/fpv4-sp/hard/crtn.o
                0x0000000020018000                _estack = 0x20018000
                0x0000000000000800                _Min_Heap_Size = 0x800
                0x0000000000001000                _Min_Stack_Size = 0x1000

.isr_vector     0x0000000008004000      0x188
                0x0000000008004000                . = ALIGN (0x8)
 *(.isr_vector)
 .isr_vector    0x0000000008004000      0x188 SENSING1/SW4STM32/startup_stm32l476xx.o
                0x0000000008004000                g_pfnVectors
                0x0000000008004188                . = ALIGN (0x8)

.text           0x0000000008004190    0x1e878
                0x0000000008004190                . = ALIGN (0x8)
 *(.text)
 .text          0x0000000008004190       0x40 c:/st/stm32cubeide_1.0.2/stm32cubeide/plugins/com.st.stm32cube.ide.mcu.externaltools.gnu-tools-for-stm32.7-2018-q2-update.win32_1.0.0.201904181610/tools/bin/../lib/gcc/arm-none-eabi/7.3.1/thumb/v7e-m/fpv4-sp/hard/crtbegin.o
 .text          0x00000000080041d0       0xf0 ../../../../../../../../Middlewares/ST/STM32_AI_Library/Lib\libNetworkRuntime330_CM4_GCC.a(ai_math_helpers.o)
                0x00000000080041d0                ai_math_dot_array
                0x00000000080041fc                ai_math_sqrt
                0x0000000008004214                ai_math_exp
                0x0000000008004218                ai_math_pow
                0x000000000800421c                ai_math_tanh
                0x0000000008004220                ai_math_relu
                0x0000000008004230                ai_math_prelu
                0x0000000008004240                ai_math_sigmoid
                0x0000000008004260                ai_math_hard_sigmoid
                0x0000000008004294                ai_math_sign
 .text          0x00000000080042c0      0x4c4 ../../../../../../../../Middlewares/ST/STM32_AI_Library/Lib\libNetworkRuntime330_CM4_GCC.a(ai_platform_interface.o)
                0x0000000008004322                ai_platform_runtime_get_revision
                0x0000000008004352                ai_platform_runtime_get_version
                0x0000000008004386                ai_platform_api_get_version
                0x00000000080043ba                ai_platform_interface_api_get_version
                0x00000000080043ee                ai_platform_context_acquire
                0x000000000800442a                ai_platform_context_release
                0x0000000008004438                ai_platform_network_get_error
                0x000000000800447c                ai_platform_network_set_error
                0x0000000008004488                ai_platform_network_create
                0x0000000008004504                ai_platform_network_destroy
                0x0000000008004542                ai_platform_network_init
                0x00000000080045d8                ai_platform_network_process
 .text          0x0000000008004784       0x24 ../../../../../../../../Middlewares/ST/STM32_AI_Library/Lib\libNetworkRuntime330_CM4_GCC.a(core_common.o)
                0x0000000008004784                core_init
                0x0000000008004788                core_get_error
                0x0000000008004792                core_set_error
 .text          0x00000000080047a8      0x1b8 ../../../../../../../../Middlewares/ST/STM32_AI_Library/Lib\libNetworkRuntime330_CM4_GCC.a(layers.o)
                0x00000000080047a8                ai_layers_forward_layer
                0x00000000080047bc                ai_check_custom_types
                0x00000000080047e4                ai_layer_type_name
                0x00000000080048a4                ai_layer_type_is_valid
                0x00000000080048c0                ai_layers_forward_all
 .text          0x0000000008004960     0x109c ../../../../../../../../Middlewares/ST/STM32_AI_Library/Lib\libNetworkRuntime330_CM4_GCC.a(layers_conv2d_generic_float.o)
                0x0000000008004e54                ai_dict8_dot_array_f32
                0x0000000008005138                ai_dict4_dot_array_f32
                0x00000000080051d4                forward_conv2d
                0x000000000800533c                forward_conv2d_nl_pool
                0x0000000008005684                forward_dense
                0x000000000800597c                forward_gemm
 .text          0x00000000080059fc      0x716 ../../../../../../../../Middlewares/ST/STM32_AI_Library/Lib\libNetworkRuntime330_CM4_GCC.a(layers_nl_generic_float.o)
                0x00000000080059fc                nl_func_sm_channel_f32
                0x0000000008005b20                nl_func_sm_array_f32
                0x0000000008005b54                nl_func_tanh_array_f32
                0x0000000008005b7c                nl_func_sigmoid_array_f32
                0x0000000008005bb8                nl_func_sign_array_f32
                0x0000000008005bf0                nl_func_clip_array_f32
                0x0000000008005c28                nl_func_relu_array_f32
                0x0000000008005c54                nl_func_relu6_array_f32
                0x0000000008005c94                nl_func_selu_array_f32
                0x0000000008005d24                nl_func_prelu_array_f32
                0x0000000008005d70                forward_relu
                0x0000000008005dd0                forward_relu6
                0x0000000008005e44                forward_selu
                0x0000000008005ef0                forward_prelu
                0x0000000008005f68                forward_sign
                0x0000000008005fdc                forward_clip
                0x0000000008006044                forward_sigmoid
                0x000000000800609c                forward_tanh
                0x00000000080060de                forward_sm
 *fill*         0x0000000008006112        0x2 
 .text          0x0000000008006114      0x5b2 ../../../../../../../../Middlewares/ST/STM32_AI_Library/Lib\libNetworkRuntime330_CM4_GCC.a(layers_norm_generic_float.o)
                0x0000000008006114                func_lrn_channel_f32
                0x000000000800621c                func_norm_array_f32
                0x0000000008006314                func_norm_l2_fast_array_f32
                0x00000000080063f4                func_lrn_array_f32
                0x0000000008006444                forward_bn
                0x00000000080065f2                forward_lrn
                0x0000000008006634                forward_norm
 *fill*         0x00000000080066c6        0x2 
 .text          0x00000000080066c8      0x878 ../../../../../../../../Middlewares/ST/STM32_AI_Library/Lib\libNetworkRuntime330_CM4_GCC.a(layers_rnn_generic_float.o)
                0x00000000080066c8                gru_cell_before
                0x0000000008006838                gru_cell_after
                0x000000000800698e                lstm_cell
                0x0000000008006d02                _forward_gru_after
                0x0000000008006e10                forward_lstm
                0x0000000008006f32                forward_gru
 .text          0x0000000008006f40       0x9a c:/st/stm32cubeide_1.0.2/stm32cubeide/plugins/com.st.stm32cube.ide.mcu.externaltools.gnu-tools-for-stm32.7-2018-q2-update.win32_1.0.0.201904181610/tools/bin/../lib/gcc/arm-none-eabi/7.3.1/../../../../arm-none-eabi/lib/thumb/v7e-m/fpv4-sp/hard\libc_nano.a(lib_a-aeabi_memset-soft.o)
                0x0000000008006f40                __aeabi_memset8
                0x0000000008006f40                __aeabi_memset4
                0x0000000008006f40                __aeabi_memset
 .text          0x0000000008006fda       0x10 c:/st/stm32cubeide_1.0.2/stm32cubeide/plugins/com.st.stm32cube.ide.mcu.externaltools.gnu-tools-for-stm32.7-2018-q2-update.win32_1.0.0.201904181610/tools/bin/../lib/gcc/arm-none-eabi/7.3.1/../../../../arm-none-eabi/lib/thumb/v7e-m/fpv4-sp/hard\libc_nano.a(lib_a-strlen.o)
                0x0000000008006fda                strlen
 *fill*         0x0000000008006fea        0x6 
 .text          0x0000000008006ff0       0xa0 c:/st/stm32cubeide_1.0.2/stm32cubeide/plugins/com.st.stm32cube.ide.mcu.externaltools.gnu-tools-for-stm32.7-2018-q2-update.win32_1.0.0.201904181610/tools/bin/../lib/gcc/arm-none-eabi/7.3.1/../../../../arm-none-eabi/lib/thumb/v7e-m/fpv4-sp/hard\libc_nano.a(lib_a-memchr.o)
                0x0000000008006ff0                memchr
 .text          0x0000000008007090      0x378 c:/st/stm32cubeide_1.0.2/stm32cubeide/plugins/com.st.stm32cube.ide.mcu.externaltools.gnu-tools-for-stm32.7-2018-q2-update.win32_1.0.0.201904181610/tools/bin/../lib/gcc/arm-none-eabi/7.3.1/thumb/v7e-m/fpv4-sp/hard\libgcc.a(_arm_addsubdf3.o)
                0x0000000008007090                __aeabi_drsub
                0x0000000008007098                __aeabi_dsub
                0x0000000008007098                __subdf3
                0x000000000800709c                __aeabi_dadd
                0x000000000800709c                __adddf3
                0x0000000008007314                __floatunsidf
                0x0000000008007314                __aeabi_ui2d
                0x0000000008007334                __floatsidf
                0x0000000008007334                __aeabi_i2d
                0x0000000008007358                __aeabi_f2d
                0x0000000008007358                __extendsfdf2
                0x000000000800739c                __floatundidf
                0x000000000800739c                __aeabi_ul2d
                0x00000000080073ac                __floatdidf
                0x00000000080073ac                __aeabi_l2d
 .text          0x0000000008007408      0x424 c:/st/stm32cubeide_1.0.2/stm32cubeide/plugins/com.st.stm32cube.ide.mcu.externaltools.gnu-tools-for-stm32.7-2018-q2-update.win32_1.0.0.201904181610/tools/bin/../lib/gcc/arm-none-eabi/7.3.1/thumb/v7e-m/fpv4-sp/hard\libgcc.a(_arm_muldivdf3.o)
                0x0000000008007408                __aeabi_dmul
                0x0000000008007408                __muldf3
                0x000000000800765c                __divdf3
                0x000000000800765c                __aeabi_ddiv
 .text          0x000000000800782c      0x110 c:/st/stm32cubeide_1.0.2/stm32cubeide/plugins/com.st.stm32cube.ide.mcu.externaltools.gnu-tools-for-stm32.7-2018-q2-update.win32_1.0.0.201904181610/tools/bin/../lib/gcc/arm-none-eabi/7.3.1/thumb/v7e-m/fpv4-sp/hard\libgcc.a(_arm_cmpdf2.o)
                0x000000000800782c                __gtdf2
                0x000000000800782c                __gedf2
                0x0000000008007834                __ltdf2
                0x0000000008007834                __ledf2
                0x000000000800783c                __nedf2
                0x000000000800783c                __eqdf2
                0x000000000800783c                __cmpdf2
                0x00000000080078b8                __aeabi_cdrcmple
                0x00000000080078c8                __aeabi_cdcmpeq
                0x00000000080078c8                __aeabi_cdcmple
                0x00000000080078d8                __aeabi_dcmpeq
                0x00000000080078ec                __aeabi_dcmplt
                0x0000000008007900                __aeabi_dcmple
                0x0000000008007914                __aeabi_dcmpge
                0x0000000008007928                __aeabi_dcmpgt
 .text          0x000000000800793c       0x2c c:/st/stm32cubeide_1.0.2/stm32cubeide/plugins/com.st.stm32cube.ide.mcu.externaltools.gnu-tools-for-stm32.7-2018-q2-update.win32_1.0.0.201904181610/tools/bin/../lib/gcc/arm-none-eabi/7.3.1/thumb/v7e-m/fpv4-sp/hard\libgcc.a(_arm_unorddf2.o)
                0x000000000800793c                __unorddf2
                0x000000000800793c                __aeabi_dcmpun
 .text          0x0000000008007968       0x50 c:/st/stm32cubeide_1.0.2/stm32cubeide/plugins/com.st.stm32cube.ide.mcu.externaltools.gnu-tools-for-stm32.7-2018-q2-update.win32_1.0.0.201904181610/tools/bin/../lib/gcc/arm-none-eabi/7.3.1/thumb/v7e-m/fpv4-sp/hard\libgcc.a(_arm_fixdfsi.o)
                0x0000000008007968                __aeabi_d2iz
                0x0000000008007968                __fixdfsi
 .text          0x00000000080079b8       0xa0 c:/st/stm32cubeide_1.0.2/stm32cubeide/plugins/com.st.stm32cube.ide.mcu.externaltools.gnu-tools-for-stm32.7-2018-q2-update.win32_1.0.0.201904181610/tools/bin/../lib/gcc/arm-none-eabi/7.3.1/thumb/v7e-m/fpv4-sp/hard\libgcc.a(_arm_truncdfsf2.o)
                0x00000000080079b8                __truncdfsf2
                0x00000000080079b8                __aeabi_d2f
 .text          0x0000000008007a58       0xa0 c:/st/stm32cubeide_1.0.2/stm32cubeide/plugins/com.st.stm32cube.ide.mcu.externaltools.gnu-tools-for-stm32.7-2018-q2-update.win32_1.0.0.201904181610/tools/bin/../lib/gcc/arm-none-eabi/7.3.1/thumb/v7e-m/fpv4-sp/hard\libgcc.a(_aeabi_ldivmod.o)
                0x0000000008007a58                __aeabi_ldivmod
 .text          0x0000000008007af8      0x2cc c:/st/stm32cubeide_1.0.2/stm32cubeide/plugins/com.st.stm32cube.ide.mcu.externaltools.gnu-tools-for-stm32.7-2018-q2-update.win32_1.0.0.201904181610/tools/bin/../lib/gcc/arm-none-eabi/7.3.1/thumb/v7e-m/fpv4-sp/hard\libgcc.a(_udivmoddi4.o)
                0x0000000008007af8                __udivmoddi4
 .text          0x0000000008007dc4        0x4 c:/st/stm32cubeide_1.0.2/stm32cubeide/plugins/com.st.stm32cube.ide.mcu.externaltools.gnu-tools-for-stm32.7-2018-q2-update.win32_1.0.0.201904181610/tools/bin/../lib/gcc/arm-none-eabi/7.3.1/thumb/v7e-m/fpv4-sp/hard\libgcc.a(_dvmd_tls.o)
                0x0000000008007dc4                __aeabi_idiv0
                0x0000000008007dc4                __aeabi_ldiv0
 *(.text*)
 .text.HTS221_ReadReg
                0x0000000008007dc8       0x14 Drivers/BSP/Components/HTS221_Driver.o
                0x0000000008007dc8                HTS221_ReadReg
 .text.HTS221_WriteReg
                0x0000000008007ddc       0x14 Drivers/BSP/Components/HTS221_Driver.o
                0x0000000008007ddc                HTS221_WriteReg
 .text.HTS221_Get_DeviceID
                0x0000000008007df0       0x14 Drivers/BSP/Components/HTS221_Driver.o
                0x0000000008007df0                HTS221_Get_DeviceID
 .text.HTS221_Get_Humidity
                0x0000000008007e04       0xf8 Drivers/BSP/Components/HTS221_Driver.o
                0x0000000008007e04                HTS221_Get_Humidity
 .text.HTS221_Get_Temperature
                0x0000000008007efc       0xe8 Drivers/BSP/Components/HTS221_Driver.o
                0x0000000008007efc                HTS221_Get_Temperature
 .text.HTS221_Get_DataStatus
                0x0000000008007fe4       0x30 Drivers/BSP/Components/HTS221_Driver.o
                0x0000000008007fe4                HTS221_Get_DataStatus
 .text.HTS221_Activate
                0x0000000008008014       0x40 Drivers/BSP/Components/HTS221_Driver.o
                0x0000000008008014                HTS221_Activate
 .text.HTS221_DeActivate
                0x0000000008008054       0x40 Drivers/BSP/Components/HTS221_Driver.o
                0x0000000008008054                HTS221_DeActivate
 .text.HTS221_Get_Odr
                0x0000000008008094       0x28 Drivers/BSP/Components/HTS221_Driver.o
                0x0000000008008094                HTS221_Get_Odr
 .text.HTS221_StartOneShotMeasurement
                0x00000000080080bc       0x40 Drivers/BSP/Components/HTS221_Driver.o
                0x00000000080080bc                HTS221_StartOneShotMeasurement
 .text.HTS221_assert_failed
                0x00000000080080fc       0x14 Drivers/BSP/Components/HTS221_Driver.o
                0x00000000080080fc                HTS221_assert_failed
 .text.HTS221_Set_BduMode
                0x0000000008008110       0x58 Drivers/BSP/Components/HTS221_Driver.o
                0x0000000008008110                HTS221_Set_BduMode
 .text.HTS221_Set_Odr
                0x0000000008008168       0x54 Drivers/BSP/Components/HTS221_Driver.o
                0x0000000008008168                HTS221_Set_Odr
 .text.HTS221_H_Get_DRDY_Status
                0x00000000080081bc       0x34 Drivers/BSP/Components/HTS221_Driver_HL.o
 .text.HTS221_T_Get_DRDY_Status
                0x00000000080081f0       0x34 Drivers/BSP/Components/HTS221_Driver_HL.o
 .text.HTS221_H_Write_Reg
                0x0000000008008224       0x20 Drivers/BSP/Components/HTS221_Driver_HL.o
 .text.HTS221_T_Write_Reg
                0x0000000008008244        0x4 Drivers/BSP/Components/HTS221_Driver_HL.o
 .text.HTS221_H_Read_Reg
                0x0000000008008248       0x18 Drivers/BSP/Components/HTS221_Driver_HL.o
 .text.HTS221_T_Read_Reg
                0x0000000008008260        0x4 Drivers/BSP/Components/HTS221_Driver_HL.o
 .text.HTS221_H_Set_ODR_Value
                0x0000000008008264       0x38 Drivers/BSP/Components/HTS221_Driver_HL.o
 .text.HTS221_T_Set_ODR_Value
                0x000000000800829c        0x4 Drivers/BSP/Components/HTS221_Driver_HL.o
 .text.HTS221_Set_ODR
                0x00000000080082a0       0x24 Drivers/BSP/Components/HTS221_Driver_HL.o
 .text.HTS221_H_Set_ODR
                0x00000000080082c4        0x4 Drivers/BSP/Components/HTS221_Driver_HL.o
 .text.HTS221_Get_ODR
                0x00000000080082c8       0x64 Drivers/BSP/Components/HTS221_Driver_HL.o
 .text.HTS221_H_Get_ODR
                0x000000000800832c        0x4 Drivers/BSP/Components/HTS221_Driver_HL.o
 .text.HTS221_H_Get_Hum
                0x0000000008008330       0x38 Drivers/BSP/Components/HTS221_Driver_HL.o
 .text.HTS221_Check_WhoAmI
                0x0000000008008368       0x28 Drivers/BSP/Components/HTS221_Driver_HL.o
 .text.HTS221_H_Check_WhoAmI
                0x0000000008008390        0x4 Drivers/BSP/Components/HTS221_Driver_HL.o
 .text.HTS221_H_Get_WhoAmI
                0x0000000008008394       0x14 Drivers/BSP/Components/HTS221_Driver_HL.o
 .text.HTS221_T_Get_WhoAmI
                0x00000000080083a8        0x4 Drivers/BSP/Components/HTS221_Driver_HL.o
 .text.HTS221_T_Get_Temp
                0x00000000080083ac       0x38 Drivers/BSP/Components/HTS221_Driver_HL.o
 .text.HTS221_H_Sensor_Disable
                0x00000000080083e4       0x38 Drivers/BSP/Components/HTS221_Driver_HL.o
 .text.HTS221_H_DeInit
                0x000000000800841c       0x28 Drivers/BSP/Components/HTS221_Driver_HL.o
 .text.HTS221_T_Sensor_Disable
                0x0000000008008444       0x38 Drivers/BSP/Components/HTS221_Driver_HL.o
 .text.HTS221_T_DeInit
                0x000000000800847c       0x28 Drivers/BSP/Components/HTS221_Driver_HL.o
 .text.HTS221_H_Sensor_Enable
                0x00000000080084a4       0x3c Drivers/BSP/Components/HTS221_Driver_HL.o
 .text.HTS221_T_Sensor_Enable
                0x00000000080084e0       0x3c Drivers/BSP/Components/HTS221_Driver_HL.o
 .text.HTS221_Init
                0x000000000800851c       0x3c Drivers/BSP/Components/HTS221_Driver_HL.o
 .text.HTS221_H_Init
                0x0000000008008558       0x28 Drivers/BSP/Components/HTS221_Driver_HL.o
 .text.HTS221_T_Init
                0x0000000008008580       0x28 Drivers/BSP/Components/HTS221_Driver_HL.o
 .text.HTS221_T_Set_ODR
                0x00000000080085a8        0x4 Drivers/BSP/Components/HTS221_Driver_HL.o
 .text.HTS221_T_Check_WhoAmI
                0x00000000080085ac        0x4 Drivers/BSP/Components/HTS221_Driver_HL.o
 .text.HTS221_T_Get_ODR
                0x00000000080085b0        0x4 Drivers/BSP/Components/HTS221_Driver_HL.o
 .text.LPS22HB_ReadReg
                0x00000000080085b4       0x14 Drivers/BSP/Components/LPS22HB_Driver.o
                0x00000000080085b4                LPS22HB_ReadReg
 .text.LPS22HB_WriteReg
                0x00000000080085c8       0x14 Drivers/BSP/Components/LPS22HB_Driver.o
                0x00000000080085c8                LPS22HB_WriteReg
 .text.LPS22HB_Get_DeviceID
                0x00000000080085dc       0x14 Drivers/BSP/Components/LPS22HB_Driver.o
                0x00000000080085dc                LPS22HB_Get_DeviceID
 .text.LPS22HB_Set_PowerMode
                0x00000000080085f0       0x44 Drivers/BSP/Components/LPS22HB_Driver.o
                0x00000000080085f0                LPS22HB_Set_PowerMode
 .text.LPS22HB_Set_Odr
                0x0000000008008634       0x44 Drivers/BSP/Components/LPS22HB_Driver.o
                0x0000000008008634                LPS22HB_Set_Odr
 .text.LPS22HB_Get_Odr
                0x0000000008008678       0x28 Drivers/BSP/Components/LPS22HB_Driver.o
                0x0000000008008678                LPS22HB_Get_Odr
 .text.LPS22HB_Set_LowPassFilter
                0x00000000080086a0       0x44 Drivers/BSP/Components/LPS22HB_Driver.o
                0x00000000080086a0                LPS22HB_Set_LowPassFilter
 .text.LPS22HB_Set_LowPassFilterCutoff
                0x00000000080086e4       0x44 Drivers/BSP/Components/LPS22HB_Driver.o
                0x00000000080086e4                LPS22HB_Set_LowPassFilterCutoff
 .text.LPS22HB_Set_Bdu
                0x0000000008008728       0x40 Drivers/BSP/Components/LPS22HB_Driver.o
                0x0000000008008728                LPS22HB_Set_Bdu
 .text.LPS22HB_SwResetAndMemoryBoot
                0x0000000008008768       0x40 Drivers/BSP/Components/LPS22HB_Driver.o
                0x0000000008008768                LPS22HB_SwResetAndMemoryBoot
 .text.LPS22HB_Set_FifoModeUse
                0x00000000080087a8       0x44 Drivers/BSP/Components/LPS22HB_Driver.o
                0x00000000080087a8                LPS22HB_Set_FifoModeUse
 .text.LPS22HB_Set_FifoWatermarkLevelUse
                0x00000000080087ec       0x44 Drivers/BSP/Components/LPS22HB_Driver.o
                0x00000000080087ec                LPS22HB_Set_FifoWatermarkLevelUse
 .text.LPS22HB_Set_AutomaticIncrementRegAddress
                0x0000000008008830       0x44 Drivers/BSP/Components/LPS22HB_Driver.o
                0x0000000008008830                LPS22HB_Set_AutomaticIncrementRegAddress
 .text.LPS22HB_Set_I2C
                0x0000000008008874       0x48 Drivers/BSP/Components/LPS22HB_Driver.o
                0x0000000008008874                LPS22HB_Set_I2C
 .text.LPS22HB_StartOneShotMeasurement
                0x00000000080088bc       0x40 Drivers/BSP/Components/LPS22HB_Driver.o
                0x00000000080088bc                LPS22HB_StartOneShotMeasurement
 .text.LPS22HB_Set_FIFO_OVR_Interrupt
                0x00000000080088fc       0x44 Drivers/BSP/Components/LPS22HB_Driver.o
                0x00000000080088fc                LPS22HB_Set_FIFO_OVR_Interrupt
 .text.LPS22HB_Set_FIFO_FTH_Interrupt
                0x0000000008008940       0x44 Drivers/BSP/Components/LPS22HB_Driver.o
                0x0000000008008940                LPS22HB_Set_FIFO_FTH_Interrupt
 .text.LPS22HB_Set_FIFO_FULL_Interrupt
                0x0000000008008984       0x44 Drivers/BSP/Components/LPS22HB_Driver.o
                0x0000000008008984                LPS22HB_Set_FIFO_FULL_Interrupt
 .text.LPS22HB_Get_DataStatus
                0x00000000080089c8       0x3c Drivers/BSP/Components/LPS22HB_Driver.o
                0x00000000080089c8                LPS22HB_Get_DataStatus
 .text.LPS22HB_Get_RawPressure
                0x0000000008008a04       0x3c Drivers/BSP/Components/LPS22HB_Driver.o
                0x0000000008008a04                LPS22HB_Get_RawPressure
 .text.LPS22HB_Get_Pressure
                0x0000000008008a40       0x2c Drivers/BSP/Components/LPS22HB_Driver.o
                0x0000000008008a40                LPS22HB_Get_Pressure
 .text.LPS22HB_Get_RawTemperature
                0x0000000008008a6c       0x2c Drivers/BSP/Components/LPS22HB_Driver.o
                0x0000000008008a6c                LPS22HB_Get_RawTemperature
 .text.LPS22HB_Get_Temperature
                0x0000000008008a98       0x30 Drivers/BSP/Components/LPS22HB_Driver.o
                0x0000000008008a98                LPS22HB_Get_Temperature
 .text.LPS22HB_Set_FifoMode
                0x0000000008008ac8       0x44 Drivers/BSP/Components/LPS22HB_Driver.o
                0x0000000008008ac8                LPS22HB_Set_FifoMode
 .text.LPS22HB_Get_FifoMode
                0x0000000008008b0c       0x28 Drivers/BSP/Components/LPS22HB_Driver.o
                0x0000000008008b0c                LPS22HB_Get_FifoMode
 .text.LPS22HB_Set_FifoWatermarkLevel
                0x0000000008008b34       0x44 Drivers/BSP/Components/LPS22HB_Driver.o
                0x0000000008008b34                LPS22HB_Set_FifoWatermarkLevel
 .text.LPS22HB_Get_FifoWatermarkLevel
                0x0000000008008b78       0x20 Drivers/BSP/Components/LPS22HB_Driver.o
                0x0000000008008b78                LPS22HB_Get_FifoWatermarkLevel
 .text.LPS22HB_Get_FifoStatus
                0x0000000008008b98       0x4c Drivers/BSP/Components/LPS22HB_Driver.o
                0x0000000008008b98                LPS22HB_Get_FifoStatus
 .text.LPS22HB_P_Get_DRDY_Status
                0x0000000008008be4       0x1c Drivers/BSP/Components/LPS22HB_Driver_HL.o
 .text.LPS22HB_T_Get_DRDY_Status
                0x0000000008008c00       0x1c Drivers/BSP/Components/LPS22HB_Driver_HL.o
 .text.LPS22HB_P_Write_Reg
                0x0000000008008c1c       0x20 Drivers/BSP/Components/LPS22HB_Driver_HL.o
 .text.LPS22HB_T_Write_Reg
                0x0000000008008c3c        0x4 Drivers/BSP/Components/LPS22HB_Driver_HL.o
 .text.LPS22HB_P_Read_Reg
                0x0000000008008c40       0x18 Drivers/BSP/Components/LPS22HB_Driver_HL.o
 .text.LPS22HB_T_Read_Reg
                0x0000000008008c58        0x4 Drivers/BSP/Components/LPS22HB_Driver_HL.o
 .text.LPS22HB_P_Sensor_Disable
                0x0000000008008c5c       0x34 Drivers/BSP/Components/LPS22HB_Driver_HL.o
 .text.LPS22HB_P_DeInit
                0x0000000008008c90       0x24 Drivers/BSP/Components/LPS22HB_Driver_HL.o
 .text.LPS22HB_T_Sensor_Disable
                0x0000000008008cb4       0x34 Drivers/BSP/Components/LPS22HB_Driver_HL.o
 .text.LPS22HB_T_DeInit
                0x0000000008008ce8       0x24 Drivers/BSP/Components/LPS22HB_Driver_HL.o
 .text.LPS22HB_Get_ODR
                0x0000000008008d0c       0x7c Drivers/BSP/Components/LPS22HB_Driver_HL.o
 .text.LPS22HB_P_Get_ODR
                0x0000000008008d88        0x4 Drivers/BSP/Components/LPS22HB_Driver_HL.o
 .text.LPS22HB_P_Get_Press
                0x0000000008008d8c       0x38 Drivers/BSP/Components/LPS22HB_Driver_HL.o
 .text.LPS22HB_Check_WhoAmI
                0x0000000008008dc4       0x28 Drivers/BSP/Components/LPS22HB_Driver_HL.o
 .text.LPS22HB_P_Check_WhoAmI
                0x0000000008008dec        0x4 Drivers/BSP/Components/LPS22HB_Driver_HL.o
 .text.LPS22HB_P_Get_WhoAmI
                0x0000000008008df0       0x14 Drivers/BSP/Components/LPS22HB_Driver_HL.o
 .text.LPS22HB_T_Get_WhoAmI
                0x0000000008008e04        0x4 Drivers/BSP/Components/LPS22HB_Driver_HL.o
 .text.LPS22HB_T_Get_Temp
                0x0000000008008e08       0x38 Drivers/BSP/Components/LPS22HB_Driver_HL.o
 .text.LPS22HB_FIFO_Get_Data
                0x0000000008008e40       0x68 Drivers/BSP/Components/LPS22HB_Driver_HL.o
 .text.LPS22HB_FIFO_Set_Watermark_Level
                0x0000000008008ea8       0x14 Drivers/BSP/Components/LPS22HB_Driver_HL.o
 .text.LPS22HB_FIFO_Get_Watermark_Level
                0x0000000008008ebc       0x14 Drivers/BSP/Components/LPS22HB_Driver_HL.o
 .text.LPS22HB_FIFO_Get_Mode
                0x0000000008008ed0       0x20 Drivers/BSP/Components/LPS22HB_Driver_HL.o
 .text.LPS22HB_FIFO_Get_Num_Of_Samples
                0x0000000008008ef0       0x1c Drivers/BSP/Components/LPS22HB_Driver_HL.o
 .text.LPS22HB_FIFO_Get_Fth_Status
                0x0000000008008f0c       0x1c Drivers/BSP/Components/LPS22HB_Driver_HL.o
 .text.LPS22HB_FIFO_Get_Ovr_Status
                0x0000000008008f28       0x1c Drivers/BSP/Components/LPS22HB_Driver_HL.o
 .text.LPS22HB_FIFO_Get_Full_Status
                0x0000000008008f44       0x1c Drivers/BSP/Components/LPS22HB_Driver_HL.o
 .text.LPS22HB_FIFO_Get_Empty_Status
                0x0000000008008f60       0x1c Drivers/BSP/Components/LPS22HB_Driver_HL.o
 .text.LPS22HB_Set_ODR_Value_When_Enabled
                0x0000000008008f7c       0x70 Drivers/BSP/Components/LPS22HB_Driver_HL.o
 .text.LPS22HB_P_Set_ODR_Value
                0x0000000008008fec       0x78 Drivers/BSP/Components/LPS22HB_Driver_HL.o
 .text.LPS22HB_P_Sensor_Enable
                0x0000000008009064       0x2c Drivers/BSP/Components/LPS22HB_Driver_HL.o
 .text.LPS22HB_T_Set_ODR_Value
                0x0000000008009090       0x78 Drivers/BSP/Components/LPS22HB_Driver_HL.o
 .text.LPS22HB_T_Sensor_Enable
                0x0000000008009108       0x2c Drivers/BSP/Components/LPS22HB_Driver_HL.o
 .text.LPS22HB_Set_ODR_When_Enabled
                0x0000000008009134       0x48 Drivers/BSP/Components/LPS22HB_Driver_HL.o
 .text.LPS22HB_P_Set_ODR
                0x000000000800917c       0x6c Drivers/BSP/Components/LPS22HB_Driver_HL.o
 .text.LPS22HB_T_Set_ODR
                0x00000000080091e8       0x6c Drivers/BSP/Components/LPS22HB_Driver_HL.o
 .text.LPS22HB_Initialize.isra.4
                0x0000000008009254       0x74 Drivers/BSP/Components/LPS22HB_Driver_HL.o
 .text.LPS22HB_P_Init
                0x00000000080092c8       0x24 Drivers/BSP/Components/LPS22HB_Driver_HL.o
 .text.LPS22HB_T_Init
                0x00000000080092ec       0x24 Drivers/BSP/Components/LPS22HB_Driver_HL.o
 .text.LPS22HB_FIFO_Reset_Interrupt
                0x0000000008009310       0x48 Drivers/BSP/Components/LPS22HB_Driver_HL.o
 .text.LPS22HB_FIFO_Set_Interrupt
                0x0000000008009358       0x44 Drivers/BSP/Components/LPS22HB_Driver_HL.o
 .text.LPS22HB_FIFO_Watermark_Usage
                0x000000000800939c       0x1c Drivers/BSP/Components/LPS22HB_Driver_HL.o
 .text.LPS22HB_FIFO_Set_Mode
                0x00000000080093b8       0x30 Drivers/BSP/Components/LPS22HB_Driver_HL.o
 .text.LPS22HB_FIFO_Usage
                0x00000000080093e8       0x1c Drivers/BSP/Components/LPS22HB_Driver_HL.o
 .text.LPS22HB_T_Get_ODR
                0x0000000008009404        0x4 Drivers/BSP/Components/LPS22HB_Driver_HL.o
 .text.LPS22HB_T_Check_WhoAmI
                0x0000000008009408        0x4 Drivers/BSP/Components/LPS22HB_Driver_HL.o
 .text.LPS22HB_FIFO_Stop_On_Fth
                0x000000000800940c       0x1c Drivers/BSP/Components/LPS22HB_Driver_HL.o
 .text.LSM303AGR_ACC_WriteReg
                0x0000000008009428       0x10 Drivers/BSP/Components/LSM303AGR_ACC_driver.o
                0x0000000008009428                LSM303AGR_ACC_WriteReg
 .text.LSM303AGR_ACC_ReadReg
                0x0000000008009438       0x10 Drivers/BSP/Components/LSM303AGR_ACC_driver.o
                0x0000000008009438                LSM303AGR_ACC_ReadReg
 .text.LSM303AGR_ACC_R_WHO_AM_I
                0x0000000008009448       0x14 Drivers/BSP/Components/LSM303AGR_ACC_driver.o
                0x0000000008009448                LSM303AGR_ACC_R_WHO_AM_I
 .text.LSM303AGR_ACC_W_BlockDataUpdate
                0x000000000800945c       0x44 Drivers/BSP/Components/LSM303AGR_ACC_driver.o
                0x000000000800945c                LSM303AGR_ACC_W_BlockDataUpdate
 .text.LSM303AGR_ACC_W_FullScale
                0x00000000080094a0       0x44 Drivers/BSP/Components/LSM303AGR_ACC_driver.o
                0x00000000080094a0                LSM303AGR_ACC_W_FullScale
 .text.LSM303AGR_ACC_R_FullScale
                0x00000000080094e4       0x20 Drivers/BSP/Components/LSM303AGR_ACC_driver.o
                0x00000000080094e4                LSM303AGR_ACC_R_FullScale
 .text.LSM303AGR_ACC_Get_Raw_Acceleration
                0x0000000008009504       0x14 Drivers/BSP/Components/LSM303AGR_ACC_driver.o
                0x0000000008009504                LSM303AGR_ACC_Get_Raw_Acceleration
 .text.LSM303AGR_ACC_Get_Acceleration
                0x0000000008009518      0x170 Drivers/BSP/Components/LSM303AGR_ACC_driver.o
                0x0000000008009518                LSM303AGR_ACC_Get_Acceleration
 .text.LSM303AGR_ACC_W_ODR
                0x0000000008009688       0x44 Drivers/BSP/Components/LSM303AGR_ACC_driver.o
                0x0000000008009688                LSM303AGR_ACC_W_ODR
 .text.LSM303AGR_ACC_R_ODR
                0x00000000080096cc       0x20 Drivers/BSP/Components/LSM303AGR_ACC_driver.o
                0x00000000080096cc                LSM303AGR_ACC_R_ODR
 .text.LSM303AGR_ACC_W_XEN
                0x00000000080096ec       0x44 Drivers/BSP/Components/LSM303AGR_ACC_driver.o
                0x00000000080096ec                LSM303AGR_ACC_W_XEN
 .text.LSM303AGR_ACC_R_XEN
                0x0000000008009730       0x20 Drivers/BSP/Components/LSM303AGR_ACC_driver.o
                0x0000000008009730                LSM303AGR_ACC_R_XEN
 .text.LSM303AGR_ACC_W_YEN
                0x0000000008009750       0x44 Drivers/BSP/Components/LSM303AGR_ACC_driver.o
                0x0000000008009750                LSM303AGR_ACC_W_YEN
 .text.LSM303AGR_ACC_R_YEN
                0x0000000008009794       0x20 Drivers/BSP/Components/LSM303AGR_ACC_driver.o
                0x0000000008009794                LSM303AGR_ACC_R_YEN
 .text.LSM303AGR_ACC_W_ZEN
                0x00000000080097b4       0x44 Drivers/BSP/Components/LSM303AGR_ACC_driver.o
                0x00000000080097b4                LSM303AGR_ACC_W_ZEN
 .text.LSM303AGR_ACC_R_ZEN
                0x00000000080097f8       0x20 Drivers/BSP/Components/LSM303AGR_ACC_driver.o
                0x00000000080097f8                LSM303AGR_ACC_R_ZEN
 .text.LSM303AGR_ACC_R_LOWPWR_EN
                0x0000000008009818       0x20 Drivers/BSP/Components/LSM303AGR_ACC_driver.o
                0x0000000008009818                LSM303AGR_ACC_R_LOWPWR_EN
 .text.LSM303AGR_ACC_R_HiRes
                0x0000000008009838       0x20 Drivers/BSP/Components/LSM303AGR_ACC_driver.o
                0x0000000008009838                LSM303AGR_ACC_R_HiRes
 .text.LSM303AGR_ACC_R_XDataAvail
                0x0000000008009858       0x20 Drivers/BSP/Components/LSM303AGR_ACC_driver.o
                0x0000000008009858                LSM303AGR_ACC_R_XDataAvail
 .text.LSM303AGR_ACC_W_FifoMode
                0x0000000008009878       0x44 Drivers/BSP/Components/LSM303AGR_ACC_driver.o
                0x0000000008009878                LSM303AGR_ACC_W_FifoMode
 .text.LSM303AGR_X_Get_DRDY_Status
                0x00000000080098bc       0x30 Drivers/BSP/Components/LSM303AGR_ACC_driver_HL.o
 .text.LSM303AGR_X_Write_Reg
                0x00000000080098ec       0x1c Drivers/BSP/Components/LSM303AGR_ACC_driver_HL.o
 .text.LSM303AGR_X_Read_Reg
                0x0000000008009908       0x10 Drivers/BSP/Components/LSM303AGR_ACC_driver_HL.o
 .text.LSM303AGR_X_Get_Axes_Status
                0x0000000008009918       0x68 Drivers/BSP/Components/LSM303AGR_ACC_driver_HL.o
 .text.LSM303AGR_X_Set_FS_Value
                0x0000000008009980       0x58 Drivers/BSP/Components/LSM303AGR_ACC_driver_HL.o
 .text.LSM303AGR_X_Set_FS
                0x00000000080099d8       0x30 Drivers/BSP/Components/LSM303AGR_ACC_driver_HL.o
 .text.LSM303AGR_X_Get_FS
                0x0000000008009a08       0x68 Drivers/BSP/Components/LSM303AGR_ACC_driver_HL.o
 .text.LSM303AGR_X_Set_ODR_Value_When_Enabled
                0x0000000008009a70       0x9c Drivers/BSP/Components/LSM303AGR_ACC_driver_HL.o
 .text.LSM303AGR_X_Sensor_Enable
                0x0000000008009b0c       0x28 Drivers/BSP/Components/LSM303AGR_ACC_driver_HL.o
 .text.LSM303AGR_X_Get_ODR
                0x0000000008009b34       0xa0 Drivers/BSP/Components/LSM303AGR_ACC_driver_HL.o
 .text.LSM303AGR_X_Get_Sensitivity
                0x0000000008009bd4      0x13c Drivers/BSP/Components/LSM303AGR_ACC_driver_HL.o
 .text.LSM303AGR_X_Get_AxesRaw
                0x0000000008009d10       0x78 Drivers/BSP/Components/LSM303AGR_ACC_driver_HL.o
 .text.LSM303AGR_X_Get_Axes
                0x0000000008009d88       0x28 Drivers/BSP/Components/LSM303AGR_ACC_driver_HL.o
 .text.LSM303AGR_X_Get_WhoAmI
                0x0000000008009db0       0x10 Drivers/BSP/Components/LSM303AGR_ACC_driver_HL.o
 .text.LSM303AGR_X_Check_WhoAmI
                0x0000000008009dc0       0x2c Drivers/BSP/Components/LSM303AGR_ACC_driver_HL.o
 .text.LSM303AGR_X_Set_Axes_Status
                0x0000000008009dec       0x48 Drivers/BSP/Components/LSM303AGR_ACC_driver_HL.o
 .text.LSM303AGR_X_Init
                0x0000000008009e34       0x78 Drivers/BSP/Components/LSM303AGR_ACC_driver_HL.o
 .text.LSM303AGR_X_Set_ODR_Value
                0x0000000008009eac       0x94 Drivers/BSP/Components/LSM303AGR_ACC_driver_HL.o
 .text.LSM303AGR_X_Set_ODR
                0x0000000008009f40       0x84 Drivers/BSP/Components/LSM303AGR_ACC_driver_HL.o
 .text.LSM303AGR_X_Sensor_Disable
                0x0000000008009fc4       0x30 Drivers/BSP/Components/LSM303AGR_ACC_driver_HL.o
 .text.LSM303AGR_X_DeInit
                0x0000000008009ff4       0x30 Drivers/BSP/Components/LSM303AGR_ACC_driver_HL.o
 .text.LSM303AGR_MAG_WriteReg
                0x000000000800a024       0x10 Drivers/BSP/Components/LSM303AGR_MAG_driver.o
                0x000000000800a024                LSM303AGR_MAG_WriteReg
 .text.LSM303AGR_MAG_ReadReg
                0x000000000800a034       0x10 Drivers/BSP/Components/LSM303AGR_MAG_driver.o
                0x000000000800a034                LSM303AGR_MAG_ReadReg
 .text.LSM303AGR_MAG_R_WHO_AM_I
                0x000000000800a044       0x14 Drivers/BSP/Components/LSM303AGR_MAG_driver.o
                0x000000000800a044                LSM303AGR_MAG_R_WHO_AM_I
 .text.LSM303AGR_MAG_W_BDU
                0x000000000800a058       0x44 Drivers/BSP/Components/LSM303AGR_MAG_driver.o
                0x000000000800a058                LSM303AGR_MAG_W_BDU
 .text.LSM303AGR_MAG_W_MD
                0x000000000800a09c       0x44 Drivers/BSP/Components/LSM303AGR_MAG_driver.o
                0x000000000800a09c                LSM303AGR_MAG_W_MD
 .text.LSM303AGR_MAG_Get_Raw_Magnetic
                0x000000000800a0e0       0x14 Drivers/BSP/Components/LSM303AGR_MAG_driver.o
                0x000000000800a0e0                LSM303AGR_MAG_Get_Raw_Magnetic
 .text.LSM303AGR_MAG_W_ODR
                0x000000000800a0f4       0x44 Drivers/BSP/Components/LSM303AGR_MAG_driver.o
                0x000000000800a0f4                LSM303AGR_MAG_W_ODR
 .text.LSM303AGR_MAG_R_ODR
                0x000000000800a138       0x20 Drivers/BSP/Components/LSM303AGR_MAG_driver.o
                0x000000000800a138                LSM303AGR_MAG_R_ODR
 .text.LSM303AGR_MAG_W_ST
                0x000000000800a158       0x44 Drivers/BSP/Components/LSM303AGR_MAG_driver.o
                0x000000000800a158                LSM303AGR_MAG_W_ST
 .text.LSM303AGR_MAG_W_I2C_DIS
                0x000000000800a19c       0x44 Drivers/BSP/Components/LSM303AGR_MAG_driver.o
                0x000000000800a19c                LSM303AGR_MAG_W_I2C_DIS
 .text.LSM303AGR_MAG_R_ZYXDA
                0x000000000800a1e0       0x20 Drivers/BSP/Components/LSM303AGR_MAG_driver.o
                0x000000000800a1e0                LSM303AGR_MAG_R_ZYXDA
 .text.LSM303AGR_M_Get_Sensitivity
                0x000000000800a200        0xc Drivers/BSP/Components/LSM303AGR_MAG_driver_HL.o
 .text.LSM303AGR_M_Get_FS
                0x000000000800a20c        0xc Drivers/BSP/Components/LSM303AGR_MAG_driver_HL.o
 .text.LSM303AGR_M_Set_FS
                0x000000000800a218        0x4 Drivers/BSP/Components/LSM303AGR_MAG_driver_HL.o
 .text.LSM303AGR_M_Set_FS_Value
                0x000000000800a21c        0x4 Drivers/BSP/Components/LSM303AGR_MAG_driver_HL.o
 .text.LSM303AGR_M_Get_DRDY_Status
                0x000000000800a220       0x30 Drivers/BSP/Components/LSM303AGR_MAG_driver_HL.o
 .text.LSM303AGR_M_Write_Reg
                0x000000000800a250       0x1c Drivers/BSP/Components/LSM303AGR_MAG_driver_HL.o
 .text.LSM303AGR_M_Read_Reg
                0x000000000800a26c       0x10 Drivers/BSP/Components/LSM303AGR_MAG_driver_HL.o
 .text.LSM303AGR_M_Set_ODR_Value
                0x000000000800a27c       0x5c Drivers/BSP/Components/LSM303AGR_MAG_driver_HL.o
 .text.LSM303AGR_M_Set_ODR
                0x000000000800a2d8       0x30 Drivers/BSP/Components/LSM303AGR_MAG_driver_HL.o
 .text.LSM303AGR_M_Get_ODR
                0x000000000800a308       0x78 Drivers/BSP/Components/LSM303AGR_MAG_driver_HL.o
 .text.LSM303AGR_M_Get_Axes_Raw
                0x000000000800a380       0x34 Drivers/BSP/Components/LSM303AGR_MAG_driver_HL.o
 .text.LSM303AGR_M_Get_AxesRaw
                0x000000000800a3b4       0x28 Drivers/BSP/Components/LSM303AGR_MAG_driver_HL.o
 .text.LSM303AGR_M_Get_Axes
                0x000000000800a3dc       0x64 Drivers/BSP/Components/LSM303AGR_MAG_driver_HL.o
 .text.LSM303AGR_M_Get_WhoAmI
                0x000000000800a440       0x10 Drivers/BSP/Components/LSM303AGR_MAG_driver_HL.o
 .text.LSM303AGR_M_Check_WhoAmI
                0x000000000800a450       0x2c Drivers/BSP/Components/LSM303AGR_MAG_driver_HL.o
 .text.LSM303AGR_M_Init
                0x000000000800a47c       0x50 Drivers/BSP/Components/LSM303AGR_MAG_driver_HL.o
 .text.LSM303AGR_M_DeInit
                0x000000000800a4cc       0x3c Drivers/BSP/Components/LSM303AGR_MAG_driver_HL.o
 .text.LSM303AGR_M_Sensor_Enable
                0x000000000800a508       0x24 Drivers/BSP/Components/LSM303AGR_MAG_driver_HL.o
 .text.LSM303AGR_M_Sensor_Disable
                0x000000000800a52c       0x20 Drivers/BSP/Components/LSM303AGR_MAG_driver_HL.o
 .text.LSM6DSM_ACC_GYRO_ReadReg
                0x000000000800a54c       0x10 Drivers/BSP/Components/LSM6DSM_ACC_GYRO_driver.o
                0x000000000800a54c                LSM6DSM_ACC_GYRO_ReadReg
 .text.LSM6DSM_ACC_GYRO_WriteReg
                0x000000000800a55c       0x10 Drivers/BSP/Components/LSM6DSM_ACC_GYRO_driver.o
                0x000000000800a55c                LSM6DSM_ACC_GYRO_WriteReg
 .text.LSM6DSM_ACC_GYRO_R_WHO_AM_I
                0x000000000800a56c       0x14 Drivers/BSP/Components/LSM6DSM_ACC_GYRO_driver.o
                0x000000000800a56c                LSM6DSM_ACC_GYRO_R_WHO_AM_I
 .text.LSM6DSM_ACC_GYRO_W_BDU
                0x000000000800a580       0x44 Drivers/BSP/Components/LSM6DSM_ACC_GYRO_driver.o
                0x000000000800a580                LSM6DSM_ACC_GYRO_W_BDU
 .text.LSM6DSM_ACC_GYRO_W_FS_XL
                0x000000000800a5c4       0x44 Drivers/BSP/Components/LSM6DSM_ACC_GYRO_driver.o
                0x000000000800a5c4                LSM6DSM_ACC_GYRO_W_FS_XL
 .text.LSM6DSM_ACC_GYRO_R_FS_XL
                0x000000000800a608       0x20 Drivers/BSP/Components/LSM6DSM_ACC_GYRO_driver.o
                0x000000000800a608                LSM6DSM_ACC_GYRO_R_FS_XL
 .text.LSM6DSM_ACC_GYRO_GetRawAccData
                0x000000000800a628       0x38 Drivers/BSP/Components/LSM6DSM_ACC_GYRO_driver.o
                0x000000000800a628                LSM6DSM_ACC_GYRO_GetRawAccData
 .text.LSM6DSM_ACC_GYRO_W_ODR_XL
                0x000000000800a660       0x44 Drivers/BSP/Components/LSM6DSM_ACC_GYRO_driver.o
                0x000000000800a660                LSM6DSM_ACC_GYRO_W_ODR_XL
 .text.LSM6DSM_ACC_GYRO_R_ODR_XL
                0x000000000800a6a4       0x20 Drivers/BSP/Components/LSM6DSM_ACC_GYRO_driver.o
                0x000000000800a6a4                LSM6DSM_ACC_GYRO_R_ODR_XL
 .text.LSM6DSM_ACC_GYRO_W_FS_G
                0x000000000800a6c4       0x44 Drivers/BSP/Components/LSM6DSM_ACC_GYRO_driver.o
                0x000000000800a6c4                LSM6DSM_ACC_GYRO_W_FS_G
 .text.LSM6DSM_ACC_GYRO_R_FS_G
                0x000000000800a708       0x20 Drivers/BSP/Components/LSM6DSM_ACC_GYRO_driver.o
                0x000000000800a708                LSM6DSM_ACC_GYRO_R_FS_G
 .text.LSM6DSM_ACC_GYRO_GetRawGyroData
                0x000000000800a728       0x38 Drivers/BSP/Components/LSM6DSM_ACC_GYRO_driver.o
                0x000000000800a728                LSM6DSM_ACC_GYRO_GetRawGyroData
 .text.LSM6DSM_ACC_GYRO_W_ODR_G
                0x000000000800a760       0x44 Drivers/BSP/Components/LSM6DSM_ACC_GYRO_driver.o
                0x000000000800a760                LSM6DSM_ACC_GYRO_W_ODR_G
 .text.LSM6DSM_ACC_GYRO_R_ODR_G
                0x000000000800a7a4       0x20 Drivers/BSP/Components/LSM6DSM_ACC_GYRO_driver.o
                0x000000000800a7a4                LSM6DSM_ACC_GYRO_R_ODR_G
 .text.LSM6DSM_ACC_GYRO_W_FS_125
                0x000000000800a7c4       0x44 Drivers/BSP/Components/LSM6DSM_ACC_GYRO_driver.o
                0x000000000800a7c4                LSM6DSM_ACC_GYRO_W_FS_125
 .text.LSM6DSM_ACC_GYRO_R_FS_125
                0x000000000800a808       0x20 Drivers/BSP/Components/LSM6DSM_ACC_GYRO_driver.o
                0x000000000800a808                LSM6DSM_ACC_GYRO_R_FS_125
 .text.LSM6DSM_ACC_GYRO_W_EmbeddedAccess
                0x000000000800a828       0x44 Drivers/BSP/Components/LSM6DSM_ACC_GYRO_driver.o
                0x000000000800a828                LSM6DSM_ACC_GYRO_W_EmbeddedAccess
 .text.LSM6DSM_ACC_GYRO_W_FIFO_Watermark
                0x000000000800a86c       0x6c Drivers/BSP/Components/LSM6DSM_ACC_GYRO_driver.o
                0x000000000800a86c                LSM6DSM_ACC_GYRO_W_FIFO_Watermark
 .text.LSM6DSM_ACC_GYRO_W_DEC_FIFO_XL
                0x000000000800a8d8       0x44 Drivers/BSP/Components/LSM6DSM_ACC_GYRO_driver.o
                0x000000000800a8d8                LSM6DSM_ACC_GYRO_W_DEC_FIFO_XL
 .text.LSM6DSM_ACC_GYRO_W_DEC_FIFO_G
                0x000000000800a91c       0x44 Drivers/BSP/Components/LSM6DSM_ACC_GYRO_driver.o
                0x000000000800a91c                LSM6DSM_ACC_GYRO_W_DEC_FIFO_G
 .text.LSM6DSM_ACC_GYRO_W_STOP_ON_FTH
                0x000000000800a960       0x44 Drivers/BSP/Components/LSM6DSM_ACC_GYRO_driver.o
                0x000000000800a960                LSM6DSM_ACC_GYRO_W_STOP_ON_FTH
 .text.LSM6DSM_ACC_GYRO_W_FIFO_MODE
                0x000000000800a9a4       0x44 Drivers/BSP/Components/LSM6DSM_ACC_GYRO_driver.o
                0x000000000800a9a4                LSM6DSM_ACC_GYRO_W_FIFO_MODE
 .text.LSM6DSM_ACC_GYRO_W_ODR_FIFO
                0x000000000800a9e8       0x44 Drivers/BSP/Components/LSM6DSM_ACC_GYRO_driver.o
                0x000000000800a9e8                LSM6DSM_ACC_GYRO_W_ODR_FIFO
 .text.LSM6DSM_ACC_GYRO_W_FULL_FLAG_on_INT1
                0x000000000800aa2c       0x44 Drivers/BSP/Components/LSM6DSM_ACC_GYRO_driver.o
                0x000000000800aa2c                LSM6DSM_ACC_GYRO_W_FULL_FLAG_on_INT1
 .text.LSM6DSM_ACC_GYRO_W_STEP_DET_on_INT1
                0x000000000800aa70       0x44 Drivers/BSP/Components/LSM6DSM_ACC_GYRO_driver.o
                0x000000000800aa70                LSM6DSM_ACC_GYRO_W_STEP_DET_on_INT1
 .text.LSM6DSM_ACC_GYRO_W_STEP_DELTA_on_INT2
                0x000000000800aab4       0x44 Drivers/BSP/Components/LSM6DSM_ACC_GYRO_driver.o
                0x000000000800aab4                LSM6DSM_ACC_GYRO_W_STEP_DELTA_on_INT2
 .text.LSM6DSM_ACC_GYRO_W_IF_Addr_Incr
                0x000000000800aaf8       0x44 Drivers/BSP/Components/LSM6DSM_ACC_GYRO_driver.o
                0x000000000800aaf8                LSM6DSM_ACC_GYRO_W_IF_Addr_Incr
 .text.LSM6DSM_ACC_GYRO_W_I2C_DISABLE
                0x000000000800ab3c       0x44 Drivers/BSP/Components/LSM6DSM_ACC_GYRO_driver.o
                0x000000000800ab3c                LSM6DSM_ACC_GYRO_W_I2C_DISABLE
 .text.LSM6DSM_ACC_GYRO_W_SelfTest_XL
                0x000000000800ab80       0x44 Drivers/BSP/Components/LSM6DSM_ACC_GYRO_driver.o
                0x000000000800ab80                LSM6DSM_ACC_GYRO_W_SelfTest_XL
 .text.LSM6DSM_ACC_GYRO_W_SelfTest_G
                0x000000000800abc4       0x44 Drivers/BSP/Components/LSM6DSM_ACC_GYRO_driver.o
                0x000000000800abc4                LSM6DSM_ACC_GYRO_W_SelfTest_G
 .text.LSM6DSM_ACC_GYRO_W_PedoStepReset
                0x000000000800ac08       0x44 Drivers/BSP/Components/LSM6DSM_ACC_GYRO_driver.o
                0x000000000800ac08                LSM6DSM_ACC_GYRO_W_PedoStepReset
 .text.LSM6DSM_ACC_GYRO_W_TILT
                0x000000000800ac4c       0x44 Drivers/BSP/Components/LSM6DSM_ACC_GYRO_driver.o
                0x000000000800ac4c                LSM6DSM_ACC_GYRO_W_TILT
 .text.LSM6DSM_ACC_GYRO_W_PEDO
                0x000000000800ac90       0x44 Drivers/BSP/Components/LSM6DSM_ACC_GYRO_driver.o
                0x000000000800ac90                LSM6DSM_ACC_GYRO_W_PEDO
 .text.LSM6DSM_ACC_GYRO_W_FUNC_EN
                0x000000000800acd4       0x44 Drivers/BSP/Components/LSM6DSM_ACC_GYRO_driver.o
                0x000000000800acd4                LSM6DSM_ACC_GYRO_W_FUNC_EN
 .text.LSM6DSM_ACC_GYRO_R_WU_EV_STATUS
                0x000000000800ad18       0x20 Drivers/BSP/Components/LSM6DSM_ACC_GYRO_driver.o
                0x000000000800ad18                LSM6DSM_ACC_GYRO_R_WU_EV_STATUS
 .text.LSM6DSM_ACC_GYRO_R_FF_EV_STATUS
                0x000000000800ad38       0x20 Drivers/BSP/Components/LSM6DSM_ACC_GYRO_driver.o
                0x000000000800ad38                LSM6DSM_ACC_GYRO_R_FF_EV_STATUS
 .text.LSM6DSM_ACC_GYRO_R_DOUBLE_TAP_EV_STATUS
                0x000000000800ad58       0x20 Drivers/BSP/Components/LSM6DSM_ACC_GYRO_driver.o
                0x000000000800ad58                LSM6DSM_ACC_GYRO_R_DOUBLE_TAP_EV_STATUS
 .text.LSM6DSM_ACC_GYRO_R_SINGLE_TAP_EV_STATUS
                0x000000000800ad78       0x20 Drivers/BSP/Components/LSM6DSM_ACC_GYRO_driver.o
                0x000000000800ad78                LSM6DSM_ACC_GYRO_R_SINGLE_TAP_EV_STATUS
 .text.LSM6DSM_ACC_GYRO_R_DSD_XL
                0x000000000800ad98       0x20 Drivers/BSP/Components/LSM6DSM_ACC_GYRO_driver.o
                0x000000000800ad98                LSM6DSM_ACC_GYRO_R_DSD_XL
 .text.LSM6DSM_ACC_GYRO_R_DSD_XH
                0x000000000800adb8       0x20 Drivers/BSP/Components/LSM6DSM_ACC_GYRO_driver.o
                0x000000000800adb8                LSM6DSM_ACC_GYRO_R_DSD_XH
 .text.LSM6DSM_ACC_GYRO_R_DSD_YL
                0x000000000800add8       0x20 Drivers/BSP/Components/LSM6DSM_ACC_GYRO_driver.o
                0x000000000800add8                LSM6DSM_ACC_GYRO_R_DSD_YL
 .text.LSM6DSM_ACC_GYRO_R_DSD_YH
                0x000000000800adf8       0x20 Drivers/BSP/Components/LSM6DSM_ACC_GYRO_driver.o
                0x000000000800adf8                LSM6DSM_ACC_GYRO_R_DSD_YH
 .text.LSM6DSM_ACC_GYRO_R_DSD_ZL
                0x000000000800ae18       0x20 Drivers/BSP/Components/LSM6DSM_ACC_GYRO_driver.o
                0x000000000800ae18                LSM6DSM_ACC_GYRO_R_DSD_ZL
 .text.LSM6DSM_ACC_GYRO_R_DSD_ZH
                0x000000000800ae38       0x20 Drivers/BSP/Components/LSM6DSM_ACC_GYRO_driver.o
                0x000000000800ae38                LSM6DSM_ACC_GYRO_R_DSD_ZH
 .text.LSM6DSM_ACC_GYRO_R_D6D_EV_STATUS
                0x000000000800ae58       0x20 Drivers/BSP/Components/LSM6DSM_ACC_GYRO_driver.o
                0x000000000800ae58                LSM6DSM_ACC_GYRO_R_D6D_EV_STATUS
 .text.LSM6DSM_ACC_GYRO_R_XLDA
                0x000000000800ae78       0x20 Drivers/BSP/Components/LSM6DSM_ACC_GYRO_driver.o
                0x000000000800ae78                LSM6DSM_ACC_GYRO_R_XLDA
 .text.LSM6DSM_ACC_GYRO_R_GDA
                0x000000000800ae98       0x20 Drivers/BSP/Components/LSM6DSM_ACC_GYRO_driver.o
                0x000000000800ae98                LSM6DSM_ACC_GYRO_R_GDA
 .text.LSM6DSM_ACC_GYRO_R_FIFONumOfEntries
                0x000000000800aeb8       0x48 Drivers/BSP/Components/LSM6DSM_ACC_GYRO_driver.o
                0x000000000800aeb8                LSM6DSM_ACC_GYRO_R_FIFONumOfEntries
 .text.LSM6DSM_ACC_GYRO_R_FIFOEmpty
                0x000000000800af00       0x20 Drivers/BSP/Components/LSM6DSM_ACC_GYRO_driver.o
                0x000000000800af00                LSM6DSM_ACC_GYRO_R_FIFOEmpty
 .text.LSM6DSM_ACC_GYRO_R_FIFOFull
                0x000000000800af20       0x20 Drivers/BSP/Components/LSM6DSM_ACC_GYRO_driver.o
                0x000000000800af20                LSM6DSM_ACC_GYRO_R_FIFOFull
 .text.LSM6DSM_ACC_GYRO_R_OVERRUN
                0x000000000800af40       0x20 Drivers/BSP/Components/LSM6DSM_ACC_GYRO_driver.o
                0x000000000800af40                LSM6DSM_ACC_GYRO_R_OVERRUN
 .text.LSM6DSM_ACC_GYRO_R_FIFOPattern
                0x000000000800af60       0x48 Drivers/BSP/Components/LSM6DSM_ACC_GYRO_driver.o
                0x000000000800af60                LSM6DSM_ACC_GYRO_R_FIFOPattern
 .text.LSM6DSM_ACC_GYRO_R_PEDO_EV_STATUS
                0x000000000800afa8       0x20 Drivers/BSP/Components/LSM6DSM_ACC_GYRO_driver.o
                0x000000000800afa8                LSM6DSM_ACC_GYRO_R_PEDO_EV_STATUS
 .text.LSM6DSM_ACC_GYRO_R_TILT_EV_STATUS
                0x000000000800afc8       0x20 Drivers/BSP/Components/LSM6DSM_ACC_GYRO_driver.o
                0x000000000800afc8                LSM6DSM_ACC_GYRO_R_TILT_EV_STATUS
 .text.LSM6DSM_ACC_GYRO_W_LIR
                0x000000000800afe8       0x44 Drivers/BSP/Components/LSM6DSM_ACC_GYRO_driver.o
                0x000000000800afe8                LSM6DSM_ACC_GYRO_W_LIR
 .text.LSM6DSM_ACC_GYRO_W_TAP_Z_EN
                0x000000000800b02c       0x44 Drivers/BSP/Components/LSM6DSM_ACC_GYRO_driver.o
                0x000000000800b02c                LSM6DSM_ACC_GYRO_W_TAP_Z_EN
 .text.LSM6DSM_ACC_GYRO_W_TAP_Y_EN
                0x000000000800b070       0x44 Drivers/BSP/Components/LSM6DSM_ACC_GYRO_driver.o
                0x000000000800b070                LSM6DSM_ACC_GYRO_W_TAP_Y_EN
 .text.LSM6DSM_ACC_GYRO_W_TAP_X_EN
                0x000000000800b0b4       0x44 Drivers/BSP/Components/LSM6DSM_ACC_GYRO_driver.o
                0x000000000800b0b4                LSM6DSM_ACC_GYRO_W_TAP_X_EN
 .text.LSM6DSM_ACC_GYRO_W_BASIC_INT
                0x000000000800b0f8       0x44 Drivers/BSP/Components/LSM6DSM_ACC_GYRO_driver.o
                0x000000000800b0f8                LSM6DSM_ACC_GYRO_W_BASIC_INT
 .text.LSM6DSM_ACC_GYRO_W_TAP_THS
                0x000000000800b13c       0x48 Drivers/BSP/Components/LSM6DSM_ACC_GYRO_driver.o
                0x000000000800b13c                LSM6DSM_ACC_GYRO_W_TAP_THS
 .text.LSM6DSM_ACC_GYRO_W_SIXD_THS
                0x000000000800b184       0x44 Drivers/BSP/Components/LSM6DSM_ACC_GYRO_driver.o
                0x000000000800b184                LSM6DSM_ACC_GYRO_W_SIXD_THS
 .text.LSM6DSM_ACC_GYRO_W_SHOCK_Duration
                0x000000000800b1c8       0x48 Drivers/BSP/Components/LSM6DSM_ACC_GYRO_driver.o
                0x000000000800b1c8                LSM6DSM_ACC_GYRO_W_SHOCK_Duration
 .text.LSM6DSM_ACC_GYRO_W_QUIET_Duration
                0x000000000800b210       0x48 Drivers/BSP/Components/LSM6DSM_ACC_GYRO_driver.o
                0x000000000800b210                LSM6DSM_ACC_GYRO_W_QUIET_Duration
 .text.LSM6DSM_ACC_GYRO_W_DUR
                0x000000000800b258       0x44 Drivers/BSP/Components/LSM6DSM_ACC_GYRO_driver.o
                0x000000000800b258                LSM6DSM_ACC_GYRO_W_DUR
 .text.LSM6DSM_ACC_GYRO_W_WK_THS
                0x000000000800b29c       0x48 Drivers/BSP/Components/LSM6DSM_ACC_GYRO_driver.o
                0x000000000800b29c                LSM6DSM_ACC_GYRO_W_WK_THS
 .text.LSM6DSM_ACC_GYRO_W_SINGLE_DOUBLE_TAP_EV
                0x000000000800b2e4       0x44 Drivers/BSP/Components/LSM6DSM_ACC_GYRO_driver.o
                0x000000000800b2e4                LSM6DSM_ACC_GYRO_W_SINGLE_DOUBLE_TAP_EV
 .text.LSM6DSM_ACC_GYRO_W_SLEEP_DUR
                0x000000000800b328       0x48 Drivers/BSP/Components/LSM6DSM_ACC_GYRO_driver.o
                0x000000000800b328                LSM6DSM_ACC_GYRO_W_SLEEP_DUR
 .text.LSM6DSM_ACC_GYRO_W_TIMER_HR
                0x000000000800b370       0x44 Drivers/BSP/Components/LSM6DSM_ACC_GYRO_driver.o
                0x000000000800b370                LSM6DSM_ACC_GYRO_W_TIMER_HR
 .text.LSM6DSM_ACC_GYRO_W_WAKE_DUR
                0x000000000800b3b4       0x48 Drivers/BSP/Components/LSM6DSM_ACC_GYRO_driver.o
                0x000000000800b3b4                LSM6DSM_ACC_GYRO_W_WAKE_DUR
 .text.LSM6DSM_ACC_GYRO_W_FF_THS
                0x000000000800b3fc       0x44 Drivers/BSP/Components/LSM6DSM_ACC_GYRO_driver.o
                0x000000000800b3fc                LSM6DSM_ACC_GYRO_W_FF_THS
 .text.LSM6DSM_ACC_GYRO_W_FF_Duration
                0x000000000800b440       0x78 Drivers/BSP/Components/LSM6DSM_ACC_GYRO_driver.o
                0x000000000800b440                LSM6DSM_ACC_GYRO_W_FF_Duration
 .text.LSM6DSM_ACC_GYRO_W_TiltEvOnInt1
                0x000000000800b4b8       0x44 Drivers/BSP/Components/LSM6DSM_ACC_GYRO_driver.o
                0x000000000800b4b8                LSM6DSM_ACC_GYRO_W_TiltEvOnInt1
 .text.LSM6DSM_ACC_GYRO_W_6DEvOnInt1
                0x000000000800b4fc       0x44 Drivers/BSP/Components/LSM6DSM_ACC_GYRO_driver.o
                0x000000000800b4fc                LSM6DSM_ACC_GYRO_W_6DEvOnInt1
 .text.LSM6DSM_ACC_GYRO_W_TapEvOnInt1
                0x000000000800b540       0x44 Drivers/BSP/Components/LSM6DSM_ACC_GYRO_driver.o
                0x000000000800b540                LSM6DSM_ACC_GYRO_W_TapEvOnInt1
 .text.LSM6DSM_ACC_GYRO_W_FFEvOnInt1
                0x000000000800b584       0x44 Drivers/BSP/Components/LSM6DSM_ACC_GYRO_driver.o
                0x000000000800b584                LSM6DSM_ACC_GYRO_W_FFEvOnInt1
 .text.LSM6DSM_ACC_GYRO_W_WUEvOnInt1
                0x000000000800b5c8       0x44 Drivers/BSP/Components/LSM6DSM_ACC_GYRO_driver.o
                0x000000000800b5c8                LSM6DSM_ACC_GYRO_W_WUEvOnInt1
 .text.LSM6DSM_ACC_GYRO_W_SingleTapOnInt1
                0x000000000800b60c       0x44 Drivers/BSP/Components/LSM6DSM_ACC_GYRO_driver.o
                0x000000000800b60c                LSM6DSM_ACC_GYRO_W_SingleTapOnInt1
 .text.LSM6DSM_ACC_GYRO_W_TiltEvOnInt2
                0x000000000800b650       0x44 Drivers/BSP/Components/LSM6DSM_ACC_GYRO_driver.o
                0x000000000800b650                LSM6DSM_ACC_GYRO_W_TiltEvOnInt2
 .text.LSM6DSM_ACC_GYRO_W_6DEvOnInt2
                0x000000000800b694       0x44 Drivers/BSP/Components/LSM6DSM_ACC_GYRO_driver.o
                0x000000000800b694                LSM6DSM_ACC_GYRO_W_6DEvOnInt2
 .text.LSM6DSM_ACC_GYRO_W_TapEvOnInt2
                0x000000000800b6d8       0x44 Drivers/BSP/Components/LSM6DSM_ACC_GYRO_driver.o
                0x000000000800b6d8                LSM6DSM_ACC_GYRO_W_TapEvOnInt2
 .text.LSM6DSM_ACC_GYRO_W_FFEvOnInt2
                0x000000000800b71c       0x44 Drivers/BSP/Components/LSM6DSM_ACC_GYRO_driver.o
                0x000000000800b71c                LSM6DSM_ACC_GYRO_W_FFEvOnInt2
 .text.LSM6DSM_ACC_GYRO_W_WUEvOnInt2
                0x000000000800b760       0x44 Drivers/BSP/Components/LSM6DSM_ACC_GYRO_driver.o
                0x000000000800b760                LSM6DSM_ACC_GYRO_W_WUEvOnInt2
 .text.LSM6DSM_ACC_GYRO_W_SingleTapOnInt2
                0x000000000800b7a4       0x44 Drivers/BSP/Components/LSM6DSM_ACC_GYRO_driver.o
                0x000000000800b7a4                LSM6DSM_ACC_GYRO_W_SingleTapOnInt2
 .text.LSM6DSM_ACC_GYRO_Get_GetFIFOData
                0x000000000800b7e8       0x2c Drivers/BSP/Components/LSM6DSM_ACC_GYRO_driver.o
                0x000000000800b7e8                LSM6DSM_ACC_GYRO_Get_GetFIFOData
 .text.LSM6DSM_ACC_GYRO_Get_GetStepCounter
                0x000000000800b814       0x2c Drivers/BSP/Components/LSM6DSM_ACC_GYRO_driver.o
                0x000000000800b814                LSM6DSM_ACC_GYRO_Get_GetStepCounter
 .text.LSM6DSM_ACC_GYRO_W_PedoThreshold
                0x000000000800b840       0x4c Drivers/BSP/Components/LSM6DSM_ACC_GYRO_driver.o
                0x000000000800b840                LSM6DSM_ACC_GYRO_W_PedoThreshold
 .text.LSM6DSM_FIFO_Set_Watermark_Level
                0x000000000800b88c       0x10 Drivers/BSP/Components/LSM6DSM_ACC_GYRO_driver_HL.o
 .text.LSM6DSM_X_Get_Sensitivity
                0x000000000800b89c       0x78 Drivers/BSP/Components/LSM6DSM_ACC_GYRO_driver_HL.o
 .text.LSM6DSM_X_Get_FS
                0x000000000800b914       0x70 Drivers/BSP/Components/LSM6DSM_ACC_GYRO_driver_HL.o
 .text.LSM6DSM_FIFO_Get_Num_Of_Samples
                0x000000000800b984       0x10 Drivers/BSP/Components/LSM6DSM_ACC_GYRO_driver_HL.o
 .text.LSM6DSM_FIFO_Get_Data
                0x000000000800b994       0x10 Drivers/BSP/Components/LSM6DSM_ACC_GYRO_driver_HL.o
 .text.LSM6DSM_FIFO_X_Get_Axis
                0x000000000800b9a4       0x54 Drivers/BSP/Components/LSM6DSM_ACC_GYRO_driver_HL.o
 .text.LSM6DSM_FIFO_Get_Pattern
                0x000000000800b9f8       0x10 Drivers/BSP/Components/LSM6DSM_ACC_GYRO_driver_HL.o
 .text.LSM6DSM_FIFO_Get_Overrun_Status
                0x000000000800ba08       0x30 Drivers/BSP/Components/LSM6DSM_ACC_GYRO_driver_HL.o
 .text.LSM6DSM_FIFO_Get_Empty_Status
                0x000000000800ba38       0x30 Drivers/BSP/Components/LSM6DSM_ACC_GYRO_driver_HL.o
 .text.LSM6DSM_FIFO_Get_Full_Status
                0x000000000800ba68       0x30 Drivers/BSP/Components/LSM6DSM_ACC_GYRO_driver_HL.o
 .text.LSM6DSM_FIFO_Set_ODR_Value
                0x000000000800ba98       0xe0 Drivers/BSP/Components/LSM6DSM_ACC_GYRO_driver_HL.o
 .text.LSM6DSM_X_Read_Reg
                0x000000000800bb78       0x10 Drivers/BSP/Components/LSM6DSM_ACC_GYRO_driver_HL.o
 .text.LSM6DSM_G_Read_Reg
                0x000000000800bb88        0x4 Drivers/BSP/Components/LSM6DSM_ACC_GYRO_driver_HL.o
 .text.LSM6DSM_X_Get_Event_Status
                0x000000000800bb8c      0x194 Drivers/BSP/Components/LSM6DSM_ACC_GYRO_driver_HL.o
 .text.LSM6DSM_X_Get_6D_Orientation_ZH
                0x000000000800bd20       0x30 Drivers/BSP/Components/LSM6DSM_ACC_GYRO_driver_HL.o
 .text.LSM6DSM_X_Get_6D_Orientation_ZL
                0x000000000800bd50       0x30 Drivers/BSP/Components/LSM6DSM_ACC_GYRO_driver_HL.o
 .text.LSM6DSM_X_Get_6D_Orientation_YH
                0x000000000800bd80       0x30 Drivers/BSP/Components/LSM6DSM_ACC_GYRO_driver_HL.o
 .text.LSM6DSM_X_Get_6D_Orientation_YL
                0x000000000800bdb0       0x30 Drivers/BSP/Components/LSM6DSM_ACC_GYRO_driver_HL.o
 .text.LSM6DSM_X_Get_6D_Orientation_XH
                0x000000000800bde0       0x30 Drivers/BSP/Components/LSM6DSM_ACC_GYRO_driver_HL.o
 .text.LSM6DSM_X_Get_6D_Orientation_XL
                0x000000000800be10       0x30 Drivers/BSP/Components/LSM6DSM_ACC_GYRO_driver_HL.o
 .text.LSM6DSM_X_Get_6D_Orientation_Status
                0x000000000800be40       0x30 Drivers/BSP/Components/LSM6DSM_ACC_GYRO_driver_HL.o
 .text.LSM6DSM_X_Set_FS_Value
                0x000000000800be70       0x58 Drivers/BSP/Components/LSM6DSM_ACC_GYRO_driver_HL.o
 .text.LSM6DSM_X_Set_FS
                0x000000000800bec8       0x30 Drivers/BSP/Components/LSM6DSM_ACC_GYRO_driver_HL.o
 .text.LSM6DSM_X_Set_ODR_Value_When_Enabled
                0x000000000800bef8       0xe0 Drivers/BSP/Components/LSM6DSM_ACC_GYRO_driver_HL.o
 .text.LSM6DSM_X_Sensor_Enable
                0x000000000800bfd8       0x28 Drivers/BSP/Components/LSM6DSM_ACC_GYRO_driver_HL.o
 .text.LSM6DSM_X_Set_Tap_Duration_Time
                0x000000000800c000       0x10 Drivers/BSP/Components/LSM6DSM_ACC_GYRO_driver_HL.o
 .text.LSM6DSM_X_Set_Tap_Quiet_Time
                0x000000000800c010       0x10 Drivers/BSP/Components/LSM6DSM_ACC_GYRO_driver_HL.o
 .text.LSM6DSM_X_Set_Tap_Shock_Time
                0x000000000800c020       0x10 Drivers/BSP/Components/LSM6DSM_ACC_GYRO_driver_HL.o
 .text.LSM6DSM_X_Set_Tap_Threshold
                0x000000000800c030       0x10 Drivers/BSP/Components/LSM6DSM_ACC_GYRO_driver_HL.o
 .text.LSM6DSM_X_Get_Double_Tap_Detection_Status
                0x000000000800c040       0x30 Drivers/BSP/Components/LSM6DSM_ACC_GYRO_driver_HL.o
 .text.LSM6DSM_X_Get_Single_Tap_Detection_Status
                0x000000000800c070       0x30 Drivers/BSP/Components/LSM6DSM_ACC_GYRO_driver_HL.o
 .text.LSM6DSM_X_Set_Wake_Up_Threshold
                0x000000000800c0a0       0x10 Drivers/BSP/Components/LSM6DSM_ACC_GYRO_driver_HL.o
 .text.LSM6DSM_X_Get_Wake_Up_Detection_Status
                0x000000000800c0b0       0x30 Drivers/BSP/Components/LSM6DSM_ACC_GYRO_driver_HL.o
 .text.LSM6DSM_X_Get_Tilt_Detection_Status
                0x000000000800c0e0       0x30 Drivers/BSP/Components/LSM6DSM_ACC_GYRO_driver_HL.o
 .text.LSM6DSM_X_Set_Pedometer_Threshold
                0x000000000800c110       0x10 Drivers/BSP/Components/LSM6DSM_ACC_GYRO_driver_HL.o
 .text.LSM6DSM_X_Disable_Step_Counter_Reset
                0x000000000800c120       0x10 Drivers/BSP/Components/LSM6DSM_ACC_GYRO_driver_HL.o
 .text.LSM6DSM_X_Enable_Step_Counter_Reset
                0x000000000800c130       0x10 Drivers/BSP/Components/LSM6DSM_ACC_GYRO_driver_HL.o
 .text.LSM6DSM_X_Get_Step_Count
                0x000000000800c140       0x10 Drivers/BSP/Components/LSM6DSM_ACC_GYRO_driver_HL.o
 .text.LSM6DSM_X_Get_Pedometer_Status
                0x000000000800c150       0x30 Drivers/BSP/Components/LSM6DSM_ACC_GYRO_driver_HL.o
 .text.LSM6DSM_X_Set_Free_Fall_Threshold
                0x000000000800c180       0x10 Drivers/BSP/Components/LSM6DSM_ACC_GYRO_driver_HL.o
 .text.LSM6DSM_X_Get_Free_Fall_Detection_Status
                0x000000000800c190       0x30 Drivers/BSP/Components/LSM6DSM_ACC_GYRO_driver_HL.o
 .text.LSM6DSM_G_Get_FS
                0x000000000800c1c0       0x90 Drivers/BSP/Components/LSM6DSM_ACC_GYRO_driver_HL.o
 .text.LSM6DSM_X_Get_DRDY_Status
                0x000000000800c250       0x30 Drivers/BSP/Components/LSM6DSM_ACC_GYRO_driver_HL.o
 .text.LSM6DSM_X_Write_Reg
                0x000000000800c280       0x1c Drivers/BSP/Components/LSM6DSM_ACC_GYRO_driver_HL.o
 .text.LSM6DSM_G_Write_Reg
                0x000000000800c29c        0x4 Drivers/BSP/Components/LSM6DSM_ACC_GYRO_driver_HL.o
 .text.LSM6DSM_X_Get_ODR
                0x000000000800c2a0       0xd4 Drivers/BSP/Components/LSM6DSM_ACC_GYRO_driver_HL.o
 .text.LSM6DSM_X_Get_Axes_Raw
                0x000000000800c374       0x4c Drivers/BSP/Components/LSM6DSM_ACC_GYRO_driver_HL.o
 .text.LSM6DSM_X_Get_AxesRaw
                0x000000000800c3c0       0x28 Drivers/BSP/Components/LSM6DSM_ACC_GYRO_driver_HL.o
 .text.LSM6DSM_X_Get_Axes
                0x000000000800c3e8       0x7c Drivers/BSP/Components/LSM6DSM_ACC_GYRO_driver_HL.o
 .text.LSM6DSM_Check_WhoAmI
                0x000000000800c464       0x2c Drivers/BSP/Components/LSM6DSM_ACC_GYRO_driver_HL.o
 .text.LSM6DSM_X_Check_WhoAmI
                0x000000000800c490        0x4 Drivers/BSP/Components/LSM6DSM_ACC_GYRO_driver_HL.o
 .text.LSM6DSM_X_Get_WhoAmI
                0x000000000800c494       0x10 Drivers/BSP/Components/LSM6DSM_ACC_GYRO_driver_HL.o
 .text.LSM6DSM_G_Get_WhoAmI
                0x000000000800c4a4        0x4 Drivers/BSP/Components/LSM6DSM_ACC_GYRO_driver_HL.o
 .text.LSM6DSM_X_Init
                0x000000000800c4a8       0x64 Drivers/BSP/Components/LSM6DSM_ACC_GYRO_driver_HL.o
 .text.LSM6DSM_G_Get_DRDY_Status
                0x000000000800c50c       0x30 Drivers/BSP/Components/LSM6DSM_ACC_GYRO_driver_HL.o
 .text.LSM6DSM_G_Set_FS
                0x000000000800c53c       0x30 Drivers/BSP/Components/LSM6DSM_ACC_GYRO_driver_HL.o
 .text.LSM6DSM_G_Set_ODR_Value_When_Enabled
                0x000000000800c56c       0xe0 Drivers/BSP/Components/LSM6DSM_ACC_GYRO_driver_HL.o
 .text.LSM6DSM_G_Sensor_Enable
                0x000000000800c64c       0x28 Drivers/BSP/Components/LSM6DSM_ACC_GYRO_driver_HL.o
 .text.LSM6DSM_G_Init
                0x000000000800c674       0x64 Drivers/BSP/Components/LSM6DSM_ACC_GYRO_driver_HL.o
 .text.LSM6DSM_G_Get_ODR
                0x000000000800c6d8       0xd4 Drivers/BSP/Components/LSM6DSM_ACC_GYRO_driver_HL.o
 .text.LSM6DSM_G_Get_Axes_Raw
                0x000000000800c7ac       0x4c Drivers/BSP/Components/LSM6DSM_ACC_GYRO_driver_HL.o
 .text.LSM6DSM_G_Get_AxesRaw
                0x000000000800c7f8       0x28 Drivers/BSP/Components/LSM6DSM_ACC_GYRO_driver_HL.o
 .text.LSM6DSM_X_Set_SelfTest
                0x000000000800c820       0x18 Drivers/BSP/Components/LSM6DSM_ACC_GYRO_driver_HL.o
 .text.LSM6DSM_X_Set_Interrupt_Latch
                0x000000000800c838       0x18 Drivers/BSP/Components/LSM6DSM_ACC_GYRO_driver_HL.o
 .text.LSM6DSM_G_Set_Interrupt_Latch
                0x000000000800c850        0x4 Drivers/BSP/Components/LSM6DSM_ACC_GYRO_driver_HL.o
 .text.LSM6DSM_FIFO_Set_Stop_On_Fth
                0x000000000800c854       0x18 Drivers/BSP/Components/LSM6DSM_ACC_GYRO_driver_HL.o
 .text.LSM6DSM_FIFO_Set_INT1_FIFO_Full
                0x000000000800c86c       0x18 Drivers/BSP/Components/LSM6DSM_ACC_GYRO_driver_HL.o
 .text.LSM6DSM_FIFO_Set_Mode
                0x000000000800c884       0x28 Drivers/BSP/Components/LSM6DSM_ACC_GYRO_driver_HL.o
 .text.LSM6DSM_FIFO_X_Set_Decimation
                0x000000000800c8ac       0x18 Drivers/BSP/Components/LSM6DSM_ACC_GYRO_driver_HL.o
 .text.LSM6DSM_X_Disable_6D_Orientation
                0x000000000800c8c4       0x38 Drivers/BSP/Components/LSM6DSM_ACC_GYRO_driver_HL.o
 .text.LSM6DSM_X_Set_ODR_Value
                0x000000000800c8fc       0xcc Drivers/BSP/Components/LSM6DSM_ACC_GYRO_driver_HL.o
 .text.LSM6DSM_X_Enable_6D_Orientation
                0x000000000800c9c8       0x64 Drivers/BSP/Components/LSM6DSM_ACC_GYRO_driver_HL.o
 .text.LSM6DSM_X_Set_ODR
                0x000000000800ca2c       0x78 Drivers/BSP/Components/LSM6DSM_ACC_GYRO_driver_HL.o
 .text.LSM6DSM_X_Disable_Double_Tap_Detection
                0x000000000800caa4       0x8c Drivers/BSP/Components/LSM6DSM_ACC_GYRO_driver_HL.o
 .text.LSM6DSM_X_Enable_Double_Tap_Detection
                0x000000000800cb30       0xb8 Drivers/BSP/Components/LSM6DSM_ACC_GYRO_driver_HL.o
 .text.LSM6DSM_X_Disable_Single_Tap_Detection
                0x000000000800cbe8       0x74 Drivers/BSP/Components/LSM6DSM_ACC_GYRO_driver_HL.o
 .text.LSM6DSM_X_Enable_Single_Tap_Detection
                0x000000000800cc5c       0xa0 Drivers/BSP/Components/LSM6DSM_ACC_GYRO_driver_HL.o
 .text.LSM6DSM_X_Disable_Wake_Up_Detection
                0x000000000800ccfc       0x44 Drivers/BSP/Components/LSM6DSM_ACC_GYRO_driver_HL.o
 .text.LSM6DSM_X_Enable_Wake_Up_Detection
                0x000000000800cd40       0x70 Drivers/BSP/Components/LSM6DSM_ACC_GYRO_driver_HL.o
 .text.LSM6DSM_X_Disable_Tilt_Detection
                0x000000000800cdb0       0x38 Drivers/BSP/Components/LSM6DSM_ACC_GYRO_driver_HL.o
 .text.LSM6DSM_X_Enable_Tilt_Detection
                0x000000000800cde8       0x60 Drivers/BSP/Components/LSM6DSM_ACC_GYRO_driver_HL.o
 .text.LSM6DSM_X_Disable_Pedometer
                0x000000000800ce48       0x44 Drivers/BSP/Components/LSM6DSM_ACC_GYRO_driver_HL.o
 .text.LSM6DSM_X_Enable_Pedometer
                0x000000000800ce8c       0x6c Drivers/BSP/Components/LSM6DSM_ACC_GYRO_driver_HL.o
 .text.LSM6DSM_X_Disable_Free_Fall_Detection
                0x000000000800cef8       0x44 Drivers/BSP/Components/LSM6DSM_ACC_GYRO_driver_HL.o
 .text.LSM6DSM_X_Enable_Free_Fall_Detection
                0x000000000800cf3c       0x94 Drivers/BSP/Components/LSM6DSM_ACC_GYRO_driver_HL.o
 .text.LSM6DSM_G_Set_SelfTest
                0x000000000800cfd0       0x28 Drivers/BSP/Components/LSM6DSM_ACC_GYRO_driver_HL.o
 .text.LSM6DSM_G_Get_Sensitivity
                0x000000000800cff8       0x90 Drivers/BSP/Components/LSM6DSM_ACC_GYRO_driver_HL.o
 .text.LSM6DSM_FIFO_G_Get_Axis
                0x000000000800d088       0x54 Drivers/BSP/Components/LSM6DSM_ACC_GYRO_driver_HL.o
 .text.LSM6DSM_G_Get_Axes
                0x000000000800d0dc       0x7c Drivers/BSP/Components/LSM6DSM_ACC_GYRO_driver_HL.o
 .text.LSM6DSM_FIFO_G_Set_Decimation
                0x000000000800d158       0x54 Drivers/BSP/Components/LSM6DSM_ACC_GYRO_driver_HL.o
 .text.LSM6DSM_X_Sensor_Disable
                0x000000000800d1ac       0x30 Drivers/BSP/Components/LSM6DSM_ACC_GYRO_driver_HL.o
 .text.LSM6DSM_X_DeInit
                0x000000000800d1dc       0x74 Drivers/BSP/Components/LSM6DSM_ACC_GYRO_driver_HL.o
 .text.LSM6DSM_G_Set_FS_Value
                0x000000000800d250       0x90 Drivers/BSP/Components/LSM6DSM_ACC_GYRO_driver_HL.o
 .text.LSM6DSM_G_Set_ODR_Value
                0x000000000800d2e0       0xcc Drivers/BSP/Components/LSM6DSM_ACC_GYRO_driver_HL.o
 .text.LSM6DSM_G_Set_ODR
                0x000000000800d3ac       0x78 Drivers/BSP/Components/LSM6DSM_ACC_GYRO_driver_HL.o
 .text.LSM6DSM_G_Sensor_Disable
                0x000000000800d424       0x30 Drivers/BSP/Components/LSM6DSM_ACC_GYRO_driver_HL.o
 .text.LSM6DSM_G_DeInit
                0x000000000800d454       0x30 Drivers/BSP/Components/LSM6DSM_ACC_GYRO_driver_HL.o
 .text.LSM6DSM_G_Check_WhoAmI
                0x000000000800d484        0x4 Drivers/BSP/Components/LSM6DSM_ACC_GYRO_driver_HL.o
 .text.STC3115_DeInit
                0x000000000800d488        0x8 Drivers/BSP/Components/STC3115_Driver.o
 .text.STC3115_GetSOC
                0x000000000800d490       0x20 Drivers/BSP/Components/STC3115_Driver.o
 .text.STC3115_GetOCV
                0x000000000800d4b0        0xc Drivers/BSP/Components/STC3115_Driver.o
 .text.STC3115_GetCurrent
                0x000000000800d4bc        0xc Drivers/BSP/Components/STC3115_Driver.o
 .text.STC3115_GetTemperature
                0x000000000800d4c8        0xc Drivers/BSP/Components/STC3115_Driver.o
 .text.STC3115_GetVoltage
                0x000000000800d4d4        0xc Drivers/BSP/Components/STC3115_Driver.o
 .text.STC3115_GetChargeValue
                0x000000000800d4e0        0xc Drivers/BSP/Components/STC3115_Driver.o
 .text.STC3115_GetPresence
                0x000000000800d4ec        0xc Drivers/BSP/Components/STC3115_Driver.o
 .text.STC3115_GetAlarmStatus
                0x000000000800d4f8       0x10 Drivers/BSP/Components/STC3115_Driver.o
 .text.STC3115_GetRemTime
                0x000000000800d508        0xc Drivers/BSP/Components/STC3115_Driver.o
 .text.STC3115_Get_WhoAmI
                0x000000000800d514       0x14 Drivers/BSP/Components/STC3115_Driver.o
 .text.STC3115_Status
                0x000000000800d528       0x44 Drivers/BSP/Components/STC3115_Driver.o
 .text.STC3115_SetParam
                0x000000000800d56c       0xfc Drivers/BSP/Components/STC3115_Driver.o
 .text.STC3115_Restore
                0x000000000800d668       0x4c Drivers/BSP/Components/STC3115_Driver.o
 .text.STC3115_UpdateRamCRC.isra.0
                0x000000000800d6b4       0x34 Drivers/BSP/Components/STC3115_Driver.o
 .text.STC3115_Stop
                0x000000000800d6e8       0x60 Drivers/BSP/Components/STC3115_Driver.o
 .text.STC3115_Reset
                0x000000000800d748       0x40 Drivers/BSP/Components/STC3115_Driver.o
 .text.STC3115_Task
                0x000000000800d788      0x37c Drivers/BSP/Components/STC3115_Driver.o
 .text.STC3115_Init
                0x000000000800db04      0x1f4 Drivers/BSP/Components/STC3115_Driver.o
 .text.I2C_SENSORTILE_Init
                0x000000000800dcf8       0xd0 Drivers/BSP/SensorTile/SensorTile.o
 .text.SD_IO_SPI_MspInit.constprop.4
                0x000000000800ddc8      0x110 Drivers/BSP/SensorTile/SensorTile.o
 .text.SD_IO_SPI_Init
                0x000000000800ded8       0x5c Drivers/BSP/SensorTile/SensorTile.o
 .text.SD_IO_SPI_Write
                0x000000000800df34       0x30 Drivers/BSP/SensorTile/SensorTile.o
 .text.SD_IO_SPI_Read
                0x000000000800df64       0x3c Drivers/BSP/SensorTile/SensorTile.o
 .text.BSP_LED_Init
                0x000000000800dfa0       0x7c Drivers/BSP/SensorTile/SensorTile.o
                0x000000000800dfa0                BSP_LED_Init
 .text.BSP_LED_On
                0x000000000800e01c       0x28 Drivers/BSP/SensorTile/SensorTile.o
                0x000000000800e01c                BSP_LED_On
 .text.BSP_LED_Off
                0x000000000800e044       0x28 Drivers/BSP/SensorTile/SensorTile.o
                0x000000000800e044                BSP_LED_Off
 .text.BSP_LED_Toggle
                0x000000000800e06c       0x1c Drivers/BSP/SensorTile/SensorTile.o
                0x000000000800e06c                BSP_LED_Toggle
 .text.Sensor_IO_I2C_Init
                0x000000000800e088       0x10 Drivers/BSP/SensorTile/SensorTile.o
                0x000000000800e088                Sensor_IO_I2C_Init
 .text.Sensor_IO_SPI_Init
                0x000000000800e098       0xd0 Drivers/BSP/SensorTile/SensorTile.o
                0x000000000800e098                Sensor_IO_SPI_Init
 .text.Sensor_IO_SPI_CS_Init_All
                0x000000000800e168      0x10c Drivers/BSP/SensorTile/SensorTile.o
                0x000000000800e168                Sensor_IO_SPI_CS_Init_All
 .text.Sensor_IO_SPI_CS_Init
                0x000000000800e274       0xec Drivers/BSP/SensorTile/SensorTile.o
                0x000000000800e274                Sensor_IO_SPI_CS_Init
 .text.Sensor_IO_SPI_CS_Enable
                0x000000000800e360       0x54 Drivers/BSP/SensorTile/SensorTile.o
                0x000000000800e360                Sensor_IO_SPI_CS_Enable
 .text.Sensor_IO_SPI_CS_Disable
                0x000000000800e3b4       0x54 Drivers/BSP/SensorTile/SensorTile.o
                0x000000000800e3b4                Sensor_IO_SPI_CS_Disable
 .text.Sensor_IO_SPI_Write
                0x000000000800e408       0x5c Drivers/BSP/SensorTile/SensorTile.o
                0x000000000800e408                Sensor_IO_SPI_Write
 .text.Sensor_IO_Write
                0x000000000800e464       0x74 Drivers/BSP/SensorTile/SensorTile.o
                0x000000000800e464                Sensor_IO_Write
 .text.LSM6DSM_Sensor_IO_ITConfig
                0x000000000800e4d8       0x54 Drivers/BSP/SensorTile/SensorTile.o
                0x000000000800e4d8                LSM6DSM_Sensor_IO_ITConfig
 .text.SPI_Read
                0x000000000800e52c       0x38 Drivers/BSP/SensorTile/SensorTile.o
                0x000000000800e52c                SPI_Read
 .text.SPI_Read_nBytes
                0x000000000800e564       0x5c Drivers/BSP/SensorTile/SensorTile.o
                0x000000000800e564                SPI_Read_nBytes
 .text.Sensor_IO_SPI_Read
                0x000000000800e5c0       0x80 Drivers/BSP/SensorTile/SensorTile.o
                0x000000000800e5c0                Sensor_IO_SPI_Read
 .text.Sensor_IO_Read
                0x000000000800e640       0x74 Drivers/BSP/SensorTile/SensorTile.o
                0x000000000800e640                Sensor_IO_Read
 .text.SD_IO_CS_Init
                0x000000000800e6b4       0x3c Drivers/BSP/SensorTile/SensorTile.o
                0x000000000800e6b4                SD_IO_CS_Init
 .text.SD_IO_Init
                0x000000000800e6f0       0x2c Drivers/BSP/SensorTile/SensorTile.o
                0x000000000800e6f0                SD_IO_Init
 .text.SD_IO_Init_LS
                0x000000000800e71c       0x70 Drivers/BSP/SensorTile/SensorTile.o
                0x000000000800e71c                SD_IO_Init_LS
 .text.SD_IO_CS_DeInit
                0x000000000800e78c       0x24 Drivers/BSP/SensorTile/SensorTile.o
                0x000000000800e78c                SD_IO_CS_DeInit
 .text.SD_IO_WriteByte
                0x000000000800e7b0        0x4 Drivers/BSP/SensorTile/SensorTile.o
                0x000000000800e7b0                SD_IO_WriteByte
 .text.SD_IO_WriteDMA
                0x000000000800e7b4       0x18 Drivers/BSP/SensorTile/SensorTile.o
                0x000000000800e7b4                SD_IO_WriteDMA
 .text.SD_IO_ReadByte
                0x000000000800e7cc        0xc Drivers/BSP/SensorTile/SensorTile.o
                0x000000000800e7cc                SD_IO_ReadByte
 .text.SD_IO_WriteCmd_wResp
                0x000000000800e7d8       0x60 Drivers/BSP/SensorTile/SensorTile.o
                0x000000000800e7d8                SD_IO_WriteCmd_wResp
 .text.SD_IO_WriteCmd
                0x000000000800e838       0x74 Drivers/BSP/SensorTile/SensorTile.o
                0x000000000800e838                SD_IO_WriteCmd
 .text.SD_IO_WaitResponse
                0x000000000800e8ac       0x28 Drivers/BSP/SensorTile/SensorTile.o
                0x000000000800e8ac                SD_IO_WaitResponse
 .text.SD_IO_WriteDummy
                0x000000000800e8d4       0x1c Drivers/BSP/SensorTile/SensorTile.o
                0x000000000800e8d4                SD_IO_WriteDummy
 .text.BSP_LSM303AGR_ACCELERO_Init
                0x000000000800e8f0       0xb0 Drivers/BSP/SensorTile/SensorTile_accelero.o
 .text.BSP_LSM6DSM_ACCELERO_Init
                0x000000000800e9a0       0xbc Drivers/BSP/SensorTile/SensorTile_accelero.o
 .text.BSP_ACCELERO_Init
                0x000000000800ea5c       0x50 Drivers/BSP/SensorTile/SensorTile_accelero.o
                0x000000000800ea5c                BSP_ACCELERO_Init
 .text.BSP_ACCELERO_Sensor_Enable
                0x000000000800eaac       0x20 Drivers/BSP/SensorTile/SensorTile_accelero.o
                0x000000000800eaac                BSP_ACCELERO_Sensor_Enable
 .text.BSP_ACCELERO_Sensor_Disable
                0x000000000800eacc       0x20 Drivers/BSP/SensorTile/SensorTile_accelero.o
                0x000000000800eacc                BSP_ACCELERO_Sensor_Disable
 .text.BSP_ACCELERO_Get_Axes
                0x000000000800eaec       0x24 Drivers/BSP/SensorTile/SensorTile_accelero.o
                0x000000000800eaec                BSP_ACCELERO_Get_Axes
 .text.BSP_ACCELERO_Get_Sensitivity
                0x000000000800eb10       0x24 Drivers/BSP/SensorTile/SensorTile_accelero.o
                0x000000000800eb10                BSP_ACCELERO_Get_Sensitivity
 .text.BSP_ACCELERO_Get_ODR
                0x000000000800eb34       0x24 Drivers/BSP/SensorTile/SensorTile_accelero.o
                0x000000000800eb34                BSP_ACCELERO_Get_ODR
 .text.BSP_ACCELERO_Set_ODR_Value
                0x000000000800eb58       0x20 Drivers/BSP/SensorTile/SensorTile_accelero.o
                0x000000000800eb58                BSP_ACCELERO_Set_ODR_Value
 .text.BSP_ACCELERO_Set_FS_Value
                0x000000000800eb78       0x20 Drivers/BSP/SensorTile/SensorTile_accelero.o
                0x000000000800eb78                BSP_ACCELERO_Set_FS_Value
 .text.BSP_ACCELERO_Enable_Free_Fall_Detection_Ext
                0x000000000800eb98       0x20 Drivers/BSP/SensorTile/SensorTile_accelero.o
                0x000000000800eb98                BSP_ACCELERO_Enable_Free_Fall_Detection_Ext
 .text.BSP_ACCELERO_Disable_Free_Fall_Detection_Ext
                0x000000000800ebb8       0x18 Drivers/BSP/SensorTile/SensorTile_accelero.o
                0x000000000800ebb8                BSP_ACCELERO_Disable_Free_Fall_Detection_Ext
 .text.BSP_ACCELERO_Set_Free_Fall_Threshold_Ext
                0x000000000800ebd0       0x18 Drivers/BSP/SensorTile/SensorTile_accelero.o
                0x000000000800ebd0                BSP_ACCELERO_Set_Free_Fall_Threshold_Ext
 .text.BSP_ACCELERO_Enable_Pedometer_Ext
                0x000000000800ebe8       0x20 Drivers/BSP/SensorTile/SensorTile_accelero.o
                0x000000000800ebe8                BSP_ACCELERO_Enable_Pedometer_Ext
 .text.BSP_ACCELERO_Disable_Pedometer_Ext
                0x000000000800ec08       0x18 Drivers/BSP/SensorTile/SensorTile_accelero.o
                0x000000000800ec08                BSP_ACCELERO_Disable_Pedometer_Ext
 .text.BSP_ACCELERO_Get_Step_Count_Ext
                0x000000000800ec20       0x28 Drivers/BSP/SensorTile/SensorTile_accelero.o
                0x000000000800ec20                BSP_ACCELERO_Get_Step_Count_Ext
 .text.BSP_ACCELERO_Reset_Step_Counter_Ext
                0x000000000800ec48       0x44 Drivers/BSP/SensorTile/SensorTile_accelero.o
                0x000000000800ec48                BSP_ACCELERO_Reset_Step_Counter_Ext
 .text.BSP_ACCELERO_Enable_Tilt_Detection_Ext
                0x000000000800ec8c       0x20 Drivers/BSP/SensorTile/SensorTile_accelero.o
                0x000000000800ec8c                BSP_ACCELERO_Enable_Tilt_Detection_Ext
 .text.BSP_ACCELERO_Disable_Tilt_Detection_Ext
                0x000000000800ecac       0x18 Drivers/BSP/SensorTile/SensorTile_accelero.o
                0x000000000800ecac                BSP_ACCELERO_Disable_Tilt_Detection_Ext
 .text.BSP_ACCELERO_Enable_Wake_Up_Detection_Ext
                0x000000000800ecc4       0x20 Drivers/BSP/SensorTile/SensorTile_accelero.o
                0x000000000800ecc4                BSP_ACCELERO_Enable_Wake_Up_Detection_Ext
 .text.BSP_ACCELERO_Disable_Wake_Up_Detection_Ext
                0x000000000800ece4       0x18 Drivers/BSP/SensorTile/SensorTile_accelero.o
                0x000000000800ece4                BSP_ACCELERO_Disable_Wake_Up_Detection_Ext
 .text.BSP_ACCELERO_Enable_Single_Tap_Detection_Ext
                0x000000000800ecfc       0x20 Drivers/BSP/SensorTile/SensorTile_accelero.o
                0x000000000800ecfc                BSP_ACCELERO_Enable_Single_Tap_Detection_Ext
 .text.BSP_ACCELERO_Disable_Single_Tap_Detection_Ext
                0x000000000800ed1c       0x18 Drivers/BSP/SensorTile/SensorTile_accelero.o
                0x000000000800ed1c                BSP_ACCELERO_Disable_Single_Tap_Detection_Ext
 .text.BSP_ACCELERO_Enable_Double_Tap_Detection_Ext
                0x000000000800ed34       0x20 Drivers/BSP/SensorTile/SensorTile_accelero.o
                0x000000000800ed34                BSP_ACCELERO_Enable_Double_Tap_Detection_Ext
 .text.BSP_ACCELERO_Disable_Double_Tap_Detection_Ext
                0x000000000800ed54       0x18 Drivers/BSP/SensorTile/SensorTile_accelero.o
                0x000000000800ed54                BSP_ACCELERO_Disable_Double_Tap_Detection_Ext
 .text.BSP_ACCELERO_Set_Tap_Threshold_Ext
                0x000000000800ed6c       0x18 Drivers/BSP/SensorTile/SensorTile_accelero.o
                0x000000000800ed6c                BSP_ACCELERO_Set_Tap_Threshold_Ext
 .text.BSP_ACCELERO_Enable_6D_Orientation_Ext
                0x000000000800ed84       0x20 Drivers/BSP/SensorTile/SensorTile_accelero.o
                0x000000000800ed84                BSP_ACCELERO_Enable_6D_Orientation_Ext
 .text.BSP_ACCELERO_Disable_6D_Orientation_Ext
                0x000000000800eda4       0x18 Drivers/BSP/SensorTile/SensorTile_accelero.o
                0x000000000800eda4                BSP_ACCELERO_Disable_6D_Orientation_Ext