ff.c:771:9:chk_lock	8	static
ff.c:808:6:inc_lock	16	static
ff.c:2904:5:get_ldnumber	8	static
ff.c:3216:9:validate	16	static
ff.c:693:6:mem_cpy.part.0	0	static
ff.c:883:9:sync_window.part.4	24	static
ff.c:944:9:sync_fs	16	static
ff.c:912:9:move_window.part.5	16	static
ff.c:2965:6:check_fs	8	static
ff.c:2993:9:find_volume	48	static
ff.c:1081:9:put_fat.part.7	32	static
ff.c:1001:7:get_fat.isra.8	24	static
ff.c:1470:9:dir_sdi	24	static
ff.c:1351:7:create_chain	24	static
ff.c:1271:9:remove_chain	24	static
ff.c:1519:9:dir_next	40	static
ff.c:2396:9:dir_remove	24	static
ff.c:2210:9:dir_find	64	static
ff.c:2813:9:follow_path	56	static
ff.c:2292:9:dir_register	80	static
ff.c:2444:6:get_fileinfo	24	static
ff.c:2131:9:dir_read.constprop	32	static
ff.c:3249:9:f_mount	24	static
ff.c:3297:9:f_open	104	static
ff.c:3500:9:f_read	56	static
ff.c:3600:9:f_write	56	static
ff.c:5906:6:putc_bfd	24	static
ff.c:5962:5:putc_flush	16	static
ff.c:3721:9:f_sync	24	static
ff.c:3802:9:f_close	24	static
ff.c:3990:9:f_lseek	48	static
ff.c:4151:9:f_opendir	32	static
ff.c:4221:9:f_closedir	24	static
ff.c:4254:9:f_readdir	32	static
ff.c:4342:9:f_stat	80	static
ff.c:4377:9:f_getfree	48	static
ff.c:4464:9:f_truncate	24	static
ff.c:4514:9:f_unlink	136	static
ff.c:4609:9:f_mkdir	128	static
ff.c:4706:9:f_rename	160	static
ff.c:5290:9:f_mkfs	88	static
ff.c:5819:8:f_gets	32	static
ff.c:5987:5:f_putc	88	static
ff.c:6007:5:f_puts	96	static
ff.c:6027:5:f_printf	148	static
