bluenrg_gap_aci_patch.c:52:12:aci_gap_init_IDB05A1	56	static
bluenrg_gap_aci_patch.c:86:12:aci_gap_init_IDB04A1	64	static
bluenrg_gap_aci_patch.c:118:12:aci_gap_set_non_discoverable	40	static
bluenrg_gap_aci_patch.c:135:12:aci_gap_set_limited_discoverable	104	static
bluenrg_gap_aci_patch.c:198:12:aci_gap_set_discoverable	104	static
bluenrg_gap_aci_patch.c:266:12:aci_gap_set_direct_connectable_IDB05A1	64	static
bluenrg_gap_aci_patch.c:295:12:aci_gap_set_direct_connectable_IDB04A1	56	static
bluenrg_gap_aci_patch.c:319:12:aci_gap_set_io_capability	40	static
bluenrg_gap_aci_patch.c:341:12:aci_gap_set_auth_requirement	80	static
bluenrg_gap_aci_patch.c:381:12:aci_gap_set_author_requirement	48	static
bluenrg_gap_aci_patch.c:404:12:aci_gap_pass_key_response	56	static
bluenrg_gap_aci_patch.c:428:12:aci_gap_authorization_response	48	static
bluenrg_gap_aci_patch.c:451:12:aci_gap_set_non_connectable_IDB05A1	48	static
bluenrg_gap_aci_patch.c:474:12:aci_gap_set_non_connectable_IDB04A1	40	static
bluenrg_gap_aci_patch.c:496:12:aci_gap_set_undirected_connectable	48	static
bluenrg_gap_aci_patch.c:519:12:aci_gap_slave_security_request	48	static
bluenrg_gap_aci_patch.c:545:12:aci_gap_update_adv_data	80	static
bluenrg_gap_aci_patch.c:575:12:aci_gap_delete_ad_type	40	static
bluenrg_gap_aci_patch.c:597:12:aci_gap_get_security_level	56	static
bluenrg_gap_aci_patch.c:626:12:aci_gap_configure_whitelist	40	static
bluenrg_gap_aci_patch.c:643:12:aci_gap_terminate	48	static
bluenrg_gap_aci_patch.c:667:12:aci_gap_clear_security_database	40	static
bluenrg_gap_aci_patch.c:684:12:aci_gap_allow_rebond_IDB05A1	48	static
bluenrg_gap_aci_patch.c:706:12:aci_gap_allow_rebond_IDB04A1	40	static
bluenrg_gap_aci_patch.c:723:12:aci_gap_start_limited_discovery_proc	56	static
bluenrg_gap_aci_patch.c:750:12:aci_gap_start_general_discovery_proc	56	static
bluenrg_gap_aci_patch.c:778:12:aci_gap_start_name_discovery_proc	88	static
bluenrg_gap_aci_patch.c:816:12:aci_gap_start_auto_conn_establish_proc_IDB05A1	192	static
bluenrg_gap_aci_patch.c:888:12:aci_gap_start_auto_conn_establish_proc_IDB04A1	192	static
bluenrg_gap_aci_patch.c:968:12:aci_gap_start_general_conn_establish_proc_IDB05A1	56	static
bluenrg_gap_aci_patch.c:996:12:aci_gap_start_general_conn_establish_proc_IDB04A1	64	static
bluenrg_gap_aci_patch.c:1026:12:aci_gap_start_selective_conn_establish_proc	184	static
bluenrg_gap_aci_patch.c:1061:12:aci_gap_create_connection	88	static
bluenrg_gap_aci_patch.c:1099:12:aci_gap_terminate_gap_procedure	48	static
bluenrg_gap_aci_patch.c:1119:12:aci_gap_start_connection_update	64	static
bluenrg_gap_aci_patch.c:1151:12:aci_gap_send_pairing_request	48	static
bluenrg_gap_aci_patch.c:1175:12:aci_gap_resolve_private_address_IDB05A1	56	static
bluenrg_gap_aci_patch.c:1203:12:aci_gap_resolve_private_address_IDB04A1	56	static
bluenrg_gap_aci_patch.c:1225:12:aci_gap_set_broadcast_mode	184	static
bluenrg_gap_aci_patch.c:1265:12:aci_gap_start_observation_procedure	56	static
bluenrg_gap_aci_patch.c:1293:12:aci_gap_is_device_bonded	56	static
bluenrg_gap_aci_patch.c:1316:12:aci_gap_get_bonded_devices	176	static
