SensorTile_pressure_patch.c:129:25:BSP_LPS22HB_PRESSURE_Init	32	static
SensorTile_pressure_patch.c:101:18:BSP_PRESSURE_Init	8	static
SensorTile_pressure_patch.c:221:18:BSP_PRESSURE_DeInit	16	static
SensorTile_pressure_patch.c:258:18:BSP_PRESSURE_Sensor_Enable	8	static
SensorTile_pressure_patch.c:292:18:BSP_PRESSURE_Sensor_Disable	8	static
SensorTile_pressure_patch.c:326:18:BSP_PRESSURE_IsInitialized	0	static
SensorTile_pressure_patch.c:353:18:BSP_PRESSURE_IsEnabled	0	static
SensorTile_pressure_patch.c:380:18:BSP_PRESSURE_IsCombo	0	static
SensorTile_pressure_patch.c:407:18:BSP_PRESSURE_Get_Instance	0	static
SensorTile_pressure_patch.c:435:18:BSP_PRESSURE_Get_WhoAmI	8	static
SensorTile_pressure_patch.c:472:18:BSP_PRESSURE_Check_WhoAmI	8	static
SensorTile_pressure_patch.c:506:18:BSP_PRESSURE_Get_Press	8	static
SensorTile_pressure_patch.c:544:18:BSP_PRESSURE_Get_ODR	8	static
SensorTile_pressure_patch.c:582:18:BSP_PRESSURE_Set_ODR	8	static
SensorTile_pressure_patch.c:616:18:BSP_PRESSURE_Set_ODR_Value	8	static
SensorTile_pressure_patch.c:650:18:BSP_PRESSURE_Read_Reg	8	static
SensorTile_pressure_patch.c:691:18:BSP_PRESSURE_Write_Reg	8	static
SensorTile_pressure_patch.c:726:18:BSP_PRESSURE_Get_DRDY_Status	8	static
SensorTile_pressure_patch.c:759:18:BSP_PRESSURE_Set_One_Shot	8	static
