SensorTile_temperature_patch.c:135:25:BSP_LPS22HB_TEMPERATURE_Init	32	static
SensorTile_temperature_patch.c:217:25:BSP_HTS221_TEMPERATURE_Init	16	static
SensorTile_temperature_patch.c:92:18:BSP_TEMPERATURE_Init	16	static
SensorTile_temperature_patch.c:276:18:BSP_TEMPERATURE_DeInit	16	static
SensorTile_temperature_patch.c:312:18:BSP_TEMPERATURE_Sensor_Enable	8	static
SensorTile_temperature_patch.c:346:18:BSP_TEMPERATURE_Sensor_Disable	8	static
SensorTile_temperature_patch.c:380:18:BSP_TEMPERATURE_IsInitialized	0	static
SensorTile_temperature_patch.c:407:18:BSP_TEMPERATURE_IsEnabled	0	static
SensorTile_temperature_patch.c:434:18:BSP_TEMPERATURE_IsCombo	0	static
SensorTile_temperature_patch.c:461:18:BSP_TEMPERATURE_Get_Instance	0	static
SensorTile_temperature_patch.c:489:18:BSP_TEMPERATURE_Get_WhoAmI	8	static
SensorTile_temperature_patch.c:526:18:BSP_TEMPERATURE_Check_WhoAmI	8	static
SensorTile_temperature_patch.c:560:18:BSP_TEMPERATURE_Get_Temp	8	static
SensorTile_temperature_patch.c:598:18:BSP_TEMPERATURE_Get_ODR	8	static
SensorTile_temperature_patch.c:636:18:BSP_TEMPERATURE_Set_ODR	8	static
SensorTile_temperature_patch.c:670:18:BSP_TEMPERATURE_Set_ODR_Value	8	static
SensorTile_temperature_patch.c:705:18:BSP_TEMPERATURE_Read_Reg	8	static
SensorTile_temperature_patch.c:745:18:BSP_TEMPERATURE_Write_Reg	8	static
SensorTile_temperature_patch.c:779:18:BSP_TEMPERATURE_Get_DRDY_Status	8	static
SensorTile_temperature_patch.c:812:18:BSP_TEMPERATURE_Set_One_Shot	8	static
