SensorTile_humidity_patch.c:119:25:BSP_HTS221_HUMIDITY_Init	16	static
SensorTile_humidity_patch.c:88:18:BSP_HUMIDITY_Init	8	static
SensorTile_humidity_patch.c:178:18:BSP_HUMIDITY_DeInit	16	static
SensorTile_humidity_patch.c:216:18:BSP_HUMIDITY_Sensor_Enable	8	static
SensorTile_humidity_patch.c:250:18:BSP_HUMIDITY_Sensor_Disable	8	static
SensorTile_humidity_patch.c:284:18:BSP_HUMIDITY_IsInitialized	0	static
SensorTile_humidity_patch.c:311:18:BSP_HUMIDITY_IsEnabled	0	static
SensorTile_humidity_patch.c:338:18:BSP_HUMIDITY_IsCombo	0	static
SensorTile_humidity_patch.c:365:18:BSP_HUMIDITY_Get_Instance	0	static
SensorTile_humidity_patch.c:393:18:BSP_HUMIDITY_Get_WhoAmI	8	static
SensorTile_humidity_patch.c:430:18:BSP_HUMIDITY_Check_WhoAmI	8	static
SensorTile_humidity_patch.c:464:18:BSP_HUMIDITY_Get_Hum	8	static
SensorTile_humidity_patch.c:502:18:BSP_HUMIDITY_Get_ODR	8	static
SensorTile_humidity_patch.c:542:18:BSP_HUMIDITY_Read_Reg	8	static
SensorTile_humidity_patch.c:583:18:BSP_HUMIDITY_Write_Reg	8	static
SensorTile_humidity_patch.c:618:18:BSP_HUMIDITY_Get_DRDY_Status	8	static
SensorTile_humidity_patch.c:650:18:BSP_HUMIDITY_Set_ODR	8	static
SensorTile_humidity_patch.c:684:18:BSP_HUMIDITY_Set_ODR_Value	8	static
SensorTile_humidity_patch.c:716:18:BSP_HUMIDITY_Set_One_Shot	8	static
